<html>
<body>
<pre>
<h1>礦ision Build Log</h1>
<h2>Project:</h2>
G:\项目\Rolbot\loobot设计文件\Loobot-Stm32\program-protocol2\USER\wawa1.uvproj
Project File Date:  12/31/2015

<h2>Output:</h2>
Build target 'wawa1'
compiling main.c...
main.c(15): warning:  #161-D: unrecognized #pragma
main.c:   #pragma message("Debug macro activated!")
main.c:           ^
main.c(254): warning:  #223-D: function "delay_init" declared implicitly
main.c:         delay_init();
main.c:         ^
main.c(265): warning:  #223-D: function "delay_ms" declared implicitly
main.c:         for(i=0;i<3;i++)delay_ms(1000);
main.c:                         ^
main.c(250): warning:  #177-D: variable "j" was declared but never referenced
main.c:         u16 i=0,j=0;
main.c:                 ^
main.c(559): warning:  #223-D: function "delay_ms" declared implicitly
main.c:             delay_ms(350);for(i=0;i<100;i++)    Stablization(); 
main.c:             ^
main.c(755): warning:  #223-D: function "abs" declared implicitly
main.c:                 while(abs(CurPosM-PWM_avg)>10)Stablization();
main.c:                       ^
main.c: main.c: 6 warnings, 0 errors
linking...
Program Size: Code=25172 RO-data=788 RW-data=108 ZI-data=1748  
FromELF: creating hex file...
"..\OBJ\servo.axf" - 0 Error(s), 6 Warning(s).
