<html>
<body>
<pre>
<h1>礦ision Build Log</h1>
<h2>Project:</h2>
H:\F_data\外包\本科毕业设计制作\2017届\，，，，，-天线转台\项目开发\servo\USER\wawa1.uvprojx
Project File Date:  04/23/2017

<h2>Output:</h2>
Build target 'wawa1'
compiling main.c...
key.h(37): warning:  #1-D: last line of file ends without a newline
  #endif
main.c(199): warning:  #177-D: variable "newBottomPwm" was declared but never referenced
        u16 newBottomPwm = 0;
main.c(202): warning:  #177-D: variable "balanceMode" was declared but never referenced
        u16 balanceMode = 0;
main.c(203): warning:  #177-D: variable "blockTimes" was declared but never referenced
        u16 blockTimes = 0;//avoid blocking while rotating      
main.c: 4 warnings, 0 errors
linking...
Program Size: Code=7656 RO-data=1036 RW-data=248 ZI-data=1176  
FromELF: creating hex file...
"..\OBJ\wawa_servo.axf" - 0 Error(s), 4 Warning(s).

<h2>Software Packages used:</h2>

Package Vendor: ARM
                http://www.keil.com/pack/ARM.CMSIS.3.20.4.pack
                ARM::CMSIS:CORE:3.20.0
                Cortex Microcontroller Software Interface Standard (CMSIS) CORE, DSP, RTOS, Driver
   * Component: CORE Version: 3.20.0

<h2>Collection of Component include folders:</h2>
  H:\F_data\外包\本科毕业设计制作\2017届\，，，，，-天线转台\项目开发\servo\USER\RTE
  D:\MDK5\Keil_v5\ARM\PACK\ARM\CMSIS\3.20.4\CMSIS\Include
  D:\MDK5\Keil_v5\ARM\PACK\Keil\STM32F1xx_DFP\1.0.4\Device\Include

<h2>Collection of Component Files used:</h2>

   * Component: ARM::CMSIS:CORE:3.20.0
</pre>
</body>
</html>
e\Include

<h2>Collection of Component Files used:</h2>

   * Component: ARM::CMSIS:CORE:3.20.0
are Interface Standard (CMSIS) CORE, DSP, RTOS, Driver
   * Component: CORE Version: 3.20.0

<h2>Collection of Component include folders:</h2>
  H:\F_data\外包\本科毕业设计制作\2017届\，，，，，-天线转台\项目开发\servo\USER\RTE
  D:\MDK5\Keil_v5\ARM\PACK\ARM\CMSIS\3.20.4\CMSIS\Include
  D:\MDK5\Keil_v5\ARM\PACK\Keil\STM32F1xx_DFP\1.0.4\Device\Include

<h2>Collection of Component Files used:</h2>

   * Component: ARM::CMSIS:CORE:3.20.0
rtup_stm32f10x_md.s...
compiling stm32f10x_gpio.c...
compiling stm32f10x_tim.c...
compiling stm32f10x_rcc.c...
compiling stm32f10x_usart.c...
compiling misc.c...
compiling print_redirect_function.c...
PrintForDebug\print_redirect_function.c(20): warning:  #1-D: last line of file ends without a newline
  }
PrintForDebug\print_redirect_function.c: 1 warning, 0 errors
linking...
Program Size: Code=5696 RO-data=268 RW-data=156 ZI-data=1172  
FromELF: creating hex file...
"..\OBJ\wawa_servo.axf" - 0 Error(s), 12 Warning(s).

<h2>Software Packages used:</h2>

Package Vendor: ARM
                http://www.keil.com/pack/ARM.CMSIS.3.20.4.pack
                ARM::CMSIS:CORE:3.20.0
                Cortex Microcontroller Software Interface Standard (CMSIS) CORE, DSP, RTOS, Driver
   * Component: CORE Version: 3.20.0

<h2>Collection of Component include folders:</h2>
  H:\F_data\外包\本科毕业设计制作\2017届\，，，，，-天线转台\项目开发\servo\USER\RTE
  D:\MDK5\Keil_v5\ARM\PACK\ARM\CMSIS\3.20.4\CMSIS\Include
  D:\MDK5\Keil_v5\ARM\PACK\Keil\STM32F1xx_DFP\1.0.4\Device\Include

<h2>Collection of Component Files used:</h2>

   * Component: ARM::CMSIS:CORE:3.20.0
