Component: ARM Compiler 5.05 update 1 (build 106) Tool: armlink [4d0efa]

==============================================================================

Section Cross References

    main.o(i.Cmd2Interpret) refers to main.o(i.resetModeRun) for resetModeRun
    main.o(i.Cmd2Interpret) refers to main.o(i.bodyYesModeRun) for bodyYesModeRun
    main.o(i.Cmd2Interpret) refers to main.o(i.headNoModeRun) for headNoModeRun
    main.o(i.Cmd2Interpret) refers to main.o(i.enterSleepRun) for enterSleepRun
    main.o(i.Cmd2Interpret) refers to main.o(i.frontBackModeRun) for frontBackModeRun
    main.o(i.Cmd2Interpret) refers to main.o(i.leftRightModeRun) for leftRightModeRun
    main.o(i.Cmd2Interpret) refers to main.o(i.moveLeftModeRun) for moveLeftModeRun
    main.o(i.Cmd2Interpret) refers to main.o(i.moveRightModeRun) for moveRightModeRun
    main.o(i.Cmd2Interpret) refers to main.o(i.moveFrontModeRun) for moveFrontModeRun
    main.o(i.Cmd2Interpret) refers to main.o(i.moveBackModeRun) for moveBackModeRun
    main.o(i.Cmd2Interpret) refers to main.o(i.swingCircleModeRun) for swingCircleModeRun
    main.o(i.Cmd2Interpret) refers to main.o(i.rollLeftRightModeRun) for rollLeftRightModeRun
    main.o(i.Cmd2Interpret) refers to main.o(i.headSlowlyAroundModeRun) for headSlowlyAroundModeRun
    main.o(i.Cmd2Interpret) refers to main.o(i.feelWrongedModeRun) for feelWrongedModeRun
    main.o(i.Cmd2Interpret) refers to main.o(.data) for curCmdType2Value
    main.o(i.RCC_Configuration) refers to stm32f10x_rcc.o(i.RCC_DeInit) for RCC_DeInit
    main.o(i.RCC_Configuration) refers to stm32f10x_rcc.o(i.RCC_HSICmd) for RCC_HSICmd
    main.o(i.RCC_Configuration) refers to stm32f10x_rcc.o(i.RCC_GetFlagStatus) for RCC_GetFlagStatus
    main.o(i.RCC_Configuration) refers to stm32f10x_rcc.o(i.RCC_HCLKConfig) for RCC_HCLKConfig
    main.o(i.RCC_Configuration) refers to stm32f10x_rcc.o(i.RCC_PCLK2Config) for RCC_PCLK2Config
    main.o(i.RCC_Configuration) refers to stm32f10x_rcc.o(i.RCC_PCLK1Config) for RCC_PCLK1Config
    main.o(i.RCC_Configuration) refers to stm32f10x_rcc.o(i.RCC_PLLConfig) for RCC_PLLConfig
    main.o(i.RCC_Configuration) refers to stm32f10x_rcc.o(i.RCC_PLLCmd) for RCC_PLLCmd
    main.o(i.RCC_Configuration) refers to stm32f10x_rcc.o(i.RCC_SYSCLKConfig) for RCC_SYSCLKConfig
    main.o(i.RCC_Configuration) refers to stm32f10x_rcc.o(i.RCC_GetSYSCLKSource) for RCC_GetSYSCLKSource
    main.o(i.avoidKnock) refers to main.o(i.getBottomAdjustPwmByImu) for getBottomAdjustPwmByImu
    main.o(i.avoidKnock) refers to imu.o(.data) for newImuData
    main.o(i.avoidKnock) refers to main.o(.data) for bottomCurPos
    main.o(i.bodyYesModeRun) refers to servo.o(i.bottomServoSpeedGo) for bottomServoSpeedGo
    main.o(i.bodyYesModeRun) refers to main.o(.data) for curCmdType2CmdIndex
    main.o(i.bodyYesStatus) refers to main.o(.data) for curCmdType2CmdIndex
    main.o(i.enterSleepRun) refers to imu.o(i.imuUartDisable) for imuUartDisable
    main.o(i.feelWrongedModeRun) refers to servo.o(i.bottomServoSpeedGo) for bottomServoSpeedGo
    main.o(i.feelWrongedModeRun) refers to servo.o(i.headServoSpeedGo) for headServoSpeedGo
    main.o(i.feelWrongedModeRun) refers to main.o(.data) for curCmdType2CmdIndex
    main.o(i.feelWrongedStatus) refers to main.o(.data) for curCmdType2CmdIndex
    main.o(i.feelWrongedStatus) refers to servo.o(.data) for headReached
    main.o(i.fputc) refers to stm32f10x_usart.o(i.USART_SendData) for USART_SendData
    main.o(i.frontBackModeRun) refers to servo.o(i.bottomServoSpeedGo) for bottomServoSpeedGo
    main.o(i.frontBackModeRun) refers to main.o(.data) for curCmdType2CmdIndex
    main.o(i.frontBackStatus) refers to main.o(.data) for curCmdType2CmdIndex
    main.o(i.getBottomAdjustPwmByImu) refers to fflti.o(.text) for __aeabi_i2f
    main.o(i.getBottomAdjustPwmByImu) refers to fmul.o(.text) for __aeabi_fmul
    main.o(i.getBottomAdjustPwmByImu) refers to ffixui.o(.text) for __aeabi_f2uiz
    main.o(i.getBottomAdjustPwmByImu) refers to imu.o(.data) for angleSpeed
    main.o(i.getBottomAdjustPwmByImu) refers to main.o(.data) for subSpeedRate
    main.o(i.getCurModeStatus) refers to main.o(i.resetModeStatus) for resetModeStatus
    main.o(i.getCurModeStatus) refers to main.o(i.bodyYesStatus) for bodyYesStatus
    main.o(i.getCurModeStatus) refers to main.o(i.headNoStatus) for headNoStatus
    main.o(i.getCurModeStatus) refers to main.o(i.frontBackStatus) for frontBackStatus
    main.o(i.getCurModeStatus) refers to main.o(i.leftRightStatus) for leftRightStatus
    main.o(i.getCurModeStatus) refers to main.o(i.moveLeftStatus) for moveLeftStatus
    main.o(i.getCurModeStatus) refers to main.o(i.moveRightStatus) for moveRightStatus
    main.o(i.getCurModeStatus) refers to main.o(i.moveFrontStatus) for moveFrontStatus
    main.o(i.getCurModeStatus) refers to main.o(i.moveBackStatus) for moveBackStatus
[...]
    printf6.o(i._printf_core) refers to uidiv.o(.text) for __aeabi_uidivmod
    printf6.o(i._printf_core) refers to printf6.o(i._printf_post_padding) for _printf_post_padding
    printf7.o(i.__0fprintf$7) refers to printf7.o(i._printf_core) for _printf_core
    printf7.o(i.__0fprintf$7) refers to main.o(i.fputc) for fputc
    printf7.o(i.__0printf$7) refers to printf7.o(i._printf_core) for _printf_core
    printf7.o(i.__0printf$7) refers to main.o(i.fputc) for fputc
    printf7.o(i.__0printf$7) refers to stdout.o(.data) for __stdout
    printf7.o(i.__0snprintf$7) refers to printf7.o(i._printf_core) for _printf_core
    printf7.o(i.__0snprintf$7) refers to printf7.o(i._snputc) for _snputc
    printf7.o(i.__0sprintf$7) refers to printf7.o(i._printf_core) for _printf_core
    printf7.o(i.__0sprintf$7) refers to printf7.o(i._sputc) for _sputc
    printf7.o(i.__0vfprintf$7) refers to printf7.o(i._printf_core) for _printf_core
    printf7.o(i.__0vfprintf$7) refers to main.o(i.fputc) for fputc
    printf7.o(i.__0vprintf$7) refers to printf7.o(i._printf_core) for _printf_core
    printf7.o(i.__0vprintf$7) refers to main.o(i.fputc) for fputc
    printf7.o(i.__0vprintf$7) refers to stdout.o(.data) for __stdout
    printf7.o(i.__0vsnprintf$7) refers to printf7.o(i._printf_core) for _printf_core
    printf7.o(i.__0vsnprintf$7) refers to printf7.o(i._snputc) for _snputc
    printf7.o(i.__0vsprintf$7) refers to printf7.o(i._printf_core) for _printf_core
    printf7.o(i.__0vsprintf$7) refers to printf7.o(i._sputc) for _sputc
    printf7.o(i._printf_core) refers to printf7.o(i._printf_pre_padding) for _printf_pre_padding
    printf7.o(i._printf_core) refers to uldiv.o(.text) for __aeabi_uldivmod
    printf7.o(i._printf_core) refers to printf7.o(i._printf_post_padding) for _printf_post_padding
    printf8.o(i.__0fprintf$8) refers to printf8.o(i._printf_core) for _printf_core
    printf8.o(i.__0fprintf$8) refers to main.o(i.fputc) for fputc
    printf8.o(i.__0printf$8) refers to printf8.o(i._printf_core) for _printf_core
    printf8.o(i.__0printf$8) refers to main.o(i.fputc) for fputc
    printf8.o(i.__0printf$8) refers to stdout.o(.data) for __stdout
    printf8.o(i.__0snprintf$8) refers to printf8.o(i._printf_core) for _printf_core
    printf8.o(i.__0snprintf$8) refers to printf8.o(i._snputc) for _snputc
    printf8.o(i.__0sprintf$8) refers to printf8.o(i._printf_core) for _printf_core
    printf8.o(i.__0sprintf$8) refers to printf8.o(i._sputc) for _sputc
    printf8.o(i.__0vfprintf$8) refers to printf8.o(i._printf_core) for _printf_core
    printf8.o(i.__0vfprintf$8) refers to main.o(i.fputc) for fputc
    printf8.o(i.__0vprintf$8) refers to printf8.o(i._printf_core) for _printf_core
    printf8.o(i.__0vprintf$8) refers to main.o(i.fputc) for fputc
    printf8.o(i.__0vprintf$8) refers to stdout.o(.data) for __stdout
    printf8.o(i.__0vsnprintf$8) refers to printf8.o(i._printf_core) for _printf_core
    printf8.o(i.__0vsnprintf$8) refers to printf8.o(i._snputc) for _snputc
    printf8.o(i.__0vsprintf$8) refers to printf8.o(i._printf_core) for _printf_core
    printf8.o(i.__0vsprintf$8) refers to printf8.o(i._sputc) for _sputc
    printf8.o(i._printf_core) refers to printf8.o(i._printf_pre_padding) for _printf_pre_padding
    printf8.o(i._printf_core) refers to uldiv.o(.text) for __aeabi_uldivmod
    printf8.o(i._printf_core) refers to printf8.o(i._printf_post_padding) for _printf_post_padding
    printfa.o(i.__0fprintf) refers (Special) to iusefp.o(.text) for __I$use$fp
    printfa.o(i.__0fprintf) refers to printfa.o(i._printf_core) for _printf_core
    printfa.o(i.__0fprintf) refers to main.o(i.fputc) for fputc
    printfa.o(i.__0printf) refers (Special) to iusefp.o(.text) for __I$use$fp
    printfa.o(i.__0printf) refers to printfa.o(i._printf_core) for _printf_core
    printfa.o(i.__0printf) refers to main.o(i.fputc) for fputc
    printfa.o(i.__0printf) refers to stdout.o(.data) for __stdout
    printfa.o(i.__0snprintf) refers (Special) to iusefp.o(.text) for __I$use$fp
    printfa.o(i.__0snprintf) refers to printfa.o(i._printf_core) for _printf_core
    printfa.o(i.__0snprintf) refers to printfa.o(i._snputc) for _snputc
    printfa.o(i.__0sprintf) refers (Special) to iusefp.o(.text) for __I$use$fp
    printfa.o(i.__0sprintf) refers to printfa.o(i._printf_core) for _printf_core
    printfa.o(i.__0sprintf) refers to printfa.o(i._sputc) for _sputc
    printfa.o(i.__0vfprintf) refers (Special) to iusefp.o(.text) for __I$use$fp
    printfa.o(i.__0vfprintf) refers to printfa.o(i._printf_core) for _printf_core
    printfa.o(i.__0vfprintf) refers to main.o(i.fputc) for fputc
    printfa.o(i.__0vprintf) refers (Special) to iusefp.o(.text) for __I$use$fp
    printfa.o(i.__0vprintf) refers to printfa.o(i._printf_core) for _printf_core
    printfa.o(i.__0vprintf) refers to main.o(i.fputc) for fputc
    printfa.o(i.__0vprintf) refers to stdout.o(.data) for __stdout
    printfa.o(i.__0vsnprintf) refers (Special) to iusefp.o(.text) for __I$use$fp
    printfa.o(i.__0vsnprintf) refers to printfa.o(i._printf_core) for _printf_core
    printfa.o(i.__0vsnprintf) refers to printfa.o(i._snputc) for _snputc
    printfa.o(i.__0vsprintf) refers (Special) to iusefp.o(.text) for __I$use$fp
    printfa.o(i.__0vsprintf) refers to printfa.o(i._printf_core) for _printf_core
    printfa.o(i.__0vsprintf) refers to printfa.o(i._sputc) for _sputc
    printfa.o(i._fp_digits) refers (Special) to iusefp.o(.text) for __I$use$fp
    printfa.o(i._fp_digits) refers to dmul.o(.text) for __aeabi_dmul
    printfa.o(i._fp_digits) refers to ddiv.o(.text) for __aeabi_ddiv
    printfa.o(i._fp_digits) refers to cdrcmple.o(.text) for __aeabi_cdrcmple
    printfa.o(i._fp_digits) refers to dadd.o(.text) for __aeabi_dadd
    printfa.o(i._fp_digits) refers to dfixul.o(.text) for __aeabi_d2ulz
    printfa.o(i._fp_digits) refers to uldiv.o(.text) for __aeabi_uldivmod
    printfa.o(i._printf_core) refers (Special) to iusefp.o(.text) for __I$use$fp
    printfa.o(i._printf_core) refers to printfa.o(i._printf_pre_padding) for _printf_pre_padding
    printfa.o(i._printf_core) refers to uldiv.o(.text) for __aeabi_uldivmod
    printfa.o(i._printf_core) refers to printfa.o(i._printf_post_padding) for _printf_post_padding
    printfa.o(i._printf_core) refers to printfa.o(i._fp_digits) for _fp_digits
    printfa.o(i._printf_core) refers to uidiv.o(.text) for __aeabi_uidivmod
    printfa.o(i._printf_post_padding) refers (Special) to iusefp.o(.text) for __I$use$fp
    printfa.o(i._printf_pre_padding) refers (Special) to iusefp.o(.text) for __I$use$fp
    printfa.o(i._snputc) refers (Special) to iusefp.o(.text) for __I$use$fp
    printfa.o(i._sputc) refers (Special) to iusefp.o(.text) for __I$use$fp
    fmul.o(.text) refers (Special) to iusefp.o(.text) for __I$use$fp
    dmul.o(.text) refers (Special) to iusefp.o(.text) for __I$use$fp
    dmul.o(.text) refers to depilogue.o(.text) for _double_epilogue
    ddiv.o(.text) refers (Special) to iusefp.o(.text) for __I$use$fp
    ddiv.o(.text) refers to depilogue.o(.text) for _double_round
    fflti.o(.text) refers (Special) to iusefp.o(.text) for __I$use$fp
    fflti.o(.text) refers to fepilogue.o(.text) for _float_epilogue
    dflti.o(.text) refers (Special) to iusefp.o(.text) for __I$use$fp
    dflti.o(.text) refers to depilogue.o(.text) for _double_epilogue
    ffixui.o(.text) refers (Special) to iusefp.o(.text) for __I$use$fp
    dfixi.o(.text) refers (Special) to iusefp.o(.text) for __I$use$fp
    dfixi.o(.text) refers to llushr.o(.text) for __aeabi_llsr
    dunder.o(i.__mathlib_dbl_divzero) refers to ddiv.o(.text) for __aeabi_ddiv
    dunder.o(i.__mathlib_dbl_infnan) refers to dscalb.o(.text) for __ARM_scalbn
    dunder.o(i.__mathlib_dbl_infnan2) refers to dadd.o(.text) for __aeabi_dadd
    dunder.o(i.__mathlib_dbl_invalid) refers to ddiv.o(.text) for __aeabi_ddiv
    dunder.o(i.__mathlib_dbl_overflow) refers to dscalb.o(.text) for __ARM_scalbn
    dunder.o(i.__mathlib_dbl_posinfnan) refers to dmul.o(.text) for __aeabi_dmul
    dunder.o(i.__mathlib_dbl_underflow) refers to dscalb.o(.text) for __ARM_scalbn
    fpclassify.o(i.__ARM_fpclassify) refers (Special) to iusefp.o(.text) for __I$use$fp
    poly.o(i.__kernel_poly) refers (Special) to iusefp.o(.text) for __I$use$fp
    poly.o(i.__kernel_poly) refers to dmul.o(.text) for __aeabi_dmul
    poly.o(i.__kernel_poly) refers to dadd.o(.text) for __aeabi_dadd
    entry2.o(.ARM.Collect$$$$00000001) refers to entry2.o(.ARM.Collect$$$$00002712) for __lit__00000000
    entry2.o(.ARM.Collect$$$$00002712) refers to startup_stm32f10x_md.o(STACK) for __initial_sp
    entry2.o(__vectab_stack_and_reset_area) refers to startup_stm32f10x_md.o(STACK) for __initial_sp
    entry2.o(__vectab_stack_and_reset_area) refers to entry.o(.ARM.Collect$$$$00000000) for __main
    entry5.o(.ARM.Collect$$$$00000004) refers to init.o(.text) for __scatterload
    entry9a.o(.ARM.Collect$$$$0000000B) refers to main.o(i.main) for main
    entry9b.o(.ARM.Collect$$$$0000000C) refers to main.o(i.main) for main
    uldiv.o(.text) refers to llushr.o(.text) for __aeabi_llsr
    uldiv.o(.text) refers to llshl.o(.text) for __aeabi_llsl
    depilogue.o(.text) refers to llshl.o(.text) for __aeabi_llsl
    depilogue.o(.text) refers to llushr.o(.text) for __aeabi_llsr
    dadd.o(.text) refers to llshl.o(.text) for __aeabi_llsl
    dadd.o(.text) refers to llsshr.o(.text) for __aeabi_lasr
    dadd.o(.text) refers to depilogue.o(.text) for _double_epilogue
    dfixul.o(.text) refers to llushr.o(.text) for __aeabi_llsr
    dfixul.o(.text) refers to llshl.o(.text) for __aeabi_llsl
    init.o(.text) refers to entry5.o(.ARM.Collect$$$$00000004) for __main_after_scatterload


==============================================================================

Removing Unused input sections from the image.

    Removing main.o(i.GetKey), (32 bytes).
    Removing main.o(i.getMiddlePwmByImu), (56 bytes).
    Removing main.o(i.shakeModeRun), (56 bytes).
    Removing main.o(i.standBalance), (580 bytes).
    Removing system_stm32f10x.o(i.SystemCoreClockUpdate), (164 bytes).
    Removing audio.o(i.delay), (30 bytes).
    Removing audio.o(i.power_led_control), (88 bytes).
    Removing audio.o(i.power_off), (20 bytes).
    Removing comunicate.o(i.bluetoothUartDisable), (16 bytes).
    Removing stm32f10x_dma.o(i.DMA_GetFlagStatus), (44 bytes).
    Removing stm32f10x_dma.o(i.DMA_SetCurrDataCounter), (4 bytes).
    Removing stm32f10x_dma.o(i.DMA_StructInit), (26 bytes).
    Removing core_cm3.o(.emb_text), (32 bytes).
    Removing startup_stm32f10x_md.o(HEAP), (512 bytes).
    Removing stm32f10x_gpio.o(i.GPIO_AFIODeInit), (20 bytes).
    Removing stm32f10x_gpio.o(i.GPIO_DeInit), (200 bytes).
    Removing stm32f10x_gpio.o(i.GPIO_ETH_MediaInterfaceConfig), (12 bytes).
    Removing stm32f10x_gpio.o(i.GPIO_EXTILineConfig), (64 bytes).
    Removing stm32f10x_gpio.o(i.GPIO_EventOutputCmd), (12 bytes).
    Removing stm32f10x_gpio.o(i.GPIO_EventOutputConfig), (32 bytes).
    Removing stm32f10x_gpio.o(i.GPIO_PinLockConfig), (18 bytes).
    Removing stm32f10x_gpio.o(i.GPIO_PinRemapConfig), (144 bytes).
    Removing stm32f10x_gpio.o(i.GPIO_ReadInputData), (8 bytes).
    Removing stm32f10x_gpio.o(i.GPIO_ReadInputDataBit), (18 bytes).
    Removing stm32f10x_gpio.o(i.GPIO_ReadOutputData), (8 bytes).
    Removing stm32f10x_gpio.o(i.GPIO_ReadOutputDataBit), (18 bytes).
    Removing stm32f10x_gpio.o(i.GPIO_ResetBits), (4 bytes).
    Removing stm32f10x_gpio.o(i.GPIO_StructInit), (16 bytes).
    Removing stm32f10x_gpio.o(i.GPIO_Write), (4 bytes).
    Removing stm32f10x_gpio.o(i.GPIO_WriteBit), (10 bytes).
    Removing stm32f10x_tim.o(i.TI1_Config), (128 bytes).
    Removing stm32f10x_tim.o(i.TI2_Config), (152 bytes).
    Removing stm32f10x_tim.o(i.TI3_Config), (144 bytes).
    Removing stm32f10x_tim.o(i.TI4_Config), (152 bytes).
    Removing stm32f10x_tim.o(i.TIM_BDTRConfig), (32 bytes).
    Removing stm32f10x_tim.o(i.TIM_BDTRStructInit), (18 bytes).
    Removing stm32f10x_tim.o(i.TIM_CCPreloadControl), (24 bytes).
    Removing stm32f10x_tim.o(i.TIM_CCxCmd), (30 bytes).
    Removing stm32f10x_tim.o(i.TIM_CCxNCmd), (30 bytes).
    Removing stm32f10x_tim.o(i.TIM_ClearFlag), (6 bytes).
    Removing stm32f10x_tim.o(i.TIM_ClearOC1Ref), (18 bytes).
    Removing stm32f10x_tim.o(i.TIM_ClearOC2Ref), (24 bytes).
    Removing stm32f10x_tim.o(i.TIM_ClearOC3Ref), (18 bytes).
    Removing stm32f10x_tim.o(i.TIM_ClearOC4Ref), (24 bytes).
    Removing stm32f10x_tim.o(i.TIM_CounterModeConfig), (18 bytes).
    Removing stm32f10x_tim.o(i.TIM_CtrlPWMOutputs), (30 bytes).
    Removing stm32f10x_tim.o(i.TIM_DMACmd), (18 bytes).
    Removing stm32f10x_tim.o(i.TIM_DMAConfig), (10 bytes).
    Removing stm32f10x_tim.o(i.TIM_DeInit), (488 bytes).
    Removing stm32f10x_tim.o(i.TIM_ETRClockMode1Config), (54 bytes).
    Removing stm32f10x_tim.o(i.TIM_ETRClockMode2Config), (32 bytes).
    Removing stm32f10x_tim.o(i.TIM_ETRConfig), (28 bytes).
    Removing stm32f10x_tim.o(i.TIM_EncoderInterfaceConfig), (66 bytes).
    Removing stm32f10x_tim.o(i.TIM_ForcedOC1Config), (18 bytes).
    Removing stm32f10x_tim.o(i.TIM_ForcedOC2Config), (26 bytes).
    Removing stm32f10x_tim.o(i.TIM_ForcedOC3Config), (18 bytes).
    Removing stm32f10x_tim.o(i.TIM_ForcedOC4Config), (26 bytes).
    Removing stm32f10x_tim.o(i.TIM_GenerateEvent), (4 bytes).
    Removing stm32f10x_tim.o(i.TIM_GetCapture3), (6 bytes).
    Removing stm32f10x_tim.o(i.TIM_GetCapture4), (8 bytes).
    Removing stm32f10x_tim.o(i.TIM_GetFlagStatus), (18 bytes).
    Removing stm32f10x_tim.o(i.TIM_GetPrescaler), (6 bytes).
    Removing stm32f10x_tim.o(i.TIM_ICInit), (172 bytes).
    Removing stm32f10x_tim.o(i.TIM_ICStructInit), (18 bytes).
    Removing stm32f10x_tim.o(i.TIM_ITRxExternalClockConfig), (24 bytes).
    Removing stm32f10x_tim.o(i.TIM_InternalClockConfig), (12 bytes).
    Removing stm32f10x_tim.o(i.TIM_OC1FastConfig), (18 bytes).
    Removing stm32f10x_tim.o(i.TIM_OC1NPolarityConfig), (18 bytes).
    Removing stm32f10x_tim.o(i.TIM_OC1PolarityConfig), (18 bytes).
    Removing stm32f10x_tim.o(i.TIM_OC2FastConfig), (26 bytes).
    Removing stm32f10x_tim.o(i.TIM_OC2NPolarityConfig), (26 bytes).
    Removing stm32f10x_tim.o(i.TIM_OC2PolarityConfig), (26 bytes).
    Removing stm32f10x_tim.o(i.TIM_OC3FastConfig), (18 bytes).
    Removing stm32f10x_tim.o(i.TIM_OC3NPolarityConfig), (26 bytes).
    Removing stm32f10x_tim.o(i.TIM_OC3PolarityConfig), (26 bytes).
    Removing stm32f10x_tim.o(i.TIM_OC4FastConfig), (26 bytes).
    Removing stm32f10x_tim.o(i.TIM_OC4Init), (124 bytes).
    Removing stm32f10x_tim.o(i.TIM_OC4PolarityConfig), (26 bytes).
    Removing stm32f10x_tim.o(i.TIM_OC4PreloadConfig), (26 bytes).
    Removing stm32f10x_tim.o(i.TIM_OCStructInit), (20 bytes).
    Removing stm32f10x_tim.o(i.TIM_PWMIConfig), (124 bytes).
    Removing stm32f10x_tim.o(i.TIM_PrescalerConfig), (6 bytes).
    Removing stm32f10x_tim.o(i.TIM_SelectCCDMA), (24 bytes).
    Removing stm32f10x_tim.o(i.TIM_SelectCOM), (24 bytes).
    Removing stm32f10x_tim.o(i.TIM_SelectHallSensor), (24 bytes).
    Removing stm32f10x_tim.o(i.TIM_SelectInputTrigger), (18 bytes).
    Removing stm32f10x_tim.o(i.TIM_SelectMasterSlaveMode), (18 bytes).
    Removing stm32f10x_tim.o(i.TIM_SelectOCxM), (82 bytes).
    Removing stm32f10x_tim.o(i.TIM_SelectOnePulseMode), (18 bytes).
    Removing stm32f10x_tim.o(i.TIM_SelectOutputTrigger), (18 bytes).
    Removing stm32f10x_tim.o(i.TIM_SelectSlaveMode), (18 bytes).
    Removing stm32f10x_tim.o(i.TIM_SetAutoreload), (4 bytes).
    Removing stm32f10x_tim.o(i.TIM_SetClockDivision), (18 bytes).
    Removing stm32f10x_tim.o(i.TIM_SetCompare4), (6 bytes).
    Removing stm32f10x_tim.o(i.TIM_SetIC1Prescaler), (18 bytes).
    Removing stm32f10x_tim.o(i.TIM_SetIC2Prescaler), (26 bytes).
    Removing stm32f10x_tim.o(i.TIM_SetIC3Prescaler), (18 bytes).
    Removing stm32f10x_tim.o(i.TIM_SetIC4Prescaler), (26 bytes).
    Removing stm32f10x_tim.o(i.TIM_TIxExternalClockConfig), (62 bytes).
    Removing stm32f10x_tim.o(i.TIM_TimeBaseStructInit), (18 bytes).
    Removing stm32f10x_tim.o(i.TIM_UpdateDisableConfig), (24 bytes).
    Removing stm32f10x_tim.o(i.TIM_UpdateRequestConfig), (24 bytes).
    Removing stm32f10x_rcc.o(i.RCC_ADCCLKConfig), (24 bytes).
    Removing stm32f10x_rcc.o(i.RCC_APB1PeriphResetCmd), (32 bytes).
    Removing stm32f10x_rcc.o(i.RCC_APB2PeriphResetCmd), (32 bytes).
    Removing stm32f10x_rcc.o(i.RCC_AdjustHSICalibrationValue), (24 bytes).
    Removing stm32f10x_rcc.o(i.RCC_BackupResetCmd), (12 bytes).
    Removing stm32f10x_rcc.o(i.RCC_ClearFlag), (20 bytes).
    Removing stm32f10x_rcc.o(i.RCC_ClearITPendingBit), (12 bytes).
    Removing stm32f10x_rcc.o(i.RCC_ClockSecuritySystemCmd), (12 bytes).
    Removing stm32f10x_rcc.o(i.RCC_GetITStatus), (24 bytes).
    Removing stm32f10x_rcc.o(i.RCC_HSEConfig), (76 bytes).
    Removing stm32f10x_rcc.o(i.RCC_ITConfig), (32 bytes).
    Removing stm32f10x_rcc.o(i.RCC_LSEConfig), (52 bytes).
    Removing stm32f10x_rcc.o(i.RCC_LSICmd), (12 bytes).
    Removing stm32f10x_rcc.o(i.RCC_MCOConfig), (12 bytes).
    Removing stm32f10x_rcc.o(i.RCC_RTCCLKCmd), (12 bytes).
    Removing stm32f10x_rcc.o(i.RCC_RTCCLKConfig), (16 bytes).
    Removing stm32f10x_rcc.o(i.RCC_USBCLKConfig), (12 bytes).
    Removing stm32f10x_rcc.o(i.RCC_WaitForHSEStartUp), (56 bytes).
    Removing stm32f10x_usart.o(i.USART_ClearFlag), (18 bytes).
    Removing stm32f10x_usart.o(i.USART_ClockInit), (34 bytes).
    Removing stm32f10x_usart.o(i.USART_ClockStructInit), (12 bytes).
    Removing stm32f10x_usart.o(i.USART_DeInit), (156 bytes).
    Removing stm32f10x_usart.o(i.USART_HalfDuplexCmd), (24 bytes).
    Removing stm32f10x_usart.o(i.USART_IrDACmd), (24 bytes).
    Removing stm32f10x_usart.o(i.USART_IrDAConfig), (18 bytes).
    Removing stm32f10x_usart.o(i.USART_LINBreakDetectLengthConfig), (18 bytes).
    Removing stm32f10x_usart.o(i.USART_LINCmd), (24 bytes).
    Removing stm32f10x_usart.o(i.USART_OneBitMethodCmd), (24 bytes).
    Removing stm32f10x_usart.o(i.USART_OverSampling8Cmd), (22 bytes).
    Removing stm32f10x_usart.o(i.USART_ReceiveData), (10 bytes).
    Removing stm32f10x_usart.o(i.USART_ReceiverWakeUpCmd), (24 bytes).
    Removing stm32f10x_usart.o(i.USART_SendBreak), (10 bytes).
    Removing stm32f10x_usart.o(i.USART_SetAddress), (18 bytes).
    Removing stm32f10x_usart.o(i.USART_SetGuardTime), (16 bytes).
    Removing stm32f10x_usart.o(i.USART_SetPrescaler), (16 bytes).
    Removing stm32f10x_usart.o(i.USART_SmartCardCmd), (24 bytes).
    Removing stm32f10x_usart.o(i.USART_SmartCardNACKCmd), (24 bytes).
    Removing stm32f10x_usart.o(i.USART_StructInit), (24 bytes).
    Removing stm32f10x_usart.o(i.USART_WakeUpConfig), (18 bytes).
    Removing misc.o(i.NVIC_SetVectorTable), (20 bytes).
    Removing misc.o(i.NVIC_SystemLPConfig), (32 bytes).
    Removing misc.o(i.SysTick_CLKSourceConfig), (40 bytes).
    Removing dmul.o(.text), (228 bytes).
    Removing ddiv.o(.text), (222 bytes).
    Removing dflti.o(.text), (34 bytes).
    Removing dfixi.o(.text), (62 bytes).
    Removing depilogue.o(.text), (186 bytes).
    Removing dadd.o(.text), (334 bytes).
    Removing dscalb.o(.text), (46 bytes).
    Removing dfixul.o(.text), (48 bytes).
    Removing cdrcmple.o(.text), (48 bytes).

153 unused section(s) (total 7520 bytes) removed from the image.

==============================================================================

Image Symbol Table

    Local Symbols

    Symbol Name                              Value     Ov Type        Size  Object(Section)

    ../clib/microlib/division.c              0x00000000   Number         0  uidiv.o ABSOLUTE
    ../clib/microlib/division.c              0x00000000   Number         0  uldiv.o ABSOLUTE
    ../clib/microlib/init/entry.s            0x00000000   Number         0  entry11a.o ABSOLUTE
    ../clib/microlib/init/entry.s            0x00000000   Number         0  entry8b.o ABSOLUTE
    ../clib/microlib/init/entry.s            0x00000000   Number         0  entry9a.o ABSOLUTE
    ../clib/microlib/init/entry.s            0x00000000   Number         0  entry9b.o ABSOLUTE
    ../clib/microlib/init/entry.s            0x00000000   Number         0  entry10a.o ABSOLUTE
    ../clib/microlib/init/entry.s            0x00000000   Number         0  entry8a.o ABSOLUTE
    ../clib/microlib/init/entry.s            0x00000000   Number         0  entry10b.o ABSOLUTE
    ../clib/microlib/init/entry.s            0x00000000   Number         0  entry.o ABSOLUTE
    ../clib/microlib/init/entry.s            0x00000000   Number         0  entry7b.o ABSOLUTE
    ../clib/microlib/init/entry.s            0x00000000   Number         0  entry7a.o ABSOLUTE
    ../clib/microlib/init/entry.s            0x00000000   Number         0  entry5.o ABSOLUTE
    ../clib/microlib/init/entry.s            0x00000000   Number         0  entry2.o ABSOLUTE
    ../clib/microlib/init/entry.s            0x00000000   Number         0  entry11b.o ABSOLUTE
    ../clib/microlib/longlong.c              0x00000000   Number         0  llsshr.o ABSOLUTE
    ../clib/microlib/longlong.c              0x00000000   Number         0  llshl.o ABSOLUTE
    ../clib/microlib/longlong.c              0x00000000   Number         0  llushr.o ABSOLUTE
    ../clib/microlib/printf/printf.c         0x00000000   Number         0  printf4.o ABSOLUTE
    ../clib/microlib/printf/printf.c         0x00000000   Number         0  printf3.o ABSOLUTE
    ../clib/microlib/printf/printf.c         0x00000000   Number         0  printf1.o ABSOLUTE
    ../clib/microlib/printf/printf.c         0x00000000   Number         0  printf0.o ABSOLUTE
    ../clib/microlib/printf/printf.c         0x00000000   Number         0  printfb.o ABSOLUTE
    ../clib/microlib/printf/printf.c         0x00000000   Number         0  printf5.o ABSOLUTE
    ../clib/microlib/printf/printf.c         0x00000000   Number         0  printf7.o ABSOLUTE
    ../clib/microlib/printf/printf.c         0x00000000   Number         0  printfa.o ABSOLUTE
    ../clib/microlib/printf/printf.c         0x00000000   Number         0  printf8.o ABSOLUTE
    ../clib/microlib/printf/printf.c         0x00000000   Number         0  printf2.o ABSOLUTE
    ../clib/microlib/printf/printf.c         0x00000000   Number         0  printf6.o ABSOLUTE
    ../clib/microlib/printf/stubs.s          0x00000000   Number         0  stubs.o ABSOLUTE
    ../clib/microlib/stdio/streams.c         0x00000000   Number         0  stdout.o ABSOLUTE
    ../clib/microlib/stubs.s                 0x00000000   Number         0  iusefp.o ABSOLUTE
    ../fplib/microlib/fpadd.c                0x00000000   Number         0  dadd.o ABSOLUTE
    ../fplib/microlib/fpdiv.c                0x00000000   Number         0  ddiv.o ABSOLUTE
    ../fplib/microlib/fpepilogue.c           0x00000000   Number         0  depilogue.o ABSOLUTE
    ../fplib/microlib/fpepilogue.c           0x00000000   Number         0  fepilogue.o ABSOLUTE
    ../fplib/microlib/fpfix.c                0x00000000   Number         0  dfixul.o ABSOLUTE
    ../fplib/microlib/fpfix.c                0x00000000   Number         0  ffixui.o ABSOLUTE
    ../fplib/microlib/fpfix.c                0x00000000   Number         0  dfixi.o ABSOLUTE
    ../fplib/microlib/fpflt.c                0x00000000   Number         0  fflti.o ABSOLUTE
    ../fplib/microlib/fpflt.c                0x00000000   Number         0  dflti.o ABSOLUTE
    ../fplib/microlib/fpmul.c                0x00000000   Number         0  fmul.o ABSOLUTE
    ../fplib/microlib/fpmul.c                0x00000000   Number         0  dmul.o ABSOLUTE
    ../fplib/microlib/fpscalb.c              0x00000000   Number         0  dscalb.o ABSOLUTE
    ../mathlib/atan.c                        0x00000000   Number         0  atan.o ABSOLUTE
    ../mathlib/atan.c                        0x00000000   Number         0  atan_x.o ABSOLUTE
    ../mathlib/dunder.c                      0x00000000   Number         0  dunder.o ABSOLUTE
    ../mathlib/fpclassify.c                  0x00000000   Number         0  fpclassify.o ABSOLUTE
    ../mathlib/poly.c                        0x00000000   Number         0  poly.o ABSOLUTE
    ..\CORE\core_cm3.c                       0x00000000   Number         0  core_cm3.o ABSOLUTE
    ..\CORE\startup_stm32f10x_md.s           0x00000000   Number         0  startup_stm32f10x_md.o ABSOLUTE
    ..\STM32F10x_FWLib\src\misc.c            0x00000000   Number         0  misc.o ABSOLUTE
    ..\STM32F10x_FWLib\src\stm32f10x_gpio.c  0x00000000   Number         0  stm32f10x_gpio.o ABSOLUTE
    ..\STM32F10x_FWLib\src\stm32f10x_rcc.c   0x00000000   Number         0  stm32f10x_rcc.o ABSOLUTE
    ..\STM32F10x_FWLib\src\stm32f10x_tim.c   0x00000000   Number         0  stm32f10x_tim.o ABSOLUTE
    ..\STM32F10x_FWLib\src\stm32f10x_usart.c 0x00000000   Number         0  stm32f10x_usart.o ABSOLUTE
    ..\SYSTEM\dma\stm32f10x_dma.c            0x00000000   Number         0  stm32f10x_dma.o ABSOLUTE
    ..\SYSTEM\sys\sys.c                      0x00000000   Number         0  sys.o ABSOLUTE
    ..\\CORE\\core_cm3.c                     0x00000000   Number         0  core_cm3.o ABSOLUTE
    audio.c                                  0x00000000   Number         0  audio.o ABSOLUTE
    cdrcmple.s                               0x00000000   Number         0  cdrcmple.o ABSOLUTE
    comunicate.c                             0x00000000   Number         0  comunicate.o ABSOLUTE
    dc.s                                     0x00000000   Number         0  dc.o ABSOLUTE
    handlers.s                               0x00000000   Number         0  handlers.o ABSOLUTE
    imu.c                                    0x00000000   Number         0  imu.o ABSOLUTE
    init.s                                   0x00000000   Number         0  init.o ABSOLUTE
    main.c                                   0x00000000   Number         0  main.o ABSOLUTE
    servo.c                                  0x00000000   Number         0  servo.o ABSOLUTE
    stm32f10x_it.c                           0x00000000   Number         0  stm32f10x_it.o ABSOLUTE
    system_stm32f10x.c                       0x00000000   Number         0  system_stm32f10x.o ABSOLUTE
    RESET                                    0x08000000   Section      236  startup_stm32f10x_md.o(RESET)
    .ARM.Collect$$$$00000000                 0x080000ec   Section        0  entry.o(.ARM.Collect$$$$00000000)
    .ARM.Collect$$$$00000001                 0x080000ec   Section        4  entry2.o(.ARM.Collect$$$$00000001)
    .ARM.Collect$$$$00000004                 0x080000f0   Section        4  entry5.o(.ARM.Collect$$$$00000004)
    .ARM.Collect$$$$00000008                 0x080000f4   Section        0  entry7b.o(.ARM.Collect$$$$00000008)
    .ARM.Collect$$$$0000000A                 0x080000f4   Section        0  entry8b.o(.ARM.Collect$$$$0000000A)
    .ARM.Collect$$$$0000000B                 0x080000f4   Section        8  entry9a.o(.ARM.Collect$$$$0000000B)
    .ARM.Collect$$$$0000000D                 0x080000fc   Section        0  entry10a.o(.ARM.Collect$$$$0000000D)
    .ARM.Collect$$$$0000000F                 0x080000fc   Section        0  entry11a.o(.ARM.Collect$$$$0000000F)
    .ARM.Collect$$$$00002712                 0x080000fc   Section        4  entry2.o(.ARM.Collect$$$$00002712)
    __lit__00000000                          0x080000fc   Data           4  entry2.o(.ARM.Collect$$$$00002712)
    .text                                    0x08000100   Section       36  startup_stm32f10x_md.o(.text)
    .text                                    0x08000124   Section        0  fmul.o(.text)
    .text                                    0x08000188   Section        0  fflti.o(.text)
    .text                                    0x0800019a   Section        0  ffixui.o(.text)
    .text                                    0x080001c2   Section        0  fepilogue.o(.text)
    .text                                    0x080001c2   Section        0  iusefp.o(.text)
    .text                                    0x08000230   Section       36  init.o(.text)
    i.BusFault_Handler                       0x08000254   Section        0  stm32f10x_it.o(i.BusFault_Handler)
    i.Cmd2Interpret                          0x08000258   Section        0  main.o(i.Cmd2Interpret)
    i.DMA1_Channel2_IRQHandler               0x08000318   Section        0  comunicate.o(i.DMA1_Channel2_IRQHandler)
    i.DMA_ClearFlag                          0x08000334   Section        0  stm32f10x_dma.o(i.DMA_ClearFlag)
    i.DMA_ClearITPendingBit                  0x08000350   Section        0  stm32f10x_dma.o(i.DMA_ClearITPendingBit)
    i.DMA_Cmd                                0x0800036c   Section        0  stm32f10x_dma.o(i.DMA_Cmd)
    i.DMA_DeInit                             0x08000384   Section        0  stm32f10x_dma.o(i.DMA_DeInit)
    i.DMA_GetCurrDataCounter                 0x080004d0   Section        0  stm32f10x_dma.o(i.DMA_GetCurrDataCounter)
    i.DMA_GetITStatus                        0x080004d8   Section        0  stm32f10x_dma.o(i.DMA_GetITStatus)
    i.DMA_ITConfig                           0x08000504   Section        0  stm32f10x_dma.o(i.DMA_ITConfig)
    i.DMA_Init                               0x08000516   Section        0  stm32f10x_dma.o(i.DMA_Init)
    i.DebugMon_Handler                       0x08000552   Section        0  stm32f10x_it.o(i.DebugMon_Handler)
    i.GPIO_Init                              0x08000554   Section        0  stm32f10x_gpio.o(i.GPIO_Init)
    i.GPIO_SetBits                           0x0800066a   Section        0  stm32f10x_gpio.o(i.GPIO_SetBits)
    i.HardFault_Handler                      0x0800066e   Section        0  stm32f10x_it.o(i.HardFault_Handler)
    i.MemManage_Handler                      0x08000672   Section        0  stm32f10x_it.o(i.MemManage_Handler)
    i.NMI_Handler                            0x08000676   Section        0  stm32f10x_it.o(i.NMI_Handler)
    i.NVIC_Init                              0x08000678   Section        0  misc.o(i.NVIC_Init)
    i.NVIC_PriorityGroupConfig               0x080006e8   Section        0  misc.o(i.NVIC_PriorityGroupConfig)
    i.PendSV_Handler                         0x080006fc   Section        0  stm32f10x_it.o(i.PendSV_Handler)
    i.RCC_AHBPeriphClockCmd                  0x08000700   Section        0  stm32f10x_rcc.o(i.RCC_AHBPeriphClockCmd)
    i.RCC_APB1PeriphClockCmd                 0x08000720   Section        0  stm32f10x_rcc.o(i.RCC_APB1PeriphClockCmd)
    i.RCC_APB2PeriphClockCmd                 0x08000740   Section        0  stm32f10x_rcc.o(i.RCC_APB2PeriphClockCmd)
    i.RCC_Configuration                      0x08000760   Section        0  main.o(i.RCC_Configuration)
    i.RCC_DeInit                             0x080007bc   Section        0  stm32f10x_rcc.o(i.RCC_DeInit)
    i.RCC_GetClocksFreq                      0x08000808   Section        0  stm32f10x_rcc.o(i.RCC_GetClocksFreq)
    i.RCC_GetFlagStatus                      0x080008dc   Section        0  stm32f10x_rcc.o(i.RCC_GetFlagStatus)
    i.RCC_GetSYSCLKSource                    0x08000918   Section        0  stm32f10x_rcc.o(i.RCC_GetSYSCLKSource)
    i.RCC_HCLKConfig                         0x08000928   Section        0  stm32f10x_rcc.o(i.RCC_HCLKConfig)
    i.RCC_HSICmd                             0x08000940   Section        0  stm32f10x_rcc.o(i.RCC_HSICmd)
    i.RCC_PCLK1Config                        0x0800094c   Section        0  stm32f10x_rcc.o(i.RCC_PCLK1Config)
    i.RCC_PCLK2Config                        0x08000964   Section        0  stm32f10x_rcc.o(i.RCC_PCLK2Config)
    i.RCC_PLLCmd                             0x0800097c   Section        0  stm32f10x_rcc.o(i.RCC_PLLCmd)
    i.RCC_PLLConfig                          0x08000988   Section        0  stm32f10x_rcc.o(i.RCC_PLLConfig)
    i.RCC_SYSCLKConfig                       0x080009a4   Section        0  stm32f10x_rcc.o(i.RCC_SYSCLKConfig)
    i.SVC_Handler                            0x080009bc   Section        0  stm32f10x_it.o(i.SVC_Handler)
    i.SetSysClock                            0x080009be   Section        0  system_stm32f10x.o(i.SetSysClock)
    SetSysClock                              0x080009bf   Thumb Code     8  system_stm32f10x.o(i.SetSysClock)
    i.SetSysClockTo48                        0x080009c8   Section        0  system_stm32f10x.o(i.SetSysClockTo48)
    SetSysClockTo48                          0x080009c9   Thumb Code   214  system_stm32f10x.o(i.SetSysClockTo48)
    i.SysTick_Handler                        0x08000aa8   Section        0  stm32f10x_it.o(i.SysTick_Handler)
    i.SystemInit                             0x08000aac   Section        0  system_stm32f10x.o(i.SystemInit)
    i.TIM2_IRQHandler                        0x08000b0c   Section        0  servo.o(i.TIM2_IRQHandler)
    i.TIM_ARRPreloadConfig                   0x08000b94   Section        0  stm32f10x_tim.o(i.TIM_ARRPreloadConfig)
    i.TIM_ClearITPendingBit                  0x08000bac   Section        0  stm32f10x_tim.o(i.TIM_ClearITPendingBit)
    i.TIM_Cmd                                0x08000bb2   Section        0  stm32f10x_tim.o(i.TIM_Cmd)
    i.TIM_GetCapture1                        0x08000bca   Section        0  stm32f10x_tim.o(i.TIM_GetCapture1)
    i.TIM_GetCapture2                        0x08000bd0   Section        0  stm32f10x_tim.o(i.TIM_GetCapture2)
    i.TIM_GetCounter                         0x08000bd6   Section        0  stm32f10x_tim.o(i.TIM_GetCounter)
    i.TIM_GetITStatus                        0x08000bdc   Section        0  stm32f10x_tim.o(i.TIM_GetITStatus)
    i.TIM_ITConfig                           0x08000bfe   Section        0  stm32f10x_tim.o(i.TIM_ITConfig)
    i.TIM_OC1Init                            0x08000c10   Section        0  stm32f10x_tim.o(i.TIM_OC1Init)
    i.TIM_OC1PreloadConfig                   0x08000ca8   Section        0  stm32f10x_tim.o(i.TIM_OC1PreloadConfig)
    i.TIM_OC2Init                            0x08000cbc   Section        0  stm32f10x_tim.o(i.TIM_OC2Init)
    i.TIM_OC2PreloadConfig                   0x08000d60   Section        0  stm32f10x_tim.o(i.TIM_OC2PreloadConfig)
    i.TIM_OC3Init                            0x08000d7c   Section        0  stm32f10x_tim.o(i.TIM_OC3Init)
    i.TIM_OC3PreloadConfig                   0x08000e1c   Section        0  stm32f10x_tim.o(i.TIM_OC3PreloadConfig)
    i.TIM_SetCompare1                        0x08000e2e   Section        0  stm32f10x_tim.o(i.TIM_SetCompare1)
    i.TIM_SetCompare2                        0x08000e32   Section        0  stm32f10x_tim.o(i.TIM_SetCompare2)
    i.TIM_SetCompare3                        0x08000e36   Section        0  stm32f10x_tim.o(i.TIM_SetCompare3)
    i.TIM_SetCounter                         0x08000e3a   Section        0  stm32f10x_tim.o(i.TIM_SetCounter)
    i.TIM_TimeBaseInit                       0x08000e40   Section        0  stm32f10x_tim.o(i.TIM_TimeBaseInit)
    i.USART1_IRQHandler                      0x08000ee4   Section        0  imu.o(i.USART1_IRQHandler)
    i.USART3_IRQHandler                      0x08001054   Section        0  comunicate.o(i.USART3_IRQHandler)
    i.USART_ClearITPendingBit                0x08001184   Section        0  stm32f10x_usart.o(i.USART_ClearITPendingBit)
    i.USART_Cmd                              0x080011a2   Section        0  stm32f10x_usart.o(i.USART_Cmd)
    i.USART_DMACmd                           0x080011ba   Section        0  stm32f10x_usart.o(i.USART_DMACmd)
    i.USART_GetFlagStatus                    0x080011cc   Section        0  stm32f10x_usart.o(i.USART_GetFlagStatus)
    i.USART_GetITStatus                      0x080011e6   Section        0  stm32f10x_usart.o(i.USART_GetITStatus)
    i.USART_ITConfig                         0x0800123a   Section        0  stm32f10x_usart.o(i.USART_ITConfig)
    i.USART_Init                             0x08001284   Section        0  stm32f10x_usart.o(i.USART_Init)
    i.USART_SendData                         0x0800135c   Section        0  stm32f10x_usart.o(i.USART_SendData)
    i.UsageFault_Handler                     0x08001364   Section        0  stm32f10x_it.o(i.UsageFault_Handler)
    i.__0printf$2                            0x08001368   Section        0  printf2.o(i.__0printf$2)
    i.__scatterload_copy                     0x08001388   Section       14  handlers.o(i.__scatterload_copy)
    i.__scatterload_null                     0x08001396   Section        2  handlers.o(i.__scatterload_null)
    i.__scatterload_zeroinit                 0x08001398   Section       14  handlers.o(i.__scatterload_zeroinit)
    i._printf_core                           0x080013a6   Section        0  printf2.o(i._printf_core)
    _printf_core                             0x080013a7   Thumb Code   214  printf2.o(i._printf_core)
    i.audioInit                              0x0800147c   Section        0  audio.o(i.audioInit)
    i.avoidKnock                             0x080014a8   Section        0  main.o(i.avoidKnock)
    i.bluetoothInit                          0x0800153c   Section        0  comunicate.o(i.bluetoothInit)
    i.bluetoothUartEnable                    0x080016a4   Section        0  comunicate.o(i.bluetoothUartEnable)
    i.bluetoothUartSend                      0x080016b4   Section        0  comunicate.o(i.bluetoothUartSend)
    i.bodyYesModeRun                         0x08001724   Section        0  main.o(i.bodyYesModeRun)
    i.bodyYesStatus                          0x0800175c   Section        0  main.o(i.bodyYesStatus)
    i.bottomServoSpeedGo                     0x0800178c   Section        0  servo.o(i.bottomServoSpeedGo)
    i.enterSleepRun                          0x080017ac   Section        0  main.o(i.enterSleepRun)
    i.feelWrongedModeRun                     0x080017b8   Section        0  main.o(i.feelWrongedModeRun)
    i.feelWrongedStatus                      0x0800181c   Section        0  main.o(i.feelWrongedStatus)
    i.fputc                                  0x08001868   Section        0  main.o(i.fputc)
    i.frontBackModeRun                       0x0800188c   Section        0  main.o(i.frontBackModeRun)
    i.frontBackStatus                        0x080018d8   Section        0  main.o(i.frontBackStatus)
    i.getBottomAdjustPwmByImu                0x08001914   Section        0  main.o(i.getBottomAdjustPwmByImu)
    i.getCurModeStatus                       0x08001970   Section        0  main.o(i.getCurModeStatus)
    i.headGetRunTime                         0x08001a28   Section        0  servo.o(i.headGetRunTime)
    i.headNoModeRun                          0x08001a48   Section        0  main.o(i.headNoModeRun)
    i.headNoStatus                           0x08001a90   Section        0  main.o(i.headNoStatus)
    i.headServoSpeedGo                       0x08001ad0   Section        0  servo.o(i.headServoSpeedGo)
    i.headSlowlyAroundModeRun                0x08001b08   Section        0  main.o(i.headSlowlyAroundModeRun)
    i.headSlowlyAroundStatus                 0x08001b50   Section        0  main.o(i.headSlowlyAroundStatus)
    i.headStartTimer                         0x08001b90   Section        0  servo.o(i.headStartTimer)
    i.headStopTimer                          0x08001c0c   Section        0  servo.o(i.headStopTimer)
    i.imuInit                                0x08001c24   Section        0  imu.o(i.imuInit)
    i.imuResetZ                              0x08001d68   Section        0  imu.o(i.imuResetZ)
    i.imuUartDisable                         0x08001db4   Section        0  imu.o(i.imuUartDisable)
    i.imuUartEnable                          0x08001dc4   Section        0  imu.o(i.imuUartEnable)
    i.judgeStopRoll                          0x08001dd4   Section        0  main.o(i.judgeStopRoll)
    i.keepAngle                              0x08001e18   Section        0  main.o(i.keepAngle)
    i.leftRightModeRun                       0x08001fdc   Section        0  main.o(i.leftRightModeRun)
    i.leftRightStatus                        0x08002044   Section        0  main.o(i.leftRightStatus)
    i.main                                   0x0800209c   Section        0  main.o(i.main)
    i.middleGetRunTime                       0x080023a4   Section        0  servo.o(i.middleGetRunTime)
    i.middleRotate                           0x080023e4   Section        0  main.o(i.middleRotate)
    i.middleServoRotate                      0x08002418   Section        0  servo.o(i.middleServoRotate)
    i.middleServoSpeedGo                     0x0800243c   Section        0  servo.o(i.middleServoSpeedGo)
    i.middleServoStopRotate                  0x08002474   Section        0  servo.o(i.middleServoStopRotate)
    i.middleStartTimer                       0x08002488   Section        0  servo.o(i.middleStartTimer)
    i.middleStopTimer                        0x08002504   Section        0  servo.o(i.middleStopTimer)
    i.moveBackModeRun                        0x0800251c   Section        0  main.o(i.moveBackModeRun)
    i.moveBackStatus                         0x08002588   Section        0  main.o(i.moveBackStatus)
    i.moveFrontModeRun                       0x0800260c   Section        0  main.o(i.moveFrontModeRun)
    i.moveFrontStatus                        0x08002678   Section        0  main.o(i.moveFrontStatus)
    i.moveLeftModeRun                        0x080026fc   Section        0  main.o(i.moveLeftModeRun)
    i.moveLeftStatus                         0x08002768   Section        0  main.o(i.moveLeftStatus)
    i.moveRightModeRun                       0x080027e4   Section        0  main.o(i.moveRightModeRun)
    i.moveRightStatus                        0x08002850   Section        0  main.o(i.moveRightStatus)
    i.resetModeRun                           0x080028cc   Section        0  main.o(i.resetModeRun)
    i.resetModeStatus                        0x08002920   Section        0  main.o(i.resetModeStatus)
    i.rollLeftRightModeRun                   0x08002988   Section        0  main.o(i.rollLeftRightModeRun)
    i.rollLeftRightStatus                    0x080029f0   Section        0  main.o(i.rollLeftRightStatus)
    i.servoInit                              0x08002a3c   Section        0  servo.o(i.servoInit)
    i.shakeStatus                            0x08002c44   Section        0  main.o(i.shakeStatus)
    i.swingCircleModeRun                     0x08002c74   Section        0  main.o(i.swingCircleModeRun)
    i.swingCircleStatus                      0x08002ce4   Section        0  main.o(i.swingCircleStatus)
    .data                                    0x20000000   Section       44  main.o(.data)
    times                                    0x20000028   Data           4  main.o(.data)
    .data                                    0x2000002c   Section       20  system_stm32f10x.o(.data)
    .data                                    0x20000040   Section        4  servo.o(.data)
    .data                                    0x20000044   Section       32  imu.o(.data)
    .data                                    0x20000064   Section       24  comunicate.o(.data)
    .data                                    0x2000007c   Section       20  stm32f10x_rcc.o(.data)
    APBAHBPrescTable                         0x2000007c   Data          16  stm32f10x_rcc.o(.data)
    ADCPrescTable                            0x2000008c   Data           4  stm32f10x_rcc.o(.data)
    .data                                    0x20000090   Section        4  stdout.o(.data)
    .bss                                     0x20000094   Section     1568  main.o(.bss)
    .bss                                     0x200006b4   Section       88  imu.o(.bss)
    .bss                                     0x2000070c   Section       60  comunicate.o(.bss)
    STACK                                    0x20000748   Section     1024  startup_stm32f10x_md.o(STACK)

    Global Symbols

    Symbol Name                              Value     Ov Type        Size  Object(Section)

    BuildAttributes$$THM_ISAv4$P$D$K$B$S$PE$A:L22UL41UL21$X:L11$S22US41US21$IEEE1$IW$USESV6$~STKCKD$USESV7$~SHL$OTIME$ROPI$IEEEX$EBA8$MICROLIB$REQ8$PRES8$EABIv2 0x00000000   Number         0  anon$$obj.o ABSOLUTE
    __ARM_use_no_argv                        0x00000000   Number         0  main.o ABSOLUTE
    _printf_a                                0x00000000   Number         0  stubs.o ABSOLUTE
    _printf_c                                0x00000000   Number         0  stubs.o ABSOLUTE
    _printf_charcount                        0x00000000   Number         0  stubs.o ABSOLUTE
    _printf_d                                0x00000000   Number         0  stubs.o ABSOLUTE
    _printf_e                                0x00000000   Number         0  stubs.o ABSOLUTE
    _printf_f                                0x00000000   Number         0  stubs.o ABSOLUTE
    _printf_flags                            0x00000000   Number         0  stubs.o ABSOLUTE
    _printf_fp_dec                           0x00000000   Number         0  stubs.o ABSOLUTE
    _printf_fp_hex                           0x00000000   Number         0  stubs.o ABSOLUTE
    _printf_g                                0x00000000   Number         0  stubs.o ABSOLUTE
    _printf_i                                0x00000000   Number         0  stubs.o ABSOLUTE
    _printf_int_dec                          0x00000000   Number         0  stubs.o ABSOLUTE
    _printf_l                                0x00000000   Number         0  stubs.o ABSOLUTE
    _printf_lc                               0x00000000   Number         0  stubs.o ABSOLUTE
    _printf_ll                               0x00000000   Number         0  stubs.o ABSOLUTE
    _printf_lld                              0x00000000   Number         0  stubs.o ABSOLUTE
    _printf_lli                              0x00000000   Number         0  stubs.o ABSOLUTE
    _printf_llo                              0x00000000   Number         0  stubs.o ABSOLUTE
    _printf_llu                              0x00000000   Number         0  stubs.o ABSOLUTE
    _printf_llx                              0x00000000   Number         0  stubs.o ABSOLUTE
    _printf_longlong_dec                     0x00000000   Number         0  stubs.o ABSOLUTE
    _printf_longlong_hex                     0x00000000   Number         0  stubs.o ABSOLUTE
    _printf_longlong_oct                     0x00000000   Number         0  stubs.o ABSOLUTE
    _printf_ls                               0x00000000   Number         0  stubs.o ABSOLUTE
    _printf_mbtowc                           0x00000000   Number         0  stubs.o ABSOLUTE
    _printf_n                                0x00000000   Number         0  stubs.o ABSOLUTE
    _printf_o                                0x00000000   Number         0  stubs.o ABSOLUTE
    _printf_p                                0x00000000   Number         0  stubs.o ABSOLUTE
    _printf_percent                          0x00000000   Number         0  stubs.o ABSOLUTE
    _printf_pre_padding                      0x00000000   Number         0  stubs.o ABSOLUTE
    _printf_return_value                     0x00000000   Number         0  stubs.o ABSOLUTE
    _printf_s                                0x00000000   Number         0  stubs.o ABSOLUTE
    _printf_sizespec                         0x00000000   Number         0  stubs.o ABSOLUTE
    _printf_str                              0x00000000   Number         0  stubs.o ABSOLUTE
    _printf_truncate_signed                  0x00000000   Number         0  stubs.o ABSOLUTE
    _printf_truncate_unsigned                0x00000000   Number         0  stubs.o ABSOLUTE
    _printf_u                                0x00000000   Number         0  stubs.o ABSOLUTE
    _printf_wc                               0x00000000   Number         0  stubs.o ABSOLUTE
    _printf_wctomb                           0x00000000   Number         0  stubs.o ABSOLUTE
    _printf_widthprec                        0x00000000   Number         0  stubs.o ABSOLUTE
    _printf_x                                0x00000000   Number         0  stubs.o ABSOLUTE
    __cpp_initialize__aeabi_                  - Undefined Weak Reference
    __cxa_finalize                            - Undefined Weak Reference
    __decompress                              - Undefined Weak Reference
    _clock_init                               - Undefined Weak Reference
    _microlib_exit                            - Undefined Weak Reference
    __Vectors_Size                           0x000000ec   Number         0  startup_stm32f10x_md.o ABSOLUTE
    __Vectors                                0x08000000   Data           4  startup_stm32f10x_md.o(RESET)
    __Vectors_End                            0x080000ec   Data           0  startup_stm32f10x_md.o(RESET)
    __main                                   0x080000ed   Thumb Code     0  entry.o(.ARM.Collect$$$$00000000)
    _main_stk                                0x080000ed   Thumb Code     0  entry2.o(.ARM.Collect$$$$00000001)
    _main_scatterload                        0x080000f1   Thumb Code     0  entry5.o(.ARM.Collect$$$$00000004)
    __main_after_scatterload                 0x080000f5   Thumb Code     0  entry5.o(.ARM.Collect$$$$00000004)
    _main_clock                              0x080000f5   Thumb Code     0  entry7b.o(.ARM.Collect$$$$00000008)
    _main_cpp_init                           0x080000f5   Thumb Code     0  entry8b.o(.ARM.Collect$$$$0000000A)
    _main_init                               0x080000f5   Thumb Code     0  entry9a.o(.ARM.Collect$$$$0000000B)
    __rt_final_cpp                           0x080000fd   Thumb Code     0  entry10a.o(.ARM.Collect$$$$0000000D)
    __rt_final_exit                          0x080000fd   Thumb Code     0  entry11a.o(.ARM.Collect$$$$0000000F)
    Reset_Handler                            0x08000101   Thumb Code     8  startup_stm32f10x_md.o(.text)
    ADC1_2_IRQHandler                        0x0800011b   Thumb Code     0  startup_stm32f10x_md.o(.text)
    CAN1_RX1_IRQHandler                      0x0800011b   Thumb Code     0  startup_stm32f10x_md.o(.text)
    CAN1_SCE_IRQHandler                      0x0800011b   Thumb Code     0  startup_stm32f10x_md.o(.text)
    DMA1_Channel1_IRQHandler                 0x0800011b   Thumb Code     0  startup_stm32f10x_md.o(.text)
    DMA1_Channel3_IRQHandler                 0x0800011b   Thumb Code     0  startup_stm32f10x_md.o(.text)
    DMA1_Channel4_IRQHandler                 0x0800011b   Thumb Code     0  startup_stm32f10x_md.o(.text)
    DMA1_Channel5_IRQHandler                 0x0800011b   Thumb Code     0  startup_stm32f10x_md.o(.text)
    DMA1_Channel6_IRQHandler                 0x0800011b   Thumb Code     0  startup_stm32f10x_md.o(.text)
    DMA1_Channel7_IRQHandler                 0x0800011b   Thumb Code     0  startup_stm32f10x_md.o(.text)
    EXTI0_IRQHandler                         0x0800011b   Thumb Code     0  startup_stm32f10x_md.o(.text)
    EXTI15_10_IRQHandler                     0x0800011b   Thumb Code     0  startup_stm32f10x_md.o(.text)
    EXTI1_IRQHandler                         0x0800011b   Thumb Code     0  startup_stm32f10x_md.o(.text)
    EXTI2_IRQHandler                         0x0800011b   Thumb Code     0  startup_stm32f10x_md.o(.text)
    EXTI3_IRQHandler                         0x0800011b   Thumb Code     0  startup_stm32f10x_md.o(.text)
    EXTI4_IRQHandler                         0x0800011b   Thumb Code     0  startup_stm32f10x_md.o(.text)
    EXTI9_5_IRQHandler                       0x0800011b   Thumb Code     0  startup_stm32f10x_md.o(.text)
    FLASH_IRQHandler                         0x0800011b   Thumb Code     0  startup_stm32f10x_md.o(.text)
    I2C1_ER_IRQHandler                       0x0800011b   Thumb Code     0  startup_stm32f10x_md.o(.text)
    I2C1_EV_IRQHandler                       0x0800011b   Thumb Code     0  startup_stm32f10x_md.o(.text)
    I2C2_ER_IRQHandler                       0x0800011b   Thumb Code     0  startup_stm32f10x_md.o(.text)
    I2C2_EV_IRQHandler                       0x0800011b   Thumb Code     0  startup_stm32f10x_md.o(.text)
    PVD_IRQHandler                           0x0800011b   Thumb Code     0  startup_stm32f10x_md.o(.text)
    RCC_IRQHandler                           0x0800011b   Thumb Code     0  startup_stm32f10x_md.o(.text)
    RTCAlarm_IRQHandler                      0x0800011b   Thumb Code     0  startup_stm32f10x_md.o(.text)
    RTC_IRQHandler                           0x0800011b   Thumb Code     0  startup_stm32f10x_md.o(.text)
    SPI1_IRQHandler                          0x0800011b   Thumb Code     0  startup_stm32f10x_md.o(.text)
    SPI2_IRQHandler                          0x0800011b   Thumb Code     0  startup_stm32f10x_md.o(.text)
    TAMPER_IRQHandler                        0x0800011b   Thumb Code     0  startup_stm32f10x_md.o(.text)
    TIM1_BRK_IRQHandler                      0x0800011b   Thumb Code     0  startup_stm32f10x_md.o(.text)
    TIM1_CC_IRQHandler                       0x0800011b   Thumb Code     0  startup_stm32f10x_md.o(.text)
    TIM1_TRG_COM_IRQHandler                  0x0800011b   Thumb Code     0  startup_stm32f10x_md.o(.text)
    TIM1_UP_IRQHandler                       0x0800011b   Thumb Code     0  startup_stm32f10x_md.o(.text)
    TIM3_IRQHandler                          0x0800011b   Thumb Code     0  startup_stm32f10x_md.o(.text)
    TIM4_IRQHandler                          0x0800011b   Thumb Code     0  startup_stm32f10x_md.o(.text)
    USART2_IRQHandler                        0x0800011b   Thumb Code     0  startup_stm32f10x_md.o(.text)
    USBWakeUp_IRQHandler                     0x0800011b   Thumb Code     0  startup_stm32f10x_md.o(.text)
    USB_HP_CAN1_TX_IRQHandler                0x0800011b   Thumb Code     0  startup_stm32f10x_md.o(.text)
    USB_LP_CAN1_RX0_IRQHandler               0x0800011b   Thumb Code     0  startup_stm32f10x_md.o(.text)
    WWDG_IRQHandler                          0x0800011b   Thumb Code     0  startup_stm32f10x_md.o(.text)
    __aeabi_fmul                             0x08000125   Thumb Code   100  fmul.o(.text)
    __aeabi_i2f                              0x08000189   Thumb Code    18  fflti.o(.text)
    __aeabi_f2uiz                            0x0800019b   Thumb Code    40  ffixui.o(.text)
    __I$use$fp                               0x080001c3   Thumb Code     0  iusefp.o(.text)
    _float_round                             0x080001c3   Thumb Code    18  fepilogue.o(.text)
    _float_epilogue                          0x080001d5   Thumb Code    92  fepilogue.o(.text)
    __scatterload                            0x08000231   Thumb Code    28  init.o(.text)
    __scatterload_rt2                        0x08000231   Thumb Code     0  init.o(.text)
    BusFault_Handler                         0x08000255   Thumb Code     4  stm32f10x_it.o(i.BusFault_Handler)
    Cmd2Interpret                            0x08000259   Thumb Code   186  main.o(i.Cmd2Interpret)
    DMA1_Channel2_IRQHandler                 0x08000319   Thumb Code    24  comunicate.o(i.DMA1_Channel2_IRQHandler)
    DMA_ClearFlag                            0x08000335   Thumb Code    18  stm32f10x_dma.o(i.DMA_ClearFlag)
    DMA_ClearITPendingBit                    0x08000351   Thumb Code    18  stm32f10x_dma.o(i.DMA_ClearITPendingBit)
    DMA_Cmd                                  0x0800036d   Thumb Code    24  stm32f10x_dma.o(i.DMA_Cmd)
    DMA_DeInit                               0x08000385   Thumb Code   324  stm32f10x_dma.o(i.DMA_DeInit)
    DMA_GetCurrDataCounter                   0x080004d1   Thumb Code     8  stm32f10x_dma.o(i.DMA_GetCurrDataCounter)
    DMA_GetITStatus                          0x080004d9   Thumb Code    36  stm32f10x_dma.o(i.DMA_GetITStatus)
    DMA_ITConfig                             0x08000505   Thumb Code    18  stm32f10x_dma.o(i.DMA_ITConfig)
    DMA_Init                                 0x08000517   Thumb Code    60  stm32f10x_dma.o(i.DMA_Init)
    DebugMon_Handler                         0x08000553   Thumb Code     2  stm32f10x_it.o(i.DebugMon_Handler)
    GPIO_Init                                0x08000555   Thumb Code   278  stm32f10x_gpio.o(i.GPIO_Init)
    GPIO_SetBits                             0x0800066b   Thumb Code     4  stm32f10x_gpio.o(i.GPIO_SetBits)
    HardFault_Handler                        0x0800066f   Thumb Code     4  stm32f10x_it.o(i.HardFault_Handler)
    MemManage_Handler                        0x08000673   Thumb Code     4  stm32f10x_it.o(i.MemManage_Handler)
    NMI_Handler                              0x08000677   Thumb Code     2  stm32f10x_it.o(i.NMI_Handler)
    NVIC_Init                                0x08000679   Thumb Code   100  misc.o(i.NVIC_Init)
    NVIC_PriorityGroupConfig                 0x080006e9   Thumb Code    10  misc.o(i.NVIC_PriorityGroupConfig)
    PendSV_Handler                           0x080006fd   Thumb Code     2  stm32f10x_it.o(i.PendSV_Handler)
    RCC_AHBPeriphClockCmd                    0x08000701   Thumb Code    26  stm32f10x_rcc.o(i.RCC_AHBPeriphClockCmd)
    RCC_APB1PeriphClockCmd                   0x08000721   Thumb Code    26  stm32f10x_rcc.o(i.RCC_APB1PeriphClockCmd)
    RCC_APB2PeriphClockCmd                   0x08000741   Thumb Code    26  stm32f10x_rcc.o(i.RCC_APB2PeriphClockCmd)
    RCC_Configuration                        0x08000761   Thumb Code    90  main.o(i.RCC_Configuration)
    RCC_DeInit                               0x080007bd   Thumb Code    64  stm32f10x_rcc.o(i.RCC_DeInit)
    RCC_GetClocksFreq                        0x08000809   Thumb Code   192  stm32f10x_rcc.o(i.RCC_GetClocksFreq)
    RCC_GetFlagStatus                        0x080008dd   Thumb Code    56  stm32f10x_rcc.o(i.RCC_GetFlagStatus)
    RCC_GetSYSCLKSource                      0x08000919   Thumb Code    10  stm32f10x_rcc.o(i.RCC_GetSYSCLKSource)
    RCC_HCLKConfig                           0x08000929   Thumb Code    18  stm32f10x_rcc.o(i.RCC_HCLKConfig)
    RCC_HSICmd                               0x08000941   Thumb Code     6  stm32f10x_rcc.o(i.RCC_HSICmd)
    RCC_PCLK1Config                          0x0800094d   Thumb Code    18  stm32f10x_rcc.o(i.RCC_PCLK1Config)
    RCC_PCLK2Config                          0x08000965   Thumb Code    20  stm32f10x_rcc.o(i.RCC_PCLK2Config)
    RCC_PLLCmd                               0x0800097d   Thumb Code     6  stm32f10x_rcc.o(i.RCC_PLLCmd)
    RCC_PLLConfig                            0x08000989   Thumb Code    24  stm32f10x_rcc.o(i.RCC_PLLConfig)
    RCC_SYSCLKConfig                         0x080009a5   Thumb Code    18  stm32f10x_rcc.o(i.RCC_SYSCLKConfig)
    SVC_Handler                              0x080009bd   Thumb Code     2  stm32f10x_it.o(i.SVC_Handler)
    SysTick_Handler                          0x08000aa9   Thumb Code     2  stm32f10x_it.o(i.SysTick_Handler)
    SystemInit                               0x08000aad   Thumb Code    78  system_stm32f10x.o(i.SystemInit)
    TIM2_IRQHandler                          0x08000b0d   Thumb Code   110  servo.o(i.TIM2_IRQHandler)
    TIM_ARRPreloadConfig                     0x08000b95   Thumb Code    24  stm32f10x_tim.o(i.TIM_ARRPreloadConfig)
    TIM_ClearITPendingBit                    0x08000bad   Thumb Code     6  stm32f10x_tim.o(i.TIM_ClearITPendingBit)
    TIM_Cmd                                  0x08000bb3   Thumb Code    24  stm32f10x_tim.o(i.TIM_Cmd)
    TIM_GetCapture1                          0x08000bcb   Thumb Code     6  stm32f10x_tim.o(i.TIM_GetCapture1)
    TIM_GetCapture2                          0x08000bd1   Thumb Code     6  stm32f10x_tim.o(i.TIM_GetCapture2)
    TIM_GetCounter                           0x08000bd7   Thumb Code     6  stm32f10x_tim.o(i.TIM_GetCounter)
    TIM_GetITStatus                          0x08000bdd   Thumb Code    34  stm32f10x_tim.o(i.TIM_GetITStatus)
    TIM_ITConfig                             0x08000bff   Thumb Code    18  stm32f10x_tim.o(i.TIM_ITConfig)
    TIM_OC1Init                              0x08000c11   Thumb Code   132  stm32f10x_tim.o(i.TIM_OC1Init)
    TIM_OC1PreloadConfig                     0x08000ca9   Thumb Code    18  stm32f10x_tim.o(i.TIM_OC1PreloadConfig)
    TIM_OC2Init                              0x08000cbd   Thumb Code   154  stm32f10x_tim.o(i.TIM_OC2Init)
    TIM_OC2PreloadConfig                     0x08000d61   Thumb Code    26  stm32f10x_tim.o(i.TIM_OC2PreloadConfig)
    TIM_OC3Init                              0x08000d7d   Thumb Code   150  stm32f10x_tim.o(i.TIM_OC3Init)
    TIM_OC3PreloadConfig                     0x08000e1d   Thumb Code    18  stm32f10x_tim.o(i.TIM_OC3PreloadConfig)
    TIM_SetCompare1                          0x08000e2f   Thumb Code     4  stm32f10x_tim.o(i.TIM_SetCompare1)
    TIM_SetCompare2                          0x08000e33   Thumb Code     4  stm32f10x_tim.o(i.TIM_SetCompare2)
    TIM_SetCompare3                          0x08000e37   Thumb Code     4  stm32f10x_tim.o(i.TIM_SetCompare3)
    TIM_SetCounter                           0x08000e3b   Thumb Code     4  stm32f10x_tim.o(i.TIM_SetCounter)
    TIM_TimeBaseInit                         0x08000e41   Thumb Code   122  stm32f10x_tim.o(i.TIM_TimeBaseInit)
    USART1_IRQHandler                        0x08000ee5   Thumb Code   312  imu.o(i.USART1_IRQHandler)
    USART3_IRQHandler                        0x08001055   Thumb Code   256  comunicate.o(i.USART3_IRQHandler)
    USART_ClearITPendingBit                  0x08001185   Thumb Code    30  stm32f10x_usart.o(i.USART_ClearITPendingBit)
    USART_Cmd                                0x080011a3   Thumb Code    24  stm32f10x_usart.o(i.USART_Cmd)
    USART_DMACmd                             0x080011bb   Thumb Code    18  stm32f10x_usart.o(i.USART_DMACmd)
    USART_GetFlagStatus                      0x080011cd   Thumb Code    26  stm32f10x_usart.o(i.USART_GetFlagStatus)
    USART_GetITStatus                        0x080011e7   Thumb Code    84  stm32f10x_usart.o(i.USART_GetITStatus)
    USART_ITConfig                           0x0800123b   Thumb Code    74  stm32f10x_usart.o(i.USART_ITConfig)
    USART_Init                               0x08001285   Thumb Code   210  stm32f10x_usart.o(i.USART_Init)
    USART_SendData                           0x0800135d   Thumb Code     8  stm32f10x_usart.o(i.USART_SendData)
    UsageFault_Handler                       0x08001365   Thumb Code     4  stm32f10x_it.o(i.UsageFault_Handler)
    __0printf$2                              0x08001369   Thumb Code    22  printf2.o(i.__0printf$2)
    __1printf$2                              0x08001369   Thumb Code     0  printf2.o(i.__0printf$2)
    __2printf                                0x08001369   Thumb Code     0  printf2.o(i.__0printf$2)
    __scatterload_copy                       0x08001389   Thumb Code    14  handlers.o(i.__scatterload_copy)
    __scatterload_null                       0x08001397   Thumb Code     2  handlers.o(i.__scatterload_null)
    __scatterload_zeroinit                   0x08001399   Thumb Code    14  handlers.o(i.__scatterload_zeroinit)
    audioInit                                0x0800147d   Thumb Code    40  audio.o(i.audioInit)
    avoidKnock                               0x080014a9   Thumb Code   138  main.o(i.avoidKnock)
    bluetoothInit                            0x0800153d   Thumb Code   338  comunicate.o(i.bluetoothInit)
    bluetoothUartEnable                      0x080016a5   Thumb Code    12  comunicate.o(i.bluetoothUartEnable)
    bluetoothUartSend                        0x080016b5   Thumb Code    98  comunicate.o(i.bluetoothUartSend)
    bodyYesModeRun                           0x08001725   Thumb Code    52  main.o(i.bodyYesModeRun)
    bodyYesStatus                            0x0800175d   Thumb Code    42  main.o(i.bodyYesStatus)
    bottomServoSpeedGo                       0x0800178d   Thumb Code    22  servo.o(i.bottomServoSpeedGo)
    enterSleepRun                            0x080017ad   Thumb Code    12  main.o(i.enterSleepRun)
    feelWrongedModeRun                       0x080017b9   Thumb Code    96  main.o(i.feelWrongedModeRun)
    feelWrongedStatus                        0x0800181d   Thumb Code    68  main.o(i.feelWrongedStatus)
    fputc                                    0x08001869   Thumb Code    32  main.o(i.fputc)
    frontBackModeRun                         0x0800188d   Thumb Code    70  main.o(i.frontBackModeRun)
    frontBackStatus                          0x080018d9   Thumb Code    56  main.o(i.frontBackStatus)
    getBottomAdjustPwmByImu                  0x08001915   Thumb Code    84  main.o(i.getBottomAdjustPwmByImu)
    getCurModeStatus                         0x08001971   Thumb Code   180  main.o(i.getCurModeStatus)
    headGetRunTime                           0x08001a29   Thumb Code    32  servo.o(i.headGetRunTime)
    headNoModeRun                            0x08001a49   Thumb Code    68  main.o(i.headNoModeRun)
    headNoStatus                             0x08001a91   Thumb Code    56  main.o(i.headNoStatus)
    headServoSpeedGo                         0x08001ad1   Thumb Code    42  servo.o(i.headServoSpeedGo)
    headSlowlyAroundModeRun                  0x08001b09   Thumb Code    68  main.o(i.headSlowlyAroundModeRun)
    headSlowlyAroundStatus                   0x08001b51   Thumb Code    56  main.o(i.headSlowlyAroundStatus)
    headStartTimer                           0x08001b91   Thumb Code   114  servo.o(i.headStartTimer)
    headStopTimer                            0x08001c0d   Thumb Code    20  servo.o(i.headStopTimer)
    imuInit                                  0x08001c25   Thumb Code   304  imu.o(i.imuInit)
    imuResetZ                                0x08001d69   Thumb Code    70  imu.o(i.imuResetZ)
    imuUartDisable                           0x08001db5   Thumb Code    12  imu.o(i.imuUartDisable)
    imuUartEnable                            0x08001dc5   Thumb Code    12  imu.o(i.imuUartEnable)
    judgeStopRoll                            0x08001dd5   Thumb Code    60  main.o(i.judgeStopRoll)
    keepAngle                                0x08001e19   Thumb Code   406  main.o(i.keepAngle)
    leftRightModeRun                         0x08001fdd   Thumb Code    98  main.o(i.leftRightModeRun)
    leftRightStatus                          0x08002045   Thumb Code    80  main.o(i.leftRightStatus)
    main                                     0x0800209d   Thumb Code   700  main.o(i.main)
    middleGetRunTime                         0x080023a5   Thumb Code    60  servo.o(i.middleGetRunTime)
    middleRotate                             0x080023e5   Thumb Code    38  main.o(i.middleRotate)
    middleServoRotate                        0x08002419   Thumb Code    28  servo.o(i.middleServoRotate)
    middleServoSpeedGo                       0x0800243d   Thumb Code    42  servo.o(i.middleServoSpeedGo)
    middleServoStopRotate                    0x08002475   Thumb Code    16  servo.o(i.middleServoStopRotate)
    middleStartTimer                         0x08002489   Thumb Code   114  servo.o(i.middleStartTimer)
    middleStopTimer                          0x08002505   Thumb Code    20  servo.o(i.middleStopTimer)
    moveBackModeRun                          0x0800251d   Thumb Code   100  main.o(i.moveBackModeRun)
    moveBackStatus                           0x08002589   Thumb Code   116  main.o(i.moveBackStatus)
    moveFrontModeRun                         0x0800260d   Thumb Code   100  main.o(i.moveFrontModeRun)
    moveFrontStatus                          0x08002679   Thumb Code   116  main.o(i.moveFrontStatus)
    moveLeftModeRun                          0x080026fd   Thumb Code    96  main.o(i.moveLeftModeRun)
    moveLeftStatus                           0x08002769   Thumb Code   106  main.o(i.moveLeftStatus)
    moveRightModeRun                         0x080027e5   Thumb Code    96  main.o(i.moveRightModeRun)
    moveRightStatus                          0x08002851   Thumb Code   106  main.o(i.moveRightStatus)
    resetModeRun                             0x080028cd   Thumb Code    78  main.o(i.resetModeRun)
    resetModeStatus                          0x08002921   Thumb Code    82  main.o(i.resetModeStatus)
    rollLeftRightModeRun                     0x08002989   Thumb Code    98  main.o(i.rollLeftRightModeRun)
    rollLeftRightStatus                      0x080029f1   Thumb Code    68  main.o(i.rollLeftRightStatus)
    servoInit                                0x08002a3d   Thumb Code   500  servo.o(i.servoInit)
    shakeStatus                              0x08002c45   Thumb Code    42  main.o(i.shakeStatus)
    swingCircleModeRun                       0x08002c75   Thumb Code    98  main.o(i.swingCircleModeRun)
    swingCircleStatus                        0x08002ce5   Thumb Code   106  main.o(i.swingCircleStatus)
    Region$$Table$$Base                      0x08002d60   Number         0  anon$$obj.o(Region$$Table)
    Region$$Table$$Limit                     0x08002d80   Number         0  anon$$obj.o(Region$$Table)
    OK_RSP                                   0x20000000   Data           3  main.o(.data)
    headCurPos                               0x20000004   Data           2  main.o(.data)
    middleCurPos                             0x20000006   Data           2  main.o(.data)
    bottomCurPos                             0x20000008   Data           2  main.o(.data)
    middleRotateStart                        0x2000000a   Data           1  main.o(.data)
    index                                    0x2000000c   Data           4  main.o(.data)
    subSpeedRate                             0x20000010   Data           4  main.o(.data)
    needCheckAngle                           0x20000014   Data           1  main.o(.data)
    checkStableStatus                        0x20000015   Data           1  main.o(.data)
    keepAngleState                           0x20000016   Data           1  main.o(.data)
    preYAngleNum                             0x20000017   Data           1  main.o(.data)
    rollStatus                               0x20000018   Data           1  main.o(.data)
    lastbottomPos                            0x2000001a   Data           2  main.o(.data)
    xAngleKeep                               0x2000001c   Data           2  main.o(.data)
    yAngleKeep                               0x2000001e   Data           2  main.o(.data)
    standBalanceState                        0x20000020   Data           1  main.o(.data)
    standBalanceTimes                        0x20000021   Data           1  main.o(.data)
    lastAngel                                0x20000022   Data           2  main.o(.data)
    curCmdType2Value                         0x20000024   Data           1  main.o(.data)
    curCmdType2CmdIndex                      0x20000025   Data           1  main.o(.data)
    SystemCoreClock                          0x2000002c   Data           4  system_stm32f10x.o(.data)
    AHBPrescTable                            0x20000030   Data          16  system_stm32f10x.o(.data)
    headReached                              0x20000040   Data           1  servo.o(.data)
    middleReached                            0x20000041   Data           1  servo.o(.data)
    headTimerStart                           0x20000042   Data           1  servo.o(.data)
    middleTimerStart                         0x20000043   Data           1  servo.o(.data)
    imuCurBufferIndex                        0x20000044   Data           1  imu.o(.data)
    newImuData                               0x20000045   Data           1  imu.o(.data)
    gAcc                                     0x20000046   Data           6  imu.o(.data)
    angleSpeed                               0x2000004c   Data           6  imu.o(.data)
    angle                                    0x20000052   Data           6  imu.o(.data)
    tempture                                 0x20000058   Data           2  imu.o(.data)
    imu_package                              0x2000005c   Data           4  imu.o(.data)
    imu_error                                0x20000060   Data           4  imu.o(.data)
    btCurBufferIndex                         0x20000064   Data           1  comunicate.o(.data)
    btSendStart                              0x20000065   Data           1  comunicate.o(.data)
    btCurRecvLen                             0x20000066   Data           1  comunicate.o(.data)
    CmdTp                                    0x20000067   Data           1  comunicate.o(.data)
    newCmdType2Value                         0x20000068   Data           1  comunicate.o(.data)
    bt_package                               0x2000006c   Data           4  comunicate.o(.data)
    bt_error                                 0x20000070   Data           4  comunicate.o(.data)
    bt_ok_not_recv                           0x20000074   Data           4  comunicate.o(.data)
    bt_no_ok_recv                            0x20000078   Data           4  comunicate.o(.data)
    __stdout                                 0x20000090   Data           4  stdout.o(.data)
    testangle1                               0x20000094   Data         512  main.o(.bss)
    testangle2                               0x20000294   Data         512  main.o(.bss)
    testangle3                               0x20000494   Data         512  main.o(.bss)
    pre3YAngle                               0x20000694   Data          32  main.o(.bss)
    imuRxBuffer0                             0x200006b4   Data          44  imu.o(.bss)
    imuRxBuffer1                             0x200006e0   Data          44  imu.o(.bss)
    btRxBuffer0                              0x2000070c   Data          30  comunicate.o(.bss)
    btRxBuffer1                              0x2000072a   Data          30  comunicate.o(.bss)
    __initial_sp                             0x20000b48   Data           0  startup_stm32f10x_md.o(STACK)



==============================================================================

Memory Map of the image

  Image Entry point : 0x080000ed

  Load Region LR_IROM1 (Base: 0x08000000, Size: 0x00002e14, Max: 0x00010000, ABSOLUTE)

    Execution Region ER_IROM1 (Base: 0x08000000, Size: 0x00002d80, Max: 0x00010000, ABSOLUTE)

    Base Addr    Size         Type   Attr      Idx    E Section Name        Object

    0x08000000   0x000000ec   Data   RO          799    RESET               startup_stm32f10x_md.o
    0x080000ec   0x00000000   Code   RO         1892  * .ARM.Collect$$$$00000000  mc_w.l(entry.o)
    0x080000ec   0x00000004   Code   RO         2188    .ARM.Collect$$$$00000001  mc_w.l(entry2.o)
    0x080000f0   0x00000004   Code   RO         2191    .ARM.Collect$$$$00000004  mc_w.l(entry5.o)
    0x080000f4   0x00000000   Code   RO         2193    .ARM.Collect$$$$00000008  mc_w.l(entry7b.o)
    0x080000f4   0x00000000   Code   RO         2195    .ARM.Collect$$$$0000000A  mc_w.l(entry8b.o)
    0x080000f4   0x00000008   Code   RO         2196    .ARM.Collect$$$$0000000B  mc_w.l(entry9a.o)
    0x080000fc   0x00000000   Code   RO         2198    .ARM.Collect$$$$0000000D  mc_w.l(entry10a.o)
    0x080000fc   0x00000000   Code   RO         2200    .ARM.Collect$$$$0000000F  mc_w.l(entry11a.o)
    0x080000fc   0x00000004   Code   RO         2189    .ARM.Collect$$$$00002712  mc_w.l(entry2.o)
    0x08000100   0x00000024   Code   RO          800    .text               startup_stm32f10x_md.o
    0x08000124   0x00000064   Code   RO         2156    .text               mf_w.l(fmul.o)
    0x08000188   0x00000012   Code   RO         2162    .text               mf_w.l(fflti.o)
    0x0800019a   0x00000028   Code   RO         2166    .text               mf_w.l(ffixui.o)
    0x080001c2   0x00000000   Code   RO         2209    .text               mc_w.l(iusefp.o)
    0x080001c2   0x0000006e   Code   RO         2210    .text               mf_w.l(fepilogue.o)
    0x08000230   0x00000024   Code   RO         2222    .text               mc_w.l(init.o)
    0x08000254   0x00000004   Code   RO          372    i.BusFault_Handler  stm32f10x_it.o
    0x08000258   0x000000c0   Code   RO            1    i.Cmd2Interpret     main.o
    0x08000318   0x0000001c   Code   RO          659    i.DMA1_Channel2_IRQHandler  comunicate.o
    0x08000334   0x0000001c   Code   RO          711    i.DMA_ClearFlag     stm32f10x_dma.o
    0x08000350   0x0000001c   Code   RO          712    i.DMA_ClearITPendingBit  stm32f10x_dma.o
    0x0800036c   0x00000018   Code   RO          713    i.DMA_Cmd           stm32f10x_dma.o
    0x08000384   0x0000014c   Code   RO          714    i.DMA_DeInit        stm32f10x_dma.o
    0x080004d0   0x00000008   Code   RO          715    i.DMA_GetCurrDataCounter  stm32f10x_dma.o
    0x080004d8   0x0000002c   Code   RO          717    i.DMA_GetITStatus   stm32f10x_dma.o
    0x08000504   0x00000012   Code   RO          718    i.DMA_ITConfig      stm32f10x_dma.o
    0x08000516   0x0000003c   Code   RO          719    i.DMA_Init          stm32f10x_dma.o
    0x08000552   0x00000002   Code   RO          373    i.DebugMon_Handler  stm32f10x_it.o
    0x08000554   0x00000116   Code   RO          810    i.GPIO_Init         stm32f10x_gpio.o
    0x0800066a   0x00000004   Code   RO          818    i.GPIO_SetBits      stm32f10x_gpio.o
    0x0800066e   0x00000004   Code   RO          374    i.HardFault_Handler  stm32f10x_it.o
    0x08000672   0x00000004   Code   RO          375    i.MemManage_Handler  stm32f10x_it.o
    0x08000676   0x00000002   Code   RO          376    i.NMI_Handler       stm32f10x_it.o
    0x08000678   0x00000070   Code   RO         1846    i.NVIC_Init         misc.o
    0x080006e8   0x00000014   Code   RO         1847    i.NVIC_PriorityGroupConfig  misc.o
    0x080006fc   0x00000002   Code   RO          377    i.PendSV_Handler    stm32f10x_it.o
    0x080006fe   0x00000002   PAD
    0x08000700   0x00000020   Code   RO         1467    i.RCC_AHBPeriphClockCmd  stm32f10x_rcc.o
    0x08000720   0x00000020   Code   RO         1468    i.RCC_APB1PeriphClockCmd  stm32f10x_rcc.o
    0x08000740   0x00000020   Code   RO         1470    i.RCC_APB2PeriphClockCmd  stm32f10x_rcc.o
    0x08000760   0x0000005a   Code   RO            3    i.RCC_Configuration  main.o
    0x080007ba   0x00000002   PAD
    0x080007bc   0x0000004c   Code   RO         1477    i.RCC_DeInit        stm32f10x_rcc.o
    0x08000808   0x000000d4   Code   RO         1478    i.RCC_GetClocksFreq  stm32f10x_rcc.o
    0x080008dc   0x0000003c   Code   RO         1479    i.RCC_GetFlagStatus  stm32f10x_rcc.o
    0x08000918   0x00000010   Code   RO         1481    i.RCC_GetSYSCLKSource  stm32f10x_rcc.o
    0x08000928   0x00000018   Code   RO         1482    i.RCC_HCLKConfig    stm32f10x_rcc.o
    0x08000940   0x0000000c   Code   RO         1484    i.RCC_HSICmd        stm32f10x_rcc.o
    0x0800094c   0x00000018   Code   RO         1489    i.RCC_PCLK1Config   stm32f10x_rcc.o
    0x08000964   0x00000018   Code   RO         1490    i.RCC_PCLK2Config   stm32f10x_rcc.o
    0x0800097c   0x0000000c   Code   RO         1491    i.RCC_PLLCmd        stm32f10x_rcc.o
    0x08000988   0x0000001c   Code   RO         1492    i.RCC_PLLConfig     stm32f10x_rcc.o
    0x080009a4   0x00000018   Code   RO         1495    i.RCC_SYSCLKConfig  stm32f10x_rcc.o
    0x080009bc   0x00000002   Code   RO          378    i.SVC_Handler       stm32f10x_it.o
    0x080009be   0x00000008   Code   RO          461    i.SetSysClock       system_stm32f10x.o
    0x080009c6   0x00000002   PAD
    0x080009c8   0x000000e0   Code   RO          462    i.SetSysClockTo48   system_stm32f10x.o
    0x08000aa8   0x00000002   Code   RO          379    i.SysTick_Handler   stm32f10x_it.o
    0x08000aaa   0x00000002   PAD
    0x08000aac   0x00000060   Code   RO          464    i.SystemInit        system_stm32f10x.o
    0x08000b0c   0x00000088   Code   RO          495    i.TIM2_IRQHandler   servo.o
    0x08000b94   0x00000018   Code   RO          922    i.TIM_ARRPreloadConfig  stm32f10x_tim.o
    0x08000bac   0x00000006   Code   RO          929    i.TIM_ClearITPendingBit  stm32f10x_tim.o
    0x08000bb2   0x00000018   Code   RO          934    i.TIM_Cmd           stm32f10x_tim.o
    0x08000bca   0x00000006   Code   RO          949    i.TIM_GetCapture1   stm32f10x_tim.o
    0x08000bd0   0x00000006   Code   RO          950    i.TIM_GetCapture2   stm32f10x_tim.o
    0x08000bd6   0x00000006   Code   RO          953    i.TIM_GetCounter    stm32f10x_tim.o
    0x08000bdc   0x00000022   Code   RO          955    i.TIM_GetITStatus   stm32f10x_tim.o
    0x08000bfe   0x00000012   Code   RO          959    i.TIM_ITConfig      stm32f10x_tim.o
    0x08000c10   0x00000098   Code   RO          963    i.TIM_OC1Init       stm32f10x_tim.o
    0x08000ca8   0x00000012   Code   RO          966    i.TIM_OC1PreloadConfig  stm32f10x_tim.o
    0x08000cba   0x00000002   PAD
    0x08000cbc   0x000000a4   Code   RO          968    i.TIM_OC2Init       stm32f10x_tim.o
    0x08000d60   0x0000001a   Code   RO          971    i.TIM_OC2PreloadConfig  stm32f10x_tim.o
    0x08000d7a   0x00000002   PAD
    0x08000d7c   0x000000a0   Code   RO          973    i.TIM_OC3Init       stm32f10x_tim.o
    0x08000e1c   0x00000012   Code   RO          976    i.TIM_OC3PreloadConfig  stm32f10x_tim.o
    0x08000e2e   0x00000004   Code   RO          995    i.TIM_SetCompare1   stm32f10x_tim.o
    0x08000e32   0x00000004   Code   RO          996    i.TIM_SetCompare2   stm32f10x_tim.o
    0x08000e36   0x00000004   Code   RO          997    i.TIM_SetCompare3   stm32f10x_tim.o
    0x08000e3a   0x00000004   Code   RO          999    i.TIM_SetCounter    stm32f10x_tim.o
    0x08000e3e   0x00000002   PAD
    0x08000e40   0x000000a4   Code   RO         1005    i.TIM_TimeBaseInit  stm32f10x_tim.o
    0x08000ee4   0x00000170   Code   RO          583    i.USART1_IRQHandler  imu.o
    0x08001054   0x00000130   Code   RO          660    i.USART3_IRQHandler  comunicate.o
    0x08001184   0x0000001e   Code   RO         1667    i.USART_ClearITPendingBit  stm32f10x_usart.o
    0x080011a2   0x00000018   Code   RO         1670    i.USART_Cmd         stm32f10x_usart.o
    0x080011ba   0x00000012   Code   RO         1671    i.USART_DMACmd      stm32f10x_usart.o
    0x080011cc   0x0000001a   Code   RO         1673    i.USART_GetFlagStatus  stm32f10x_usart.o
    0x080011e6   0x00000054   Code   RO         1674    i.USART_GetITStatus  stm32f10x_usart.o
    0x0800123a   0x0000004a   Code   RO         1676    i.USART_ITConfig    stm32f10x_usart.o
    0x08001284   0x000000d8   Code   RO         1677    i.USART_Init        stm32f10x_usart.o
    0x0800135c   0x00000008   Code   RO         1687    i.USART_SendData    stm32f10x_usart.o
    0x08001364   0x00000004   Code   RO          380    i.UsageFault_Handler  stm32f10x_it.o
    0x08001368   0x00000020   Code   RO         1962    i.__0printf$2       mc_w.l(printf2.o)
    0x08001388   0x0000000e   Code   RO         2230    i.__scatterload_copy  mc_w.l(handlers.o)
    0x08001396   0x00000002   Code   RO         2231    i.__scatterload_null  mc_w.l(handlers.o)
    0x08001398   0x0000000e   Code   RO         2232    i.__scatterload_zeroinit  mc_w.l(handlers.o)
    0x080013a6   0x000000d6   Code   RO         1969    i._printf_core      mc_w.l(printf2.o)
    0x0800147c   0x0000002c   Code   RO          623    i.audioInit         audio.o
    0x080014a8   0x00000094   Code   RO            4    i.avoidKnock        main.o
    0x0800153c   0x00000168   Code   RO          661    i.bluetoothInit     comunicate.o
    0x080016a4   0x00000010   Code   RO          663    i.bluetoothUartEnable  comunicate.o
    0x080016b4   0x00000070   Code   RO          664    i.bluetoothUartSend  comunicate.o
    0x08001724   0x00000038   Code   RO            5    i.bodyYesModeRun    main.o
    0x0800175c   0x00000030   Code   RO            6    i.bodyYesStatus     main.o
    0x0800178c   0x00000020   Code   RO          496    i.bottomServoSpeedGo  servo.o
    0x080017ac   0x0000000c   Code   RO            7    i.enterSleepRun     main.o
    0x080017b8   0x00000064   Code   RO            8    i.feelWrongedModeRun  main.o
    0x0800181c   0x0000004c   Code   RO            9    i.feelWrongedStatus  main.o
    0x08001868   0x00000024   Code   RO           10    i.fputc             main.o
    0x0800188c   0x0000004c   Code   RO           11    i.frontBackModeRun  main.o
    0x080018d8   0x0000003c   Code   RO           12    i.frontBackStatus   main.o
    0x08001914   0x0000005c   Code   RO           13    i.getBottomAdjustPwmByImu  main.o
    0x08001970   0x000000b8   Code   RO           14    i.getCurModeStatus  main.o
    0x08001a28   0x00000020   Code   RO          497    i.headGetRunTime    servo.o
    0x08001a48   0x00000048   Code   RO           16    i.headNoModeRun     main.o
    0x08001a90   0x00000040   Code   RO           17    i.headNoStatus      main.o
    0x08001ad0   0x00000038   Code   RO          498    i.headServoSpeedGo  servo.o
    0x08001b08   0x00000048   Code   RO           18    i.headSlowlyAroundModeRun  main.o
    0x08001b50   0x00000040   Code   RO           19    i.headSlowlyAroundStatus  main.o
    0x08001b90   0x0000007c   Code   RO          499    i.headStartTimer    servo.o
    0x08001c0c   0x00000018   Code   RO          500    i.headStopTimer     servo.o
    0x08001c24   0x00000144   Code   RO          584    i.imuInit           imu.o
    0x08001d68   0x0000004c   Code   RO          585    i.imuResetZ         imu.o
    0x08001db4   0x00000010   Code   RO          586    i.imuUartDisable    imu.o
    0x08001dc4   0x00000010   Code   RO          587    i.imuUartEnable     imu.o
    0x08001dd4   0x00000044   Code   RO           20    i.judgeStopRoll     main.o
    0x08001e18   0x000001c4   Code   RO           21    i.keepAngle         main.o
    0x08001fdc   0x00000068   Code   RO           22    i.leftRightModeRun  main.o
    0x08002044   0x00000058   Code   RO           23    i.leftRightStatus   main.o
    0x0800209c   0x00000308   Code   RO           24    i.main              main.o
    0x080023a4   0x00000040   Code   RO          501    i.middleGetRunTime  servo.o
    0x080023e4   0x00000034   Code   RO           25    i.middleRotate      main.o
    0x08002418   0x00000024   Code   RO          502    i.middleServoRotate  servo.o
    0x0800243c   0x00000038   Code   RO          503    i.middleServoSpeedGo  servo.o
    0x08002474   0x00000014   Code   RO          504    i.middleServoStopRotate  servo.o
    0x08002488   0x0000007c   Code   RO          505    i.middleStartTimer  servo.o
    0x08002504   0x00000018   Code   RO          506    i.middleStopTimer   servo.o
    0x0800251c   0x0000006c   Code   RO           26    i.moveBackModeRun   main.o
    0x08002588   0x00000084   Code   RO           27    i.moveBackStatus    main.o
    0x0800260c   0x0000006c   Code   RO           28    i.moveFrontModeRun  main.o
    0x08002678   0x00000084   Code   RO           29    i.moveFrontStatus   main.o
    0x080026fc   0x0000006c   Code   RO           30    i.moveLeftModeRun   main.o
    0x08002768   0x0000007c   Code   RO           31    i.moveLeftStatus    main.o
    0x080027e4   0x0000006c   Code   RO           32    i.moveRightModeRun  main.o
    0x08002850   0x0000007c   Code   RO           33    i.moveRightStatus   main.o
    0x080028cc   0x00000054   Code   RO           34    i.resetModeRun      main.o
    0x08002920   0x00000068   Code   RO           35    i.resetModeStatus   main.o
    0x08002988   0x00000068   Code   RO           36    i.rollLeftRightModeRun  main.o
    0x080029f0   0x0000004c   Code   RO           37    i.rollLeftRightStatus  main.o
    0x08002a3c   0x00000208   Code   RO          507    i.servoInit         servo.o
    0x08002c44   0x00000030   Code   RO           39    i.shakeStatus       main.o
    0x08002c74   0x00000070   Code   RO           41    i.swingCircleModeRun  main.o
    0x08002ce4   0x0000007c   Code   RO           42    i.swingCircleStatus  main.o
    0x08002d60   0x00000020   Data   RO         2228    Region$$Table       anon$$obj.o


    Execution Region RW_IRAM1 (Base: 0x20000000, Size: 0x00000b48, Max: 0x00005000, ABSOLUTE)

    Base Addr    Size         Type   Attr      Idx    E Section Name        Object

    0x20000000   0x0000002c   Data   RW           44    .data               main.o
    0x2000002c   0x00000014   Data   RW          465    .data               system_stm32f10x.o
    0x20000040   0x00000004   Data   RW          508    .data               servo.o
    0x20000044   0x00000020   Data   RW          589    .data               imu.o
    0x20000064   0x00000018   Data   RW          666    .data               comunicate.o
    0x2000007c   0x00000014   Data   RW         1498    .data               stm32f10x_rcc.o
    0x20000090   0x00000004   Data   RW         2202    .data               mc_w.l(stdout.o)
    0x20000094   0x00000620   Zero   RW           43    .bss                main.o
    0x200006b4   0x00000058   Zero   RW          588    .bss                imu.o
    0x2000070c   0x0000003c   Zero   RW          665    .bss                comunicate.o
    0x20000748   0x00000400   Zero   RW          797    STACK               startup_stm32f10x_md.o


==============================================================================

Image component sizes


      Code (inc. data)   RO Data    RW Data    ZI Data      Debug   Object Name

        44          4          0          0          0        424   audio.o
       820         92          0         24         60       3881   comunicate.o
         0          0          0          0          0         32   core_cm3.o
       800         90          0         32         88       3613   imu.o
      4578        534          0         44       1568     284413   main.o
       132         22          0          0          0       1431   misc.o
      1248        128          0          4          0       7490   servo.o
        36          8        236          0       1024        760   startup_stm32f10x_md.o
       542         36          0          0          0      15548   stm32f10x_dma.o
       282          0          0          0          0       2387   stm32f10x_gpio.o
        26          0          0          0          0       3418   stm32f10x_it.o
       608         98          0         20          0       9811   stm32f10x_rcc.o
       842         82          0          0          0      11060   stm32f10x_tim.o
       480          6          0          0          0       6506   stm32f10x_usart.o
       328         28          0         20          0       1917   system_stm32f10x.o

    ----------------------------------------------------------------------
     10780       1128        268        144       2740     352691   Object Totals
         0          0         32          0          0          0   (incl. Generated)
        14          0          0          0          0          0   (incl. Padding)

    ----------------------------------------------------------------------

      Code (inc. data)   RO Data    RW Data    ZI Data      Debug   Library Member Name

         0          0          0          0          0          0   entry.o
         0          0          0          0          0          0   entry10a.o
         0          0          0          0          0          0   entry11a.o
         8          4          0          0          0          0   entry2.o
         4          0          0          0          0          0   entry5.o
         0          0          0          0          0          0   entry7b.o
         0          0          0          0          0          0   entry8b.o
         8          4          0          0          0          0   entry9a.o
        30          0          0          0          0          0   handlers.o
        36          8          0          0          0         68   init.o
         0          0          0          0          0          0   iusefp.o
       246         10          0          0          0        176   printf2.o
         0          0          0          4          0          0   stdout.o
       110          0          0          0          0        168   fepilogue.o
        40          0          0          0          0         68   ffixui.o
        18          0          0          0          0         68   fflti.o
       100          0          0          0          0         76   fmul.o

    ----------------------------------------------------------------------
       600         26          0          4          0        624   Library Totals
         0          0          0          0          0          0   (incl. Padding)

    ----------------------------------------------------------------------

      Code (inc. data)   RO Data    RW Data    ZI Data      Debug   Library Name

       332         26          0          4          0        244   mc_w.l
       268          0          0          0          0        380   mf_w.l

    ----------------------------------------------------------------------
       600         26          0          4          0        624   Library Totals

    ----------------------------------------------------------------------

==============================================================================


      Code (inc. data)   RO Data    RW Data    ZI Data      Debug   

     11380       1154        268        148       2740     346863   Grand Totals
     11380       1154        268        148       2740     346863   ELF Image Totals
     11380       1154        268        148          0          0   ROM Totals

==============================================================================

    Total RO  Size (Code + RO Data)                11648 (  11.38kB)
    Total RW  Size (RW Data + ZI Data)              2888 (   2.82kB)
    Total ROM Size (Code + RO Data + RW Data)      11796 (  11.52kB)

==============================================================================

