Product: MDK-ARM Professional 5.10
Component: ARM Compiler 5.04 update 1 (build 49)
Tool: armlink [5040049]

==============================================================================

Section Cross References

    main.o(i.KEY_Scan) refers to delay.o(i.delay_ms) for delay_ms
    main.o(i.KEY_Scan) refers to main.o(.data) for key_up
    main.o(i.Key_Action) refers to audio.o(i.power_led_control) for power_led_control
    main.o(i.Key_Action) refers to servo.o(i.headServoSpeedGoSlowly) for headServoSpeedGoSlowly
    main.o(i.Key_Action) refers to lcd5110.o(i.LCD5110ShowNum) for LCD5110ShowNum
    main.o(i.Key_Action) refers to servo.o(i.headStopTimer) for headStopTimer
    main.o(i.Key_Action) refers to servo.o(i.middleServoSpeedGoSlowly) for middleServoSpeedGoSlowly
    main.o(i.Key_Action) refers to servo.o(i.middleStopTimer) for middleStopTimer
    main.o(i.Key_Action) refers to servo.o(i.headServoSpeedGo) for headServoSpeedGo
    main.o(i.Key_Action) refers to servo.o(i.middleServoSpeedGo) for middleServoSpeedGo
    main.o(i.Key_Action) refers to main.o(.data) for key
    main.o(i.RCC_Configuration) refers to stm32f10x_rcc.o(i.RCC_DeInit) for RCC_DeInit
    main.o(i.RCC_Configuration) refers to stm32f10x_rcc.o(i.RCC_HSICmd) for RCC_HSICmd
    main.o(i.RCC_Configuration) refers to stm32f10x_rcc.o(i.RCC_GetFlagStatus) for RCC_GetFlagStatus
    main.o(i.RCC_Configuration) refers to stm32f10x_rcc.o(i.RCC_HCLKConfig) for RCC_HCLKConfig
    main.o(i.RCC_Configuration) refers to stm32f10x_rcc.o(i.RCC_PCLK2Config) for RCC_PCLK2Config
    main.o(i.RCC_Configuration) refers to stm32f10x_rcc.o(i.RCC_PCLK1Config) for RCC_PCLK1Config
    main.o(i.RCC_Configuration) refers to stm32f10x_rcc.o(i.RCC_PLLConfig) for RCC_PLLConfig
    main.o(i.RCC_Configuration) refers to stm32f10x_rcc.o(i.RCC_PLLCmd) for RCC_PLLCmd
    main.o(i.RCC_Configuration) refers to stm32f10x_rcc.o(i.RCC_SYSCLKConfig) for RCC_SYSCLKConfig
    main.o(i.RCC_Configuration) refers to stm32f10x_rcc.o(i.RCC_GetSYSCLKSource) for RCC_GetSYSCLKSource
    main.o(i.Show_Init) refers to lcd5110.o(i.LCD5110Clear) for LCD5110Clear
    main.o(i.Show_Init) refers to lcd5110.o(i.LCD5110WriteEnStr) for LCD5110WriteEnStr
    main.o(i.Show_Init) refers to main.o(.data) for TITLE
    main.o(i.main) refers to main.o(i.RCC_Configuration) for RCC_Configuration
    main.o(i.main) refers to audio.o(i.audioInit) for audioInit
    main.o(i.main) refers to delay.o(i.delay_init) for delay_init
    main.o(i.main) refers to servo.o(i.servoInit) for servoInit
    main.o(i.main) refers to lcd5110.o(i.LCD5110_GPIOInit) for LCD5110_GPIOInit
    main.o(i.main) refers to main.o(i.Show_Init) for Show_Init
    main.o(i.main) refers to lcd5110.o(i.LCD5110ClearPart) for LCD5110ClearPart
    main.o(i.main) refers to lcd5110.o(i.LCD5110ShowNum) for LCD5110ShowNum
    main.o(i.main) refers to main.o(i.KEY_Scan) for KEY_Scan
    main.o(i.main) refers to main.o(i.Key_Action) for Key_Action
    main.o(i.main) refers to delay.o(i.delay_ms) for delay_ms
    main.o(i.main) refers to main.o(.data) for key
    system_stm32f10x.o(i.SetSysClock) refers to system_stm32f10x.o(i.SetSysClockTo48) for SetSysClockTo48
    system_stm32f10x.o(i.SystemCoreClockUpdate) refers to system_stm32f10x.o(.data) for SystemCoreClock
    system_stm32f10x.o(i.SystemInit) refers to system_stm32f10x.o(i.SetSysClock) for SetSysClock
    servo.o(i.TIM2_IRQHandler) refers to stm32f10x_tim.o(i.TIM_GetITStatus) for TIM_GetITStatus
    servo.o(i.TIM2_IRQHandler) refers to stm32f10x_tim.o(i.TIM_ClearITPendingBit) for TIM_ClearITPendingBit
    servo.o(i.TIM2_IRQHandler) refers to stm32f10x_tim.o(i.TIM_ITConfig) for TIM_ITConfig
    servo.o(i.TIM2_IRQHandler) refers to stm32f10x_tim.o(i.TIM_SetCompare1) for TIM_SetCompare1
    servo.o(i.TIM2_IRQHandler) refers to stm32f10x_tim.o(i.TIM_SetCompare2) for TIM_SetCompare2
    servo.o(i.TIM2_IRQHandler) refers to stm32f10x_tim.o(i.TIM_SetCompare3) for TIM_SetCompare3
    servo.o(i.TIM2_IRQHandler) refers to stm32f10x_tim.o(i.TIM_GetCapture3) for TIM_GetCapture3
    servo.o(i.TIM2_IRQHandler) refers to servo.o(.data) for headTimerStart
    servo.o(i.TIM2_IRQHandler) refers to dance_action_storage.o(.data) for middleRotateStart
    servo.o(i.bottomServoSpeedGo) refers to servo.o(i.bottomGetRunTime) for bottomGetRunTime
    servo.o(i.bottomServoSpeedGo) refers to servo.o(i.bottomStartTimer) for bottomStartTimer
    servo.o(i.bottomServoSpeedGo) refers to stm32f10x_tim.o(i.TIM_SetCompare3) for TIM_SetCompare3
    servo.o(i.bottomServoSpeedGo) refers to servo.o(.data) for bottomHold
    servo.o(i.bottomServoSpeedGo) refers to main.o(.data) for bottomCurPos
    servo.o(i.bottomStartTimer) refers to stm32f10x_tim.o(i.TIM_GetCounter) for TIM_GetCounter
    servo.o(i.bottomStartTimer) refers to stm32f10x_tim.o(i.TIM_SetCounter) for TIM_SetCounter
    servo.o(i.bottomStartTimer) refers to stm32f10x_tim.o(i.TIM_GetCapture1) for TIM_GetCapture1
[...]
    printf4.o(i.__0printf$4) refers to printf4.o(i._printf_core) for _printf_core
    printf4.o(i.__0printf$4) refers to print_redirect_function.o(i.fputc) for fputc
    printf4.o(i.__0printf$4) refers to stdout.o(.data) for __stdout
    printf4.o(i.__0snprintf$4) refers to printf4.o(i._printf_core) for _printf_core
    printf4.o(i.__0snprintf$4) refers to printf4.o(i._snputc) for _snputc
    printf4.o(i.__0sprintf$4) refers to printf4.o(i._printf_core) for _printf_core
    printf4.o(i.__0sprintf$4) refers to printf4.o(i._sputc) for _sputc
    printf4.o(i.__0vfprintf$4) refers to printf4.o(i._printf_core) for _printf_core
    printf4.o(i.__0vfprintf$4) refers to print_redirect_function.o(i.fputc) for fputc
    printf4.o(i.__0vprintf$4) refers to printf4.o(i._printf_core) for _printf_core
    printf4.o(i.__0vprintf$4) refers to print_redirect_function.o(i.fputc) for fputc
    printf4.o(i.__0vprintf$4) refers to stdout.o(.data) for __stdout
    printf4.o(i.__0vsnprintf$4) refers to printf4.o(i._printf_core) for _printf_core
    printf4.o(i.__0vsnprintf$4) refers to printf4.o(i._snputc) for _snputc
    printf4.o(i.__0vsprintf$4) refers to printf4.o(i._printf_core) for _printf_core
    printf4.o(i.__0vsprintf$4) refers to printf4.o(i._sputc) for _sputc
    printf4.o(i._printf_core) refers to uldiv.o(.text) for __aeabi_uldivmod
    printf5.o(i.__0fprintf$5) refers to printf5.o(i._printf_core) for _printf_core
    printf5.o(i.__0fprintf$5) refers to print_redirect_function.o(i.fputc) for fputc
    printf5.o(i.__0printf$5) refers to printf5.o(i._printf_core) for _printf_core
    printf5.o(i.__0printf$5) refers to print_redirect_function.o(i.fputc) for fputc
    printf5.o(i.__0printf$5) refers to stdout.o(.data) for __stdout
    printf5.o(i.__0snprintf$5) refers to printf5.o(i._printf_core) for _printf_core
    printf5.o(i.__0snprintf$5) refers to printf5.o(i._snputc) for _snputc
    printf5.o(i.__0sprintf$5) refers to printf5.o(i._printf_core) for _printf_core
    printf5.o(i.__0sprintf$5) refers to printf5.o(i._sputc) for _sputc
    printf5.o(i.__0vfprintf$5) refers to printf5.o(i._printf_core) for _printf_core
    printf5.o(i.__0vfprintf$5) refers to print_redirect_function.o(i.fputc) for fputc
    printf5.o(i.__0vprintf$5) refers to printf5.o(i._printf_core) for _printf_core
    printf5.o(i.__0vprintf$5) refers to print_redirect_function.o(i.fputc) for fputc
    printf5.o(i.__0vprintf$5) refers to stdout.o(.data) for __stdout
    printf5.o(i.__0vsnprintf$5) refers to printf5.o(i._printf_core) for _printf_core
    printf5.o(i.__0vsnprintf$5) refers to printf5.o(i._snputc) for _snputc
    printf5.o(i.__0vsprintf$5) refers to printf5.o(i._printf_core) for _printf_core
    printf5.o(i.__0vsprintf$5) refers to printf5.o(i._sputc) for _sputc
    printf5.o(i._printf_core) refers to uldiv.o(.text) for __aeabi_uldivmod
    printf6.o(i.__0fprintf$6) refers to printf6.o(i._printf_core) for _printf_core
    printf6.o(i.__0fprintf$6) refers to print_redirect_function.o(i.fputc) for fputc
    printf6.o(i.__0printf$6) refers to printf6.o(i._printf_core) for _printf_core
    printf6.o(i.__0printf$6) refers to print_redirect_function.o(i.fputc) for fputc
    printf6.o(i.__0printf$6) refers to stdout.o(.data) for __stdout
    printf6.o(i.__0snprintf$6) refers to printf6.o(i._printf_core) for _printf_core
    printf6.o(i.__0snprintf$6) refers to printf6.o(i._snputc) for _snputc
    printf6.o(i.__0sprintf$6) refers to printf6.o(i._printf_core) for _printf_core
    printf6.o(i.__0sprintf$6) refers to printf6.o(i._sputc) for _sputc
    printf6.o(i.__0vfprintf$6) refers to printf6.o(i._printf_core) for _printf_core
    printf6.o(i.__0vfprintf$6) refers to print_redirect_function.o(i.fputc) for fputc
    printf6.o(i.__0vprintf$6) refers to printf6.o(i._printf_core) for _printf_core
    printf6.o(i.__0vprintf$6) refers to print_redirect_function.o(i.fputc) for fputc
    printf6.o(i.__0vprintf$6) refers to stdout.o(.data) for __stdout
    printf6.o(i.__0vsnprintf$6) refers to printf6.o(i._printf_core) for _printf_core
    printf6.o(i.__0vsnprintf$6) refers to printf6.o(i._snputc) for _snputc
    printf6.o(i.__0vsprintf$6) refers to printf6.o(i._printf_core) for _printf_core
    printf6.o(i.__0vsprintf$6) refers to printf6.o(i._sputc) for _sputc
    printf6.o(i._printf_core) refers to printf6.o(i._printf_pre_padding) for _printf_pre_padding
    printf6.o(i._printf_core) refers to uidiv.o(.text) for __aeabi_uidivmod
    printf6.o(i._printf_core) refers to printf6.o(i._printf_post_padding) for _printf_post_padding
    printf7.o(i.__0fprintf$7) refers to printf7.o(i._printf_core) for _printf_core
    printf7.o(i.__0fprintf$7) refers to print_redirect_function.o(i.fputc) for fputc
    printf7.o(i.__0printf$7) refers to printf7.o(i._printf_core) for _printf_core
    printf7.o(i.__0printf$7) refers to print_redirect_function.o(i.fputc) for fputc
    printf7.o(i.__0printf$7) refers to stdout.o(.data) for __stdout
    printf7.o(i.__0snprintf$7) refers to printf7.o(i._printf_core) for _printf_core
    printf7.o(i.__0snprintf$7) refers to printf7.o(i._snputc) for _snputc
    printf7.o(i.__0sprintf$7) refers to printf7.o(i._printf_core) for _printf_core
    printf7.o(i.__0sprintf$7) refers to printf7.o(i._sputc) for _sputc
    printf7.o(i.__0vfprintf$7) refers to printf7.o(i._printf_core) for _printf_core
    printf7.o(i.__0vfprintf$7) refers to print_redirect_function.o(i.fputc) for fputc
    printf7.o(i.__0vprintf$7) refers to printf7.o(i._printf_core) for _printf_core
    printf7.o(i.__0vprintf$7) refers to print_redirect_function.o(i.fputc) for fputc
    printf7.o(i.__0vprintf$7) refers to stdout.o(.data) for __stdout
    printf7.o(i.__0vsnprintf$7) refers to printf7.o(i._printf_core) for _printf_core
    printf7.o(i.__0vsnprintf$7) refers to printf7.o(i._snputc) for _snputc
    printf7.o(i.__0vsprintf$7) refers to printf7.o(i._printf_core) for _printf_core
    printf7.o(i.__0vsprintf$7) refers to printf7.o(i._sputc) for _sputc
    printf7.o(i._printf_core) refers to printf7.o(i._printf_pre_padding) for _printf_pre_padding
    printf7.o(i._printf_core) refers to uldiv.o(.text) for __aeabi_uldivmod
    printf7.o(i._printf_core) refers to printf7.o(i._printf_post_padding) for _printf_post_padding
    printf8.o(i.__0fprintf$8) refers to printf8.o(i._printf_core) for _printf_core
    printf8.o(i.__0fprintf$8) refers to print_redirect_function.o(i.fputc) for fputc
    printf8.o(i.__0printf$8) refers to printf8.o(i._printf_core) for _printf_core
    printf8.o(i.__0printf$8) refers to print_redirect_function.o(i.fputc) for fputc
    printf8.o(i.__0printf$8) refers to stdout.o(.data) for __stdout
    printf8.o(i.__0snprintf$8) refers to printf8.o(i._printf_core) for _printf_core
    printf8.o(i.__0snprintf$8) refers to printf8.o(i._snputc) for _snputc
    printf8.o(i.__0sprintf$8) refers to printf8.o(i._printf_core) for _printf_core
    printf8.o(i.__0sprintf$8) refers to printf8.o(i._sputc) for _sputc
    printf8.o(i.__0vfprintf$8) refers to printf8.o(i._printf_core) for _printf_core
    printf8.o(i.__0vfprintf$8) refers to print_redirect_function.o(i.fputc) for fputc
    printf8.o(i.__0vprintf$8) refers to printf8.o(i._printf_core) for _printf_core
    printf8.o(i.__0vprintf$8) refers to print_redirect_function.o(i.fputc) for fputc
    printf8.o(i.__0vprintf$8) refers to stdout.o(.data) for __stdout
    printf8.o(i.__0vsnprintf$8) refers to printf8.o(i._printf_core) for _printf_core
    printf8.o(i.__0vsnprintf$8) refers to printf8.o(i._snputc) for _snputc
    printf8.o(i.__0vsprintf$8) refers to printf8.o(i._printf_core) for _printf_core
    printf8.o(i.__0vsprintf$8) refers to printf8.o(i._sputc) for _sputc
    printf8.o(i._printf_core) refers to printf8.o(i._printf_pre_padding) for _printf_pre_padding
    printf8.o(i._printf_core) refers to uldiv.o(.text) for __aeabi_uldivmod
    printf8.o(i._printf_core) refers to printf8.o(i._printf_post_padding) for _printf_post_padding
    printfa.o(i.__0fprintf) refers (Special) to iusefp.o(.text) for __I$use$fp
    printfa.o(i.__0fprintf) refers to printfa.o(i._printf_core) for _printf_core
    printfa.o(i.__0fprintf) refers to print_redirect_function.o(i.fputc) for fputc
    printfa.o(i.__0printf) refers (Special) to iusefp.o(.text) for __I$use$fp
    printfa.o(i.__0printf) refers to printfa.o(i._printf_core) for _printf_core
    printfa.o(i.__0printf) refers to print_redirect_function.o(i.fputc) for fputc
    printfa.o(i.__0printf) refers to stdout.o(.data) for __stdout
    printfa.o(i.__0snprintf) refers (Special) to iusefp.o(.text) for __I$use$fp
    printfa.o(i.__0snprintf) refers to printfa.o(i._printf_core) for _printf_core
    printfa.o(i.__0snprintf) refers to printfa.o(i._snputc) for _snputc
    printfa.o(i.__0sprintf) refers (Special) to iusefp.o(.text) for __I$use$fp
    printfa.o(i.__0sprintf) refers to printfa.o(i._printf_core) for _printf_core
    printfa.o(i.__0sprintf) refers to printfa.o(i._sputc) for _sputc
    printfa.o(i.__0vfprintf) refers (Special) to iusefp.o(.text) for __I$use$fp
    printfa.o(i.__0vfprintf) refers to printfa.o(i._printf_core) for _printf_core
    printfa.o(i.__0vfprintf) refers to print_redirect_function.o(i.fputc) for fputc
    printfa.o(i.__0vprintf) refers (Special) to iusefp.o(.text) for __I$use$fp
    printfa.o(i.__0vprintf) refers to printfa.o(i._printf_core) for _printf_core
    printfa.o(i.__0vprintf) refers to print_redirect_function.o(i.fputc) for fputc
    printfa.o(i.__0vprintf) refers to stdout.o(.data) for __stdout
    printfa.o(i.__0vsnprintf) refers (Special) to iusefp.o(.text) for __I$use$fp
    printfa.o(i.__0vsnprintf) refers to printfa.o(i._printf_core) for _printf_core
    printfa.o(i.__0vsnprintf) refers to printfa.o(i._snputc) for _snputc
    printfa.o(i.__0vsprintf) refers (Special) to iusefp.o(.text) for __I$use$fp
    printfa.o(i.__0vsprintf) refers to printfa.o(i._printf_core) for _printf_core
    printfa.o(i.__0vsprintf) refers to printfa.o(i._sputc) for _sputc
    printfa.o(i._fp_digits) refers (Special) to iusefp.o(.text) for __I$use$fp
    printfa.o(i._fp_digits) refers to dmul.o(.text) for __aeabi_dmul
    printfa.o(i._fp_digits) refers to ddiv.o(.text) for __aeabi_ddiv
    printfa.o(i._fp_digits) refers to cdrcmple.o(.text) for __aeabi_cdrcmple
    printfa.o(i._fp_digits) refers to dadd.o(.text) for __aeabi_dadd
    printfa.o(i._fp_digits) refers to dfixul.o(.text) for __aeabi_d2ulz
    printfa.o(i._fp_digits) refers to uldiv.o(.text) for __aeabi_uldivmod
    printfa.o(i._printf_core) refers (Special) to iusefp.o(.text) for __I$use$fp
    printfa.o(i._printf_core) refers to printfa.o(i._printf_pre_padding) for _printf_pre_padding
    printfa.o(i._printf_core) refers to uldiv.o(.text) for __aeabi_uldivmod
    printfa.o(i._printf_core) refers to printfa.o(i._printf_post_padding) for _printf_post_padding
    printfa.o(i._printf_core) refers to printfa.o(i._fp_digits) for _fp_digits
    printfa.o(i._printf_core) refers to uidiv.o(.text) for __aeabi_uidivmod
    printfa.o(i._printf_post_padding) refers (Special) to iusefp.o(.text) for __I$use$fp
    printfa.o(i._printf_pre_padding) refers (Special) to iusefp.o(.text) for __I$use$fp
    printfa.o(i._snputc) refers (Special) to iusefp.o(.text) for __I$use$fp
    printfa.o(i._sputc) refers (Special) to iusefp.o(.text) for __I$use$fp
    fmul.o(.text) refers (Special) to iusefp.o(.text) for __I$use$fp
    dmul.o(.text) refers (Special) to iusefp.o(.text) for __I$use$fp
    dmul.o(.text) refers to depilogue.o(.text) for _double_epilogue
    ddiv.o(.text) refers (Special) to iusefp.o(.text) for __I$use$fp
    ddiv.o(.text) refers to depilogue.o(.text) for _double_round
    fflti.o(.text) refers (Special) to iusefp.o(.text) for __I$use$fp
    fflti.o(.text) refers to fepilogue.o(.text) for _float_epilogue
    dflti.o(.text) refers (Special) to iusefp.o(.text) for __I$use$fp
    dflti.o(.text) refers to depilogue.o(.text) for _double_epilogue
    ffixui.o(.text) refers (Special) to iusefp.o(.text) for __I$use$fp
    dfixi.o(.text) refers (Special) to iusefp.o(.text) for __I$use$fp
    dfixi.o(.text) refers to llushr.o(.text) for __aeabi_llsr
    dunder.o(i.__mathlib_dbl_underflow) refers to dscalb.o(.text) for __ARM_scalbn
    fpclassify.o(i.__ARM_fpclassify) refers (Special) to iusefp.o(.text) for __I$use$fp
    poly.o(i.__kernel_poly) refers (Special) to iusefp.o(.text) for __I$use$fp
    poly.o(i.__kernel_poly) refers to dmul.o(.text) for __aeabi_dmul
    poly.o(i.__kernel_poly) refers to dadd.o(.text) for __aeabi_dadd
    entry2.o(.ARM.Collect$$$$00000001) refers to entry2.o(.ARM.Collect$$$$00002712) for __lit__00000000
    entry2.o(.ARM.Collect$$$$00002712) refers to startup_stm32f10x_md.o(STACK) for __initial_sp
    entry2.o(__vectab_stack_and_reset_area) refers to startup_stm32f10x_md.o(STACK) for __initial_sp
    entry2.o(__vectab_stack_and_reset_area) refers to entry.o(.ARM.Collect$$$$00000000) for __main
    entry5.o(.ARM.Collect$$$$00000004) refers to init.o(.text) for __scatterload
    entry9a.o(.ARM.Collect$$$$0000000B) refers to main.o(i.main) for main
    entry9b.o(.ARM.Collect$$$$0000000C) refers to main.o(i.main) for main
    uldiv.o(.text) refers to llushr.o(.text) for __aeabi_llsr
    uldiv.o(.text) refers to llshl.o(.text) for __aeabi_llsl
    depilogue.o(.text) refers to llshl.o(.text) for __aeabi_llsl
    depilogue.o(.text) refers to llushr.o(.text) for __aeabi_llsr
    dadd.o(.text) refers to llshl.o(.text) for __aeabi_llsl
    dadd.o(.text) refers to llsshr.o(.text) for __aeabi_lasr
    dadd.o(.text) refers to depilogue.o(.text) for _double_epilogue
    dfixul.o(.text) refers to llushr.o(.text) for __aeabi_llsr
    dfixul.o(.text) refers to llshl.o(.text) for __aeabi_llsl
    init.o(.text) refers to entry5.o(.ARM.Collect$$$$00000004) for __main_after_scatterload


==============================================================================

Removing Unused input sections from the image.

    Removing system_stm32f10x.o(i.SystemCoreClockUpdate), (164 bytes).
    Removing servo.o(i.bottomGetRunTime), (32 bytes).
    Removing servo.o(i.bottomServoSpeedGo), (68 bytes).
    Removing servo.o(i.bottomStartTimer), (156 bytes).
    Removing servo.o(i.middleServoRotate), (36 bytes).
    Removing servo.o(i.middleServoStopRotate), (20 bytes).
    Removing servo.o(i.powerOffServo), (20 bytes).
    Removing servo.o(i.powerOnServo), (20 bytes).
    Removing imu.o(i.imuInit), (324 bytes).
    Removing imu.o(i.imuResetZ), (76 bytes).
    Removing imu.o(i.imuUartDisable), (16 bytes).
    Removing imu.o(i.imuUartEnable), (16 bytes).
    Removing audio.o(i.power_off), (20 bytes).
    Removing comunicate.o(i.bluetoothInit), (360 bytes).
    Removing comunicate.o(i.bluetoothUartDisable), (16 bytes).
    Removing comunicate.o(i.bluetoothUartEnable), (16 bytes).
    Removing dance_action_storage.o(i.Cmd2Interpret), (324 bytes).
    Removing dance_action_storage.o(i.avoidKnock), (148 bytes).
    Removing dance_action_storage.o(i.backMoveOnceModeRun), (64 bytes).
    Removing dance_action_storage.o(i.backMoveOnceStatus), (52 bytes).
    Removing dance_action_storage.o(i.bodyLeftModeRun), (112 bytes).
    Removing dance_action_storage.o(i.bodyLeftStatus), (144 bytes).
    Removing dance_action_storage.o(i.bodyRightModeRun), (112 bytes).
    Removing dance_action_storage.o(i.bodyRightStatus), (144 bytes).
    Removing dance_action_storage.o(i.bodyYesModeRun), (56 bytes).
    Removing dance_action_storage.o(i.bodyYesStatus), (48 bytes).
    Removing dance_action_storage.o(i.enterSleepRun), (12 bytes).
    Removing dance_action_storage.o(i.feelWrongedModeRun), (100 bytes).
    Removing dance_action_storage.o(i.feelWrongedStatus), (80 bytes).
    Removing dance_action_storage.o(i.frontBackModeRun), (76 bytes).
    Removing dance_action_storage.o(i.frontBackStatus), (60 bytes).
    Removing dance_action_storage.o(i.frontMoveOnceModeRun), (64 bytes).
    Removing dance_action_storage.o(i.frontMoveOnceStatus), (52 bytes).
    Removing dance_action_storage.o(i.getBottomAdjustPwmByImu), (92 bytes).
    Removing dance_action_storage.o(i.getCurModeStatus), (288 bytes).
    Removing dance_action_storage.o(i.getMiddlePwmByImu), (56 bytes).
    Removing dance_action_storage.o(i.headLeftModeRun), (52 bytes).
    Removing dance_action_storage.o(i.headLeftSlowlyModeRun), (92 bytes).
    Removing dance_action_storage.o(i.headLeftSlowlyStatus), (56 bytes).
    Removing dance_action_storage.o(i.headLeftStatus), (56 bytes).
    Removing dance_action_storage.o(i.headNoModeRun), (72 bytes).
    Removing dance_action_storage.o(i.headNoStatus), (64 bytes).
    Removing dance_action_storage.o(i.headRightModeRun), (52 bytes).
    Removing dance_action_storage.o(i.headRightSlowlyModeRun), (92 bytes).
    Removing dance_action_storage.o(i.headRightSlowlyStatus), (56 bytes).
    Removing dance_action_storage.o(i.headRightStatus), (56 bytes).
    Removing dance_action_storage.o(i.headSlowlyAroundModeRun), (68 bytes).
    Removing dance_action_storage.o(i.headSlowlyAroundStatus), (60 bytes).
    Removing dance_action_storage.o(i.judgeStopRoll), (68 bytes).
    Removing dance_action_storage.o(i.keepAngle), (452 bytes).
    Removing dance_action_storage.o(i.leftMoveOnceModeRun), (92 bytes).
    Removing dance_action_storage.o(i.leftMoveOnceStatus), (80 bytes).
    Removing dance_action_storage.o(i.leftRightModeRun), (104 bytes).
    Removing dance_action_storage.o(i.leftRightStatus), (88 bytes).
    Removing dance_action_storage.o(i.middleRotate), (52 bytes).
    Removing dance_action_storage.o(i.middleRotateForBodyRotate), (52 bytes).
    Removing dance_action_storage.o(i.moveBackModeRun), (108 bytes).
    Removing dance_action_storage.o(i.moveBackStatus), (132 bytes).
    Removing dance_action_storage.o(i.moveFrontModeRun), (108 bytes).
    Removing dance_action_storage.o(i.moveFrontStatus), (132 bytes).
    Removing dance_action_storage.o(i.moveLeftModeRun), (108 bytes).
    Removing dance_action_storage.o(i.moveLeftStatus), (124 bytes).
    Removing dance_action_storage.o(i.moveRightModeRun), (108 bytes).
    Removing dance_action_storage.o(i.moveRightStatus), (124 bytes).
    Removing dance_action_storage.o(i.resetModeRun), (84 bytes).
    Removing dance_action_storage.o(i.resetModeStatus), (104 bytes).
    Removing dance_action_storage.o(i.rightMoveOnceModeRun), (92 bytes).
    Removing dance_action_storage.o(i.rightMoveOnceStatus), (80 bytes).
    Removing dance_action_storage.o(i.rollLeftRightModeRun), (104 bytes).
    Removing dance_action_storage.o(i.rollLeftRightStatus), (76 bytes).
    Removing dance_action_storage.o(i.shakeModeRun), (56 bytes).
    Removing dance_action_storage.o(i.shakeStatus), (48 bytes).
    Removing dance_action_storage.o(i.standBalance), (580 bytes).
    Removing dance_action_storage.o(i.swingCircleModeRun), (112 bytes).
    Removing dance_action_storage.o(i.swingCircleStatus), (124 bytes).
    Removing dance_action_storage.o(.bss), (32 bytes).
    Removing debug.o(i.debugForCmd), (556 bytes).
    Removing delay.o(i.delay_us), (76 bytes).
    Removing key.o(i.KEY_Init), (40 bytes).
    Removing lcd5110.o(i.LCD5110WriteChStr), (92 bytes).
    Removing stm32f10x_dma.o(i.DMA_GetFlagStatus), (44 bytes).
    Removing stm32f10x_dma.o(i.DMA_SetCurrDataCounter), (4 bytes).
    Removing stm32f10x_dma.o(i.DMA_StructInit), (26 bytes).
    Removing core_cm3.o(.emb_text), (32 bytes).
    Removing startup_stm32f10x_md.o(HEAP), (512 bytes).
    Removing stm32f10x_gpio.o(i.GPIO_AFIODeInit), (20 bytes).
    Removing stm32f10x_gpio.o(i.GPIO_DeInit), (200 bytes).
    Removing stm32f10x_gpio.o(i.GPIO_ETH_MediaInterfaceConfig), (12 bytes).
    Removing stm32f10x_gpio.o(i.GPIO_EXTILineConfig), (64 bytes).
    Removing stm32f10x_gpio.o(i.GPIO_EventOutputCmd), (12 bytes).
    Removing stm32f10x_gpio.o(i.GPIO_EventOutputConfig), (32 bytes).
    Removing stm32f10x_gpio.o(i.GPIO_PinLockConfig), (18 bytes).
    Removing stm32f10x_gpio.o(i.GPIO_PinRemapConfig), (144 bytes).
    Removing stm32f10x_gpio.o(i.GPIO_ReadInputData), (8 bytes).
    Removing stm32f10x_gpio.o(i.GPIO_ReadInputDataBit), (18 bytes).
    Removing stm32f10x_gpio.o(i.GPIO_ReadOutputData), (8 bytes).
    Removing stm32f10x_gpio.o(i.GPIO_ReadOutputDataBit), (18 bytes).
    Removing stm32f10x_gpio.o(i.GPIO_StructInit), (16 bytes).
    Removing stm32f10x_gpio.o(i.GPIO_Write), (4 bytes).
    Removing stm32f10x_gpio.o(i.GPIO_WriteBit), (10 bytes).
    Removing stm32f10x_tim.o(i.TI1_Config), (128 bytes).
    Removing stm32f10x_tim.o(i.TI2_Config), (152 bytes).
    Removing stm32f10x_tim.o(i.TI3_Config), (144 bytes).
    Removing stm32f10x_tim.o(i.TI4_Config), (152 bytes).
    Removing stm32f10x_tim.o(i.TIM_BDTRConfig), (32 bytes).
    Removing stm32f10x_tim.o(i.TIM_BDTRStructInit), (18 bytes).
    Removing stm32f10x_tim.o(i.TIM_CCPreloadControl), (24 bytes).
    Removing stm32f10x_tim.o(i.TIM_CCxCmd), (30 bytes).
    Removing stm32f10x_tim.o(i.TIM_CCxNCmd), (30 bytes).
    Removing stm32f10x_tim.o(i.TIM_ClearFlag), (6 bytes).
    Removing stm32f10x_tim.o(i.TIM_ClearOC1Ref), (18 bytes).
    Removing stm32f10x_tim.o(i.TIM_ClearOC2Ref), (24 bytes).
    Removing stm32f10x_tim.o(i.TIM_ClearOC3Ref), (18 bytes).
    Removing stm32f10x_tim.o(i.TIM_ClearOC4Ref), (24 bytes).
    Removing stm32f10x_tim.o(i.TIM_CounterModeConfig), (18 bytes).
    Removing stm32f10x_tim.o(i.TIM_CtrlPWMOutputs), (30 bytes).
    Removing stm32f10x_tim.o(i.TIM_DMACmd), (18 bytes).
    Removing stm32f10x_tim.o(i.TIM_DMAConfig), (10 bytes).
    Removing stm32f10x_tim.o(i.TIM_DeInit), (488 bytes).
    Removing stm32f10x_tim.o(i.TIM_ETRClockMode1Config), (54 bytes).
    Removing stm32f10x_tim.o(i.TIM_ETRClockMode2Config), (32 bytes).
    Removing stm32f10x_tim.o(i.TIM_ETRConfig), (28 bytes).
    Removing stm32f10x_tim.o(i.TIM_EncoderInterfaceConfig), (66 bytes).
    Removing stm32f10x_tim.o(i.TIM_ForcedOC1Config), (18 bytes).
    Removing stm32f10x_tim.o(i.TIM_ForcedOC2Config), (26 bytes).
    Removing stm32f10x_tim.o(i.TIM_ForcedOC3Config), (18 bytes).
    Removing stm32f10x_tim.o(i.TIM_ForcedOC4Config), (26 bytes).
    Removing stm32f10x_tim.o(i.TIM_GenerateEvent), (4 bytes).
    Removing stm32f10x_tim.o(i.TIM_GetCapture4), (8 bytes).
    Removing stm32f10x_tim.o(i.TIM_GetFlagStatus), (18 bytes).
    Removing stm32f10x_tim.o(i.TIM_GetPrescaler), (6 bytes).
    Removing stm32f10x_tim.o(i.TIM_ICInit), (172 bytes).
    Removing stm32f10x_tim.o(i.TIM_ICStructInit), (18 bytes).
    Removing stm32f10x_tim.o(i.TIM_ITRxExternalClockConfig), (24 bytes).
    Removing stm32f10x_tim.o(i.TIM_InternalClockConfig), (12 bytes).
    Removing stm32f10x_tim.o(i.TIM_OC1FastConfig), (18 bytes).
    Removing stm32f10x_tim.o(i.TIM_OC1NPolarityConfig), (18 bytes).
    Removing stm32f10x_tim.o(i.TIM_OC1PolarityConfig), (18 bytes).
    Removing stm32f10x_tim.o(i.TIM_OC2FastConfig), (26 bytes).
    Removing stm32f10x_tim.o(i.TIM_OC2NPolarityConfig), (26 bytes).
    Removing stm32f10x_tim.o(i.TIM_OC2PolarityConfig), (26 bytes).
    Removing stm32f10x_tim.o(i.TIM_OC3FastConfig), (18 bytes).
    Removing stm32f10x_tim.o(i.TIM_OC3NPolarityConfig), (26 bytes).
    Removing stm32f10x_tim.o(i.TIM_OC3PolarityConfig), (26 bytes).
    Removing stm32f10x_tim.o(i.TIM_OC4FastConfig), (26 bytes).
    Removing stm32f10x_tim.o(i.TIM_OC4Init), (124 bytes).
    Removing stm32f10x_tim.o(i.TIM_OC4PolarityConfig), (26 bytes).
    Removing stm32f10x_tim.o(i.TIM_OC4PreloadConfig), (26 bytes).
    Removing stm32f10x_tim.o(i.TIM_OCStructInit), (20 bytes).
    Removing stm32f10x_tim.o(i.TIM_PWMIConfig), (124 bytes).
    Removing stm32f10x_tim.o(i.TIM_PrescalerConfig), (6 bytes).
    Removing stm32f10x_tim.o(i.TIM_SelectCCDMA), (24 bytes).
    Removing stm32f10x_tim.o(i.TIM_SelectCOM), (24 bytes).
    Removing stm32f10x_tim.o(i.TIM_SelectHallSensor), (24 bytes).
    Removing stm32f10x_tim.o(i.TIM_SelectInputTrigger), (18 bytes).
    Removing stm32f10x_tim.o(i.TIM_SelectMasterSlaveMode), (18 bytes).
    Removing stm32f10x_tim.o(i.TIM_SelectOCxM), (82 bytes).
    Removing stm32f10x_tim.o(i.TIM_SelectOnePulseMode), (18 bytes).
    Removing stm32f10x_tim.o(i.TIM_SelectOutputTrigger), (18 bytes).
    Removing stm32f10x_tim.o(i.TIM_SelectSlaveMode), (18 bytes).
    Removing stm32f10x_tim.o(i.TIM_SetAutoreload), (4 bytes).
    Removing stm32f10x_tim.o(i.TIM_SetClockDivision), (18 bytes).
    Removing stm32f10x_tim.o(i.TIM_SetCompare4), (6 bytes).
    Removing stm32f10x_tim.o(i.TIM_SetIC1Prescaler), (18 bytes).
    Removing stm32f10x_tim.o(i.TIM_SetIC2Prescaler), (26 bytes).
    Removing stm32f10x_tim.o(i.TIM_SetIC3Prescaler), (18 bytes).
    Removing stm32f10x_tim.o(i.TIM_SetIC4Prescaler), (26 bytes).
    Removing stm32f10x_tim.o(i.TIM_TIxExternalClockConfig), (62 bytes).
    Removing stm32f10x_tim.o(i.TIM_TimeBaseStructInit), (18 bytes).
    Removing stm32f10x_tim.o(i.TIM_UpdateDisableConfig), (24 bytes).
    Removing stm32f10x_tim.o(i.TIM_UpdateRequestConfig), (24 bytes).
    Removing stm32f10x_rcc.o(i.RCC_ADCCLKConfig), (24 bytes).
    Removing stm32f10x_rcc.o(i.RCC_AHBPeriphClockCmd), (32 bytes).
    Removing stm32f10x_rcc.o(i.RCC_APB1PeriphResetCmd), (32 bytes).
    Removing stm32f10x_rcc.o(i.RCC_APB2PeriphResetCmd), (32 bytes).
    Removing stm32f10x_rcc.o(i.RCC_AdjustHSICalibrationValue), (24 bytes).
    Removing stm32f10x_rcc.o(i.RCC_BackupResetCmd), (12 bytes).
    Removing stm32f10x_rcc.o(i.RCC_ClearFlag), (20 bytes).
    Removing stm32f10x_rcc.o(i.RCC_ClearITPendingBit), (12 bytes).
    Removing stm32f10x_rcc.o(i.RCC_ClockSecuritySystemCmd), (12 bytes).
    Removing stm32f10x_rcc.o(i.RCC_GetClocksFreq), (212 bytes).
    Removing stm32f10x_rcc.o(i.RCC_GetITStatus), (24 bytes).
    Removing stm32f10x_rcc.o(i.RCC_HSEConfig), (76 bytes).
    Removing stm32f10x_rcc.o(i.RCC_ITConfig), (32 bytes).
    Removing stm32f10x_rcc.o(i.RCC_LSEConfig), (52 bytes).
    Removing stm32f10x_rcc.o(i.RCC_LSICmd), (12 bytes).
    Removing stm32f10x_rcc.o(i.RCC_MCOConfig), (12 bytes).
    Removing stm32f10x_rcc.o(i.RCC_RTCCLKCmd), (12 bytes).
    Removing stm32f10x_rcc.o(i.RCC_RTCCLKConfig), (16 bytes).
    Removing stm32f10x_rcc.o(i.RCC_USBCLKConfig), (12 bytes).
    Removing stm32f10x_rcc.o(i.RCC_WaitForHSEStartUp), (56 bytes).
    Removing stm32f10x_rcc.o(.data), (20 bytes).
    Removing stm32f10x_usart.o(i.USART_ClearFlag), (18 bytes).
    Removing stm32f10x_usart.o(i.USART_ClockInit), (34 bytes).
    Removing stm32f10x_usart.o(i.USART_ClockStructInit), (12 bytes).
    Removing stm32f10x_usart.o(i.USART_Cmd), (24 bytes).
    Removing stm32f10x_usart.o(i.USART_DMACmd), (18 bytes).
    Removing stm32f10x_usart.o(i.USART_DeInit), (156 bytes).
    Removing stm32f10x_usart.o(i.USART_GetFlagStatus), (26 bytes).
    Removing stm32f10x_usart.o(i.USART_HalfDuplexCmd), (24 bytes).
    Removing stm32f10x_usart.o(i.USART_ITConfig), (74 bytes).
    Removing stm32f10x_usart.o(i.USART_Init), (216 bytes).
    Removing stm32f10x_usart.o(i.USART_IrDACmd), (24 bytes).
    Removing stm32f10x_usart.o(i.USART_IrDAConfig), (18 bytes).
    Removing stm32f10x_usart.o(i.USART_LINBreakDetectLengthConfig), (18 bytes).
    Removing stm32f10x_usart.o(i.USART_LINCmd), (24 bytes).
    Removing stm32f10x_usart.o(i.USART_OneBitMethodCmd), (24 bytes).
    Removing stm32f10x_usart.o(i.USART_OverSampling8Cmd), (22 bytes).
    Removing stm32f10x_usart.o(i.USART_ReceiveData), (10 bytes).
    Removing stm32f10x_usart.o(i.USART_ReceiverWakeUpCmd), (24 bytes).
    Removing stm32f10x_usart.o(i.USART_SendBreak), (10 bytes).
    Removing stm32f10x_usart.o(i.USART_SendData), (8 bytes).
    Removing stm32f10x_usart.o(i.USART_SetAddress), (18 bytes).
    Removing stm32f10x_usart.o(i.USART_SetGuardTime), (16 bytes).
    Removing stm32f10x_usart.o(i.USART_SetPrescaler), (16 bytes).
    Removing stm32f10x_usart.o(i.USART_SmartCardCmd), (24 bytes).
    Removing stm32f10x_usart.o(i.USART_SmartCardNACKCmd), (24 bytes).
    Removing stm32f10x_usart.o(i.USART_StructInit), (24 bytes).
    Removing stm32f10x_usart.o(i.USART_WakeUpConfig), (18 bytes).
    Removing misc.o(i.NVIC_PriorityGroupConfig), (20 bytes).
    Removing misc.o(i.NVIC_SetVectorTable), (20 bytes).
    Removing misc.o(i.NVIC_SystemLPConfig), (32 bytes).
    Removing print_redirect_function.o(i.GetKey), (32 bytes).
    Removing print_redirect_function.o(i.fputc), (36 bytes).
    Removing fmul.o(.text), (100 bytes).
    Removing dmul.o(.text), (228 bytes).
    Removing ddiv.o(.text), (222 bytes).
    Removing fflti.o(.text), (18 bytes).
    Removing dflti.o(.text), (34 bytes).
    Removing ffixui.o(.text), (40 bytes).
    Removing dfixi.o(.text), (62 bytes).
    Removing fepilogue.o(.text), (110 bytes).
    Removing depilogue.o(.text), (182 bytes).
    Removing dadd.o(.text), (334 bytes).
    Removing dscalb.o(.text), (46 bytes).
    Removing dfixul.o(.text), (48 bytes).
    Removing cdrcmple.o(.text), (40 bytes).

237 unused section(s) (total 15810 bytes) removed from the image.

==============================================================================

Image Symbol Table

    Local Symbols

    Symbol Name                              Value     Ov Type        Size  Object(Section)

    ../clib/microlib/division.c              0x00000000   Number         0  uidiv.o ABSOLUTE
    ../clib/microlib/division.c              0x00000000   Number         0  uldiv.o ABSOLUTE
    ../clib/microlib/init/entry.s            0x00000000   Number         0  entry7a.o ABSOLUTE
    ../clib/microlib/init/entry.s            0x00000000   Number         0  entry5.o ABSOLUTE
    ../clib/microlib/init/entry.s            0x00000000   Number         0  entry9b.o ABSOLUTE
    ../clib/microlib/init/entry.s            0x00000000   Number         0  entry11b.o ABSOLUTE
    ../clib/microlib/init/entry.s            0x00000000   Number         0  entry2.o ABSOLUTE
    ../clib/microlib/init/entry.s            0x00000000   Number         0  entry11a.o ABSOLUTE
    ../clib/microlib/init/entry.s            0x00000000   Number         0  entry10b.o ABSOLUTE
    ../clib/microlib/init/entry.s            0x00000000   Number         0  entry10a.o ABSOLUTE
    ../clib/microlib/init/entry.s            0x00000000   Number         0  entry.o ABSOLUTE
    ../clib/microlib/init/entry.s            0x00000000   Number         0  entry9a.o ABSOLUTE
    ../clib/microlib/init/entry.s            0x00000000   Number         0  entry8b.o ABSOLUTE
    ../clib/microlib/init/entry.s            0x00000000   Number         0  entry8a.o ABSOLUTE
    ../clib/microlib/init/entry.s            0x00000000   Number         0  entry7b.o ABSOLUTE
    ../clib/microlib/longlong.c              0x00000000   Number         0  llshl.o ABSOLUTE
    ../clib/microlib/longlong.c              0x00000000   Number         0  llsshr.o ABSOLUTE
    ../clib/microlib/longlong.c              0x00000000   Number         0  llushr.o ABSOLUTE
    ../clib/microlib/printf/printf.c         0x00000000   Number         0  printf2.o ABSOLUTE
    ../clib/microlib/printf/printf.c         0x00000000   Number         0  printfb.o ABSOLUTE
    ../clib/microlib/printf/printf.c         0x00000000   Number         0  printf3.o ABSOLUTE
    ../clib/microlib/printf/printf.c         0x00000000   Number         0  printf4.o ABSOLUTE
    ../clib/microlib/printf/printf.c         0x00000000   Number         0  printf5.o ABSOLUTE
    ../clib/microlib/printf/printf.c         0x00000000   Number         0  printf0.o ABSOLUTE
    ../clib/microlib/printf/printf.c         0x00000000   Number         0  printf7.o ABSOLUTE
    ../clib/microlib/printf/printf.c         0x00000000   Number         0  printf8.o ABSOLUTE
    ../clib/microlib/printf/printf.c         0x00000000   Number         0  printfa.o ABSOLUTE
    ../clib/microlib/printf/printf.c         0x00000000   Number         0  printf1.o ABSOLUTE
    ../clib/microlib/printf/printf.c         0x00000000   Number         0  printf6.o ABSOLUTE
    ../clib/microlib/printf/stubs.s          0x00000000   Number         0  stubs.o ABSOLUTE
    ../clib/microlib/stdio/streams.c         0x00000000   Number         0  stdout.o ABSOLUTE
    ../clib/microlib/stubs.s                 0x00000000   Number         0  iusefp.o ABSOLUTE
    ../fplib/microlib/fpadd.c                0x00000000   Number         0  dadd.o ABSOLUTE
    ../fplib/microlib/fpdiv.c                0x00000000   Number         0  ddiv.o ABSOLUTE
    ../fplib/microlib/fpepilogue.c           0x00000000   Number         0  depilogue.o ABSOLUTE
    ../fplib/microlib/fpepilogue.c           0x00000000   Number         0  fepilogue.o ABSOLUTE
    ../fplib/microlib/fpfix.c                0x00000000   Number         0  dfixul.o ABSOLUTE
    ../fplib/microlib/fpfix.c                0x00000000   Number         0  dfixi.o ABSOLUTE
    ../fplib/microlib/fpfix.c                0x00000000   Number         0  ffixui.o ABSOLUTE
    ../fplib/microlib/fpflt.c                0x00000000   Number         0  dflti.o ABSOLUTE
    ../fplib/microlib/fpflt.c                0x00000000   Number         0  fflti.o ABSOLUTE
    ../fplib/microlib/fpmul.c                0x00000000   Number         0  dmul.o ABSOLUTE
    ../fplib/microlib/fpmul.c                0x00000000   Number         0  fmul.o ABSOLUTE
    ../fplib/microlib/fpscalb.c              0x00000000   Number         0  dscalb.o ABSOLUTE
    ../mathlib/atan.c                        0x00000000   Number         0  atan.o ABSOLUTE
    ../mathlib/atan.c                        0x00000000   Number         0  atan_x.o ABSOLUTE
    ../mathlib/dunder.c                      0x00000000   Number         0  dunder.o ABSOLUTE
    ../mathlib/fpclassify.c                  0x00000000   Number         0  fpclassify.o ABSOLUTE
    ../mathlib/poly.c                        0x00000000   Number         0  poly.o ABSOLUTE
    ..\CORE\core_cm3.c                       0x00000000   Number         0  core_cm3.o ABSOLUTE
    ..\CORE\startup_stm32f10x_md.s           0x00000000   Number         0  startup_stm32f10x_md.o ABSOLUTE
    ..\STM32F10x_FWLib\src\misc.c            0x00000000   Number         0  misc.o ABSOLUTE
    ..\STM32F10x_FWLib\src\stm32f10x_gpio.c  0x00000000   Number         0  stm32f10x_gpio.o ABSOLUTE
    ..\STM32F10x_FWLib\src\stm32f10x_rcc.c   0x00000000   Number         0  stm32f10x_rcc.o ABSOLUTE
    ..\STM32F10x_FWLib\src\stm32f10x_tim.c   0x00000000   Number         0  stm32f10x_tim.o ABSOLUTE
    ..\STM32F10x_FWLib\src\stm32f10x_usart.c 0x00000000   Number         0  stm32f10x_usart.o ABSOLUTE
    ..\SYSTEM\dma\stm32f10x_dma.c            0x00000000   Number         0  stm32f10x_dma.o ABSOLUTE
    ..\SYSTEM\sys\sys.c                      0x00000000   Number         0  sys.o ABSOLUTE
    ..\\CORE\\core_cm3.c                     0x00000000   Number         0  core_cm3.o ABSOLUTE
    Delay\delay.c                            0x00000000   Number         0  delay.o ABSOLUTE
    LCD5110.C                                0x00000000   Number         0  lcd5110.o ABSOLUTE
    PrintForDebug\print_redirect_function.c  0x00000000   Number         0  print_redirect_function.o ABSOLUTE
    audio.c                                  0x00000000   Number         0  audio.o ABSOLUTE
    cdrcmple.s                               0x00000000   Number         0  cdrcmple.o ABSOLUTE
    comunicate.c                             0x00000000   Number         0  comunicate.o ABSOLUTE
    dance_action_storage.c                   0x00000000   Number         0  dance_action_storage.o ABSOLUTE
    dc.s                                     0x00000000   Number         0  dc.o ABSOLUTE
    debug.c                                  0x00000000   Number         0  debug.o ABSOLUTE
    handlers.s                               0x00000000   Number         0  handlers.o ABSOLUTE
    imu.c                                    0x00000000   Number         0  imu.o ABSOLUTE
    init.s                                   0x00000000   Number         0  init.o ABSOLUTE
    key.c                                    0x00000000   Number         0  key.o ABSOLUTE
    main.c                                   0x00000000   Number         0  main.o ABSOLUTE
    servo.c                                  0x00000000   Number         0  servo.o ABSOLUTE
    stm32f10x_it.c                           0x00000000   Number         0  stm32f10x_it.o ABSOLUTE
    system_stm32f10x.c                       0x00000000   Number         0  system_stm32f10x.o ABSOLUTE
    RESET                                    0x08000000   Section      236  startup_stm32f10x_md.o(RESET)
    .ARM.Collect$$$$00000000                 0x080000ec   Section        0  entry.o(.ARM.Collect$$$$00000000)
    .ARM.Collect$$$$00000001                 0x080000ec   Section        4  entry2.o(.ARM.Collect$$$$00000001)
    .ARM.Collect$$$$00000004                 0x080000f0   Section        4  entry5.o(.ARM.Collect$$$$00000004)
    .ARM.Collect$$$$00000008                 0x080000f4   Section        0  entry7b.o(.ARM.Collect$$$$00000008)
    .ARM.Collect$$$$0000000A                 0x080000f4   Section        0  entry8b.o(.ARM.Collect$$$$0000000A)
    .ARM.Collect$$$$0000000B                 0x080000f4   Section        8  entry9a.o(.ARM.Collect$$$$0000000B)
    .ARM.Collect$$$$0000000D                 0x080000fc   Section        0  entry10a.o(.ARM.Collect$$$$0000000D)
    .ARM.Collect$$$$0000000F                 0x080000fc   Section        0  entry11a.o(.ARM.Collect$$$$0000000F)
    .ARM.Collect$$$$00002712                 0x080000fc   Section        4  entry2.o(.ARM.Collect$$$$00002712)
    __lit__00000000                          0x080000fc   Data           4  entry2.o(.ARM.Collect$$$$00002712)
    .text                                    0x08000100   Section       36  startup_stm32f10x_md.o(.text)
    .text                                    0x08000124   Section       36  init.o(.text)
    i.BusFault_Handler                       0x08000148   Section        0  stm32f10x_it.o(i.BusFault_Handler)
    i.DMA1_Channel2_IRQHandler               0x0800014c   Section        0  comunicate.o(i.DMA1_Channel2_IRQHandler)
    i.DMA_ClearFlag                          0x08000168   Section        0  stm32f10x_dma.o(i.DMA_ClearFlag)
    i.DMA_ClearITPendingBit                  0x08000184   Section        0  stm32f10x_dma.o(i.DMA_ClearITPendingBit)
    i.DMA_Cmd                                0x080001a0   Section        0  stm32f10x_dma.o(i.DMA_Cmd)
    i.DMA_DeInit                             0x080001b8   Section        0  stm32f10x_dma.o(i.DMA_DeInit)
    i.DMA_GetCurrDataCounter                 0x08000304   Section        0  stm32f10x_dma.o(i.DMA_GetCurrDataCounter)
    i.DMA_GetITStatus                        0x0800030c   Section        0  stm32f10x_dma.o(i.DMA_GetITStatus)
    i.DMA_ITConfig                           0x08000338   Section        0  stm32f10x_dma.o(i.DMA_ITConfig)
    i.DMA_Init                               0x0800034a   Section        0  stm32f10x_dma.o(i.DMA_Init)
    i.DebugMon_Handler                       0x08000386   Section        0  stm32f10x_it.o(i.DebugMon_Handler)
    i.GPIO_Init                              0x08000388   Section        0  stm32f10x_gpio.o(i.GPIO_Init)
    i.GPIO_ResetBits                         0x0800049e   Section        0  stm32f10x_gpio.o(i.GPIO_ResetBits)
    i.GPIO_SetBits                           0x080004a2   Section        0  stm32f10x_gpio.o(i.GPIO_SetBits)
    i.HardFault_Handler                      0x080004a6   Section        0  stm32f10x_it.o(i.HardFault_Handler)
    i.KEY_Scan                               0x080004ac   Section        0  main.o(i.KEY_Scan)
    i.Key_Action                             0x08000564   Section        0  main.o(i.Key_Action)
    i.LCD5110Clear                           0x08000738   Section        0  lcd5110.o(i.LCD5110Clear)
    i.LCD5110ClearPart                       0x08000762   Section        0  lcd5110.o(i.LCD5110ClearPart)
    i.LCD5110ShowNum                         0x080007b6   Section        0  lcd5110.o(i.LCD5110ShowNum)
    i.LCD5110WriteChar                       0x08000828   Section        0  lcd5110.o(i.LCD5110WriteChar)
    i.LCD5110WriteEnStr                      0x08000868   Section        0  lcd5110.o(i.LCD5110WriteEnStr)
    i.LCD5110_GPIOInit                       0x0800089c   Section        0  lcd5110.o(i.LCD5110_GPIOInit)
    i.LCD5110_Init                           0x080008d0   Section        0  lcd5110.o(i.LCD5110_Init)
    i.LCD5110_Send                           0x0800093c   Section        0  lcd5110.o(i.LCD5110_Send)
    i.LCD5110_SetContrast                    0x08000998   Section        0  lcd5110.o(i.LCD5110_SetContrast)
    i.LCD5110_SetXY                          0x080009b8   Section        0  lcd5110.o(i.LCD5110_SetXY)
    i.MemManage_Handler                      0x080009e0   Section        0  stm32f10x_it.o(i.MemManage_Handler)
    i.NMI_Handler                            0x080009e4   Section        0  stm32f10x_it.o(i.NMI_Handler)
    i.NVIC_Init                              0x080009e8   Section        0  misc.o(i.NVIC_Init)
    i.PendSV_Handler                         0x08000a58   Section        0  stm32f10x_it.o(i.PendSV_Handler)
    i.RCC_APB1PeriphClockCmd                 0x08000a5c   Section        0  stm32f10x_rcc.o(i.RCC_APB1PeriphClockCmd)
    i.RCC_APB2PeriphClockCmd                 0x08000a7c   Section        0  stm32f10x_rcc.o(i.RCC_APB2PeriphClockCmd)
    i.RCC_Configuration                      0x08000a9c   Section        0  main.o(i.RCC_Configuration)
    i.RCC_DeInit                             0x08000af8   Section        0  stm32f10x_rcc.o(i.RCC_DeInit)
    i.RCC_GetFlagStatus                      0x08000b44   Section        0  stm32f10x_rcc.o(i.RCC_GetFlagStatus)
    i.RCC_GetSYSCLKSource                    0x08000b80   Section        0  stm32f10x_rcc.o(i.RCC_GetSYSCLKSource)
    i.RCC_HCLKConfig                         0x08000b90   Section        0  stm32f10x_rcc.o(i.RCC_HCLKConfig)
    i.RCC_HSICmd                             0x08000ba8   Section        0  stm32f10x_rcc.o(i.RCC_HSICmd)
    i.RCC_PCLK1Config                        0x08000bb4   Section        0  stm32f10x_rcc.o(i.RCC_PCLK1Config)
    i.RCC_PCLK2Config                        0x08000bcc   Section        0  stm32f10x_rcc.o(i.RCC_PCLK2Config)
    i.RCC_PLLCmd                             0x08000be4   Section        0  stm32f10x_rcc.o(i.RCC_PLLCmd)
    i.RCC_PLLConfig                          0x08000bf0   Section        0  stm32f10x_rcc.o(i.RCC_PLLConfig)
    i.RCC_SYSCLKConfig                       0x08000c0c   Section        0  stm32f10x_rcc.o(i.RCC_SYSCLKConfig)
    i.SVC_Handler                            0x08000c24   Section        0  stm32f10x_it.o(i.SVC_Handler)
    i.SetSysClock                            0x08000c26   Section        0  system_stm32f10x.o(i.SetSysClock)
    SetSysClock                              0x08000c27   Thumb Code     8  system_stm32f10x.o(i.SetSysClock)
    i.SetSysClockTo48                        0x08000c30   Section        0  system_stm32f10x.o(i.SetSysClockTo48)
    SetSysClockTo48                          0x08000c31   Thumb Code   214  system_stm32f10x.o(i.SetSysClockTo48)
    i.Show_Init                              0x08000d10   Section        0  main.o(i.Show_Init)
    i.SysTick_CLKSourceConfig                0x08000d60   Section        0  misc.o(i.SysTick_CLKSourceConfig)
    i.SysTick_Handler                        0x08000d88   Section        0  stm32f10x_it.o(i.SysTick_Handler)
    i.SystemInit                             0x08000d8c   Section        0  system_stm32f10x.o(i.SystemInit)
    i.TIM2_IRQHandler                        0x08000dec   Section        0  servo.o(i.TIM2_IRQHandler)
    i.TIM_ARRPreloadConfig                   0x08000f10   Section        0  stm32f10x_tim.o(i.TIM_ARRPreloadConfig)
    i.TIM_ClearITPendingBit                  0x08000f28   Section        0  stm32f10x_tim.o(i.TIM_ClearITPendingBit)
    i.TIM_Cmd                                0x08000f2e   Section        0  stm32f10x_tim.o(i.TIM_Cmd)
    i.TIM_GetCapture1                        0x08000f46   Section        0  stm32f10x_tim.o(i.TIM_GetCapture1)
    i.TIM_GetCapture2                        0x08000f4c   Section        0  stm32f10x_tim.o(i.TIM_GetCapture2)
    i.TIM_GetCapture3                        0x08000f52   Section        0  stm32f10x_tim.o(i.TIM_GetCapture3)
    i.TIM_GetCounter                         0x08000f58   Section        0  stm32f10x_tim.o(i.TIM_GetCounter)
    i.TIM_GetITStatus                        0x08000f5e   Section        0  stm32f10x_tim.o(i.TIM_GetITStatus)
    i.TIM_ITConfig                           0x08000f80   Section        0  stm32f10x_tim.o(i.TIM_ITConfig)
    i.TIM_OC1Init                            0x08000f94   Section        0  stm32f10x_tim.o(i.TIM_OC1Init)
    i.TIM_OC1PreloadConfig                   0x0800102c   Section        0  stm32f10x_tim.o(i.TIM_OC1PreloadConfig)
    i.TIM_OC2Init                            0x08001040   Section        0  stm32f10x_tim.o(i.TIM_OC2Init)
    i.TIM_OC2PreloadConfig                   0x080010e4   Section        0  stm32f10x_tim.o(i.TIM_OC2PreloadConfig)
    i.TIM_OC3Init                            0x08001100   Section        0  stm32f10x_tim.o(i.TIM_OC3Init)
    i.TIM_OC3PreloadConfig                   0x080011a0   Section        0  stm32f10x_tim.o(i.TIM_OC3PreloadConfig)
    i.TIM_SetCompare1                        0x080011b2   Section        0  stm32f10x_tim.o(i.TIM_SetCompare1)
    i.TIM_SetCompare2                        0x080011b6   Section        0  stm32f10x_tim.o(i.TIM_SetCompare2)
    i.TIM_SetCompare3                        0x080011ba   Section        0  stm32f10x_tim.o(i.TIM_SetCompare3)
    i.TIM_SetCounter                         0x080011be   Section        0  stm32f10x_tim.o(i.TIM_SetCounter)
    i.TIM_TimeBaseInit                       0x080011c4   Section        0  stm32f10x_tim.o(i.TIM_TimeBaseInit)
    i.USART1_IRQHandler                      0x08001268   Section        0  imu.o(i.USART1_IRQHandler)
    i.USART3_IRQHandler                      0x08001470   Section        0  comunicate.o(i.USART3_IRQHandler)
    i.USART_ClearITPendingBit                0x080015b4   Section        0  stm32f10x_usart.o(i.USART_ClearITPendingBit)
    i.USART_GetITStatus                      0x080015d2   Section        0  stm32f10x_usart.o(i.USART_GetITStatus)
    i.UsageFault_Handler                     0x08001626   Section        0  stm32f10x_it.o(i.UsageFault_Handler)
    i.__scatterload_copy                     0x0800162a   Section       14  handlers.o(i.__scatterload_copy)
    i.__scatterload_null                     0x08001638   Section        2  handlers.o(i.__scatterload_null)
    i.__scatterload_zeroinit                 0x0800163a   Section       14  handlers.o(i.__scatterload_zeroinit)
    i.audioInit                              0x08001648   Section        0  audio.o(i.audioInit)
    i.bluetoothUartSend                      0x08001674   Section        0  comunicate.o(i.bluetoothUartSend)
    i.delay_init                             0x080016e4   Section        0  delay.o(i.delay_init)
    i.delay_ms                               0x08001728   Section        0  delay.o(i.delay_ms)
    i.headGetRunTime                         0x08001774   Section        0  servo.o(i.headGetRunTime)
    i.headGetRunTimeSlowly                   0x08001794   Section        0  servo.o(i.headGetRunTimeSlowly)
    i.headServoSpeedGo                       0x080017b4   Section        0  servo.o(i.headServoSpeedGo)
    i.headServoSpeedGoSlowly                 0x080017f4   Section        0  servo.o(i.headServoSpeedGoSlowly)
    i.headStartTimer                         0x08001888   Section        0  servo.o(i.headStartTimer)
    i.headStopTimer                          0x08001924   Section        0  servo.o(i.headStopTimer)
    i.main                                   0x0800193c   Section        0  main.o(i.main)
    i.middleGetRunTime                       0x080019a8   Section        0  servo.o(i.middleGetRunTime)
    i.middleServoSpeedGo                     0x080019e8   Section        0  servo.o(i.middleServoSpeedGo)
    i.middleServoSpeedGoSlowly               0x08001a20   Section        0  servo.o(i.middleServoSpeedGoSlowly)
    i.middleStartTimer                       0x08001aac   Section        0  servo.o(i.middleStartTimer)
    i.middleStopTimer                        0x08001b3c   Section        0  servo.o(i.middleStopTimer)
    i.mypow                                  0x08001b54   Section        0  lcd5110.o(i.mypow)
    i.power_led_control                      0x08001b6c   Section        0  audio.o(i.power_led_control)
    i.servoInit                              0x08001b90   Section        0  servo.o(i.servoInit)
    .constdata                               0x08001dc0   Section      768  lcd5110.o(.constdata)
    .data                                    0x20000000   Section      101  main.o(.data)
    key_up                                   0x20000064   Data           1  main.o(.data)
    .data                                    0x20000068   Section       20  system_stm32f10x.o(.data)
    .data                                    0x2000007c   Section       16  servo.o(.data)
    .data                                    0x2000008c   Section       46  imu.o(.data)
    .data                                    0x200000bc   Section       20  comunicate.o(.data)
    .data                                    0x200000d0   Section       32  dance_action_storage.o(.data)
    times                                    0x200000ec   Data           4  dance_action_storage.o(.data)
    .data                                    0x200000f0   Section        4  delay.o(.data)
    fac_us                                   0x200000f0   Data           1  delay.o(.data)
    fac_ms                                   0x200000f2   Data           2  delay.o(.data)
    .bss                                     0x200000f4   Section       88  imu.o(.bss)
    .bss                                     0x2000014c   Section       60  comunicate.o(.bss)
    STACK                                    0x20000188   Section     1024  startup_stm32f10x_md.o(STACK)

    Global Symbols

    Symbol Name                              Value     Ov Type        Size  Object(Section)

    BuildAttributes$$THM_ISAv4$P$D$K$B$S$PE$A:L22UL41UL21$X:L11$S22US41US21$IEEE1$IW$USESV6$~STKCKD$USESV7$~SHL$OTIME$ROPI$IEEEX$EBA8$MICROLIB$REQ8$PRES8$EABIv2 0x00000000   Number         0  anon$$obj.o ABSOLUTE
    __ARM_use_no_argv                        0x00000000   Number         0  main.o ABSOLUTE
    _printf_a                                0x00000000   Number         0  stubs.o ABSOLUTE
    _printf_c                                0x00000000   Number         0  stubs.o ABSOLUTE
    _printf_charcount                        0x00000000   Number         0  stubs.o ABSOLUTE
    _printf_d                                0x00000000   Number         0  stubs.o ABSOLUTE
    _printf_e                                0x00000000   Number         0  stubs.o ABSOLUTE
    _printf_f                                0x00000000   Number         0  stubs.o ABSOLUTE
    _printf_flags                            0x00000000   Number         0  stubs.o ABSOLUTE
    _printf_fp_dec                           0x00000000   Number         0  stubs.o ABSOLUTE
    _printf_fp_hex                           0x00000000   Number         0  stubs.o ABSOLUTE
    _printf_g                                0x00000000   Number         0  stubs.o ABSOLUTE
    _printf_i                                0x00000000   Number         0  stubs.o ABSOLUTE
    _printf_int_dec                          0x00000000   Number         0  stubs.o ABSOLUTE
    _printf_l                                0x00000000   Number         0  stubs.o ABSOLUTE
    _printf_lc                               0x00000000   Number         0  stubs.o ABSOLUTE
    _printf_ll                               0x00000000   Number         0  stubs.o ABSOLUTE
    _printf_lld                              0x00000000   Number         0  stubs.o ABSOLUTE
    _printf_lli                              0x00000000   Number         0  stubs.o ABSOLUTE
    _printf_llo                              0x00000000   Number         0  stubs.o ABSOLUTE
    _printf_llu                              0x00000000   Number         0  stubs.o ABSOLUTE
    _printf_llx                              0x00000000   Number         0  stubs.o ABSOLUTE
    _printf_longlong_dec                     0x00000000   Number         0  stubs.o ABSOLUTE
    _printf_longlong_hex                     0x00000000   Number         0  stubs.o ABSOLUTE
    _printf_longlong_oct                     0x00000000   Number         0  stubs.o ABSOLUTE
    _printf_ls                               0x00000000   Number         0  stubs.o ABSOLUTE
    _printf_mbtowc                           0x00000000   Number         0  stubs.o ABSOLUTE
    _printf_n                                0x00000000   Number         0  stubs.o ABSOLUTE
    _printf_o                                0x00000000   Number         0  stubs.o ABSOLUTE
    _printf_p                                0x00000000   Number         0  stubs.o ABSOLUTE
    _printf_percent                          0x00000000   Number         0  stubs.o ABSOLUTE
    _printf_pre_padding                      0x00000000   Number         0  stubs.o ABSOLUTE
    _printf_return_value                     0x00000000   Number         0  stubs.o ABSOLUTE
    _printf_s                                0x00000000   Number         0  stubs.o ABSOLUTE
    _printf_sizespec                         0x00000000   Number         0  stubs.o ABSOLUTE
    _printf_str                              0x00000000   Number         0  stubs.o ABSOLUTE
    _printf_truncate_signed                  0x00000000   Number         0  stubs.o ABSOLUTE
    _printf_truncate_unsigned                0x00000000   Number         0  stubs.o ABSOLUTE
    _printf_u                                0x00000000   Number         0  stubs.o ABSOLUTE
    _printf_wc                               0x00000000   Number         0  stubs.o ABSOLUTE
    _printf_wctomb                           0x00000000   Number         0  stubs.o ABSOLUTE
    _printf_widthprec                        0x00000000   Number         0  stubs.o ABSOLUTE
    _printf_x                                0x00000000   Number         0  stubs.o ABSOLUTE
    __cpp_initialize__aeabi_                  - Undefined Weak Reference
    __cxa_finalize                            - Undefined Weak Reference
    __decompress                              - Undefined Weak Reference
    _clock_init                               - Undefined Weak Reference
    _microlib_exit                            - Undefined Weak Reference
    __Vectors_Size                           0x000000ec   Number         0  startup_stm32f10x_md.o ABSOLUTE
    __Vectors                                0x08000000   Data           4  startup_stm32f10x_md.o(RESET)
    __Vectors_End                            0x080000ec   Data           0  startup_stm32f10x_md.o(RESET)
    __main                                   0x080000ed   Thumb Code     0  entry.o(.ARM.Collect$$$$00000000)
    _main_stk                                0x080000ed   Thumb Code     0  entry2.o(.ARM.Collect$$$$00000001)
    _main_scatterload                        0x080000f1   Thumb Code     0  entry5.o(.ARM.Collect$$$$00000004)
    __main_after_scatterload                 0x080000f5   Thumb Code     0  entry5.o(.ARM.Collect$$$$00000004)
    _main_clock                              0x080000f5   Thumb Code     0  entry7b.o(.ARM.Collect$$$$00000008)
    _main_cpp_init                           0x080000f5   Thumb Code     0  entry8b.o(.ARM.Collect$$$$0000000A)
    _main_init                               0x080000f5   Thumb Code     0  entry9a.o(.ARM.Collect$$$$0000000B)
    __rt_final_cpp                           0x080000fd   Thumb Code     0  entry10a.o(.ARM.Collect$$$$0000000D)
    __rt_final_exit                          0x080000fd   Thumb Code     0  entry11a.o(.ARM.Collect$$$$0000000F)
    Reset_Handler                            0x08000101   Thumb Code     8  startup_stm32f10x_md.o(.text)
    ADC1_2_IRQHandler                        0x0800011b   Thumb Code     0  startup_stm32f10x_md.o(.text)
    CAN1_RX1_IRQHandler                      0x0800011b   Thumb Code     0  startup_stm32f10x_md.o(.text)
    CAN1_SCE_IRQHandler                      0x0800011b   Thumb Code     0  startup_stm32f10x_md.o(.text)
    DMA1_Channel1_IRQHandler                 0x0800011b   Thumb Code     0  startup_stm32f10x_md.o(.text)
    DMA1_Channel3_IRQHandler                 0x0800011b   Thumb Code     0  startup_stm32f10x_md.o(.text)
    DMA1_Channel4_IRQHandler                 0x0800011b   Thumb Code     0  startup_stm32f10x_md.o(.text)
    DMA1_Channel5_IRQHandler                 0x0800011b   Thumb Code     0  startup_stm32f10x_md.o(.text)
    DMA1_Channel6_IRQHandler                 0x0800011b   Thumb Code     0  startup_stm32f10x_md.o(.text)
    DMA1_Channel7_IRQHandler                 0x0800011b   Thumb Code     0  startup_stm32f10x_md.o(.text)
    EXTI0_IRQHandler                         0x0800011b   Thumb Code     0  startup_stm32f10x_md.o(.text)
    EXTI15_10_IRQHandler                     0x0800011b   Thumb Code     0  startup_stm32f10x_md.o(.text)
    EXTI1_IRQHandler                         0x0800011b   Thumb Code     0  startup_stm32f10x_md.o(.text)
    EXTI2_IRQHandler                         0x0800011b   Thumb Code     0  startup_stm32f10x_md.o(.text)
    EXTI3_IRQHandler                         0x0800011b   Thumb Code     0  startup_stm32f10x_md.o(.text)
    EXTI4_IRQHandler                         0x0800011b   Thumb Code     0  startup_stm32f10x_md.o(.text)
    EXTI9_5_IRQHandler                       0x0800011b   Thumb Code     0  startup_stm32f10x_md.o(.text)
    FLASH_IRQHandler                         0x0800011b   Thumb Code     0  startup_stm32f10x_md.o(.text)
    I2C1_ER_IRQHandler                       0x0800011b   Thumb Code     0  startup_stm32f10x_md.o(.text)
    I2C1_EV_IRQHandler                       0x0800011b   Thumb Code     0  startup_stm32f10x_md.o(.text)
    I2C2_ER_IRQHandler                       0x0800011b   Thumb Code     0  startup_stm32f10x_md.o(.text)
    I2C2_EV_IRQHandler                       0x0800011b   Thumb Code     0  startup_stm32f10x_md.o(.text)
    PVD_IRQHandler                           0x0800011b   Thumb Code     0  startup_stm32f10x_md.o(.text)
    RCC_IRQHandler                           0x0800011b   Thumb Code     0  startup_stm32f10x_md.o(.text)
    RTCAlarm_IRQHandler                      0x0800011b   Thumb Code     0  startup_stm32f10x_md.o(.text)
    RTC_IRQHandler                           0x0800011b   Thumb Code     0  startup_stm32f10x_md.o(.text)
    SPI1_IRQHandler                          0x0800011b   Thumb Code     0  startup_stm32f10x_md.o(.text)
    SPI2_IRQHandler                          0x0800011b   Thumb Code     0  startup_stm32f10x_md.o(.text)
    TAMPER_IRQHandler                        0x0800011b   Thumb Code     0  startup_stm32f10x_md.o(.text)
    TIM1_BRK_IRQHandler                      0x0800011b   Thumb Code     0  startup_stm32f10x_md.o(.text)
    TIM1_CC_IRQHandler                       0x0800011b   Thumb Code     0  startup_stm32f10x_md.o(.text)
    TIM1_TRG_COM_IRQHandler                  0x0800011b   Thumb Code     0  startup_stm32f10x_md.o(.text)
    TIM1_UP_IRQHandler                       0x0800011b   Thumb Code     0  startup_stm32f10x_md.o(.text)
    TIM3_IRQHandler                          0x0800011b   Thumb Code     0  startup_stm32f10x_md.o(.text)
    TIM4_IRQHandler                          0x0800011b   Thumb Code     0  startup_stm32f10x_md.o(.text)
    USART2_IRQHandler                        0x0800011b   Thumb Code     0  startup_stm32f10x_md.o(.text)
    USBWakeUp_IRQHandler                     0x0800011b   Thumb Code     0  startup_stm32f10x_md.o(.text)
    USB_HP_CAN1_TX_IRQHandler                0x0800011b   Thumb Code     0  startup_stm32f10x_md.o(.text)
    USB_LP_CAN1_RX0_IRQHandler               0x0800011b   Thumb Code     0  startup_stm32f10x_md.o(.text)
    WWDG_IRQHandler                          0x0800011b   Thumb Code     0  startup_stm32f10x_md.o(.text)
    __scatterload                            0x08000125   Thumb Code    28  init.o(.text)
    __scatterload_rt2                        0x08000125   Thumb Code     0  init.o(.text)
    BusFault_Handler                         0x08000149   Thumb Code     4  stm32f10x_it.o(i.BusFault_Handler)
    DMA1_Channel2_IRQHandler                 0x0800014d   Thumb Code    24  comunicate.o(i.DMA1_Channel2_IRQHandler)
    DMA_ClearFlag                            0x08000169   Thumb Code    18  stm32f10x_dma.o(i.DMA_ClearFlag)
    DMA_ClearITPendingBit                    0x08000185   Thumb Code    18  stm32f10x_dma.o(i.DMA_ClearITPendingBit)
    DMA_Cmd                                  0x080001a1   Thumb Code    24  stm32f10x_dma.o(i.DMA_Cmd)
    DMA_DeInit                               0x080001b9   Thumb Code   324  stm32f10x_dma.o(i.DMA_DeInit)
    DMA_GetCurrDataCounter                   0x08000305   Thumb Code     8  stm32f10x_dma.o(i.DMA_GetCurrDataCounter)
    DMA_GetITStatus                          0x0800030d   Thumb Code    36  stm32f10x_dma.o(i.DMA_GetITStatus)
    DMA_ITConfig                             0x08000339   Thumb Code    18  stm32f10x_dma.o(i.DMA_ITConfig)
    DMA_Init                                 0x0800034b   Thumb Code    60  stm32f10x_dma.o(i.DMA_Init)
    DebugMon_Handler                         0x08000387   Thumb Code     2  stm32f10x_it.o(i.DebugMon_Handler)
    GPIO_Init                                0x08000389   Thumb Code   278  stm32f10x_gpio.o(i.GPIO_Init)
    GPIO_ResetBits                           0x0800049f   Thumb Code     4  stm32f10x_gpio.o(i.GPIO_ResetBits)
    GPIO_SetBits                             0x080004a3   Thumb Code     4  stm32f10x_gpio.o(i.GPIO_SetBits)
    HardFault_Handler                        0x080004a7   Thumb Code     4  stm32f10x_it.o(i.HardFault_Handler)
    KEY_Scan                                 0x080004ad   Thumb Code   174  main.o(i.KEY_Scan)
    Key_Action                               0x08000565   Thumb Code   440  main.o(i.Key_Action)
    LCD5110Clear                             0x08000739   Thumb Code    42  lcd5110.o(i.LCD5110Clear)
    LCD5110ClearPart                         0x08000763   Thumb Code    84  lcd5110.o(i.LCD5110ClearPart)
    LCD5110ShowNum                           0x080007b7   Thumb Code   112  lcd5110.o(i.LCD5110ShowNum)
    LCD5110WriteChar                         0x08000829   Thumb Code    58  lcd5110.o(i.LCD5110WriteChar)
    LCD5110WriteEnStr                        0x08000869   Thumb Code    52  lcd5110.o(i.LCD5110WriteEnStr)
    LCD5110_GPIOInit                         0x0800089d   Thumb Code    46  lcd5110.o(i.LCD5110_GPIOInit)
    LCD5110_Init                             0x080008d1   Thumb Code   102  lcd5110.o(i.LCD5110_Init)
    LCD5110_Send                             0x0800093d   Thumb Code    86  lcd5110.o(i.LCD5110_Send)
    LCD5110_SetContrast                      0x08000999   Thumb Code    32  lcd5110.o(i.LCD5110_SetContrast)
    LCD5110_SetXY                            0x080009b9   Thumb Code    40  lcd5110.o(i.LCD5110_SetXY)
    MemManage_Handler                        0x080009e1   Thumb Code     4  stm32f10x_it.o(i.MemManage_Handler)
    NMI_Handler                              0x080009e5   Thumb Code     2  stm32f10x_it.o(i.NMI_Handler)
    NVIC_Init                                0x080009e9   Thumb Code   100  misc.o(i.NVIC_Init)
    PendSV_Handler                           0x08000a59   Thumb Code     2  stm32f10x_it.o(i.PendSV_Handler)
    RCC_APB1PeriphClockCmd                   0x08000a5d   Thumb Code    26  stm32f10x_rcc.o(i.RCC_APB1PeriphClockCmd)
    RCC_APB2PeriphClockCmd                   0x08000a7d   Thumb Code    26  stm32f10x_rcc.o(i.RCC_APB2PeriphClockCmd)
    RCC_Configuration                        0x08000a9d   Thumb Code    90  main.o(i.RCC_Configuration)
    RCC_DeInit                               0x08000af9   Thumb Code    64  stm32f10x_rcc.o(i.RCC_DeInit)
    RCC_GetFlagStatus                        0x08000b45   Thumb Code    56  stm32f10x_rcc.o(i.RCC_GetFlagStatus)
    RCC_GetSYSCLKSource                      0x08000b81   Thumb Code    10  stm32f10x_rcc.o(i.RCC_GetSYSCLKSource)
    RCC_HCLKConfig                           0x08000b91   Thumb Code    18  stm32f10x_rcc.o(i.RCC_HCLKConfig)
    RCC_HSICmd                               0x08000ba9   Thumb Code     6  stm32f10x_rcc.o(i.RCC_HSICmd)
    RCC_PCLK1Config                          0x08000bb5   Thumb Code    18  stm32f10x_rcc.o(i.RCC_PCLK1Config)
    RCC_PCLK2Config                          0x08000bcd   Thumb Code    20  stm32f10x_rcc.o(i.RCC_PCLK2Config)
    RCC_PLLCmd                               0x08000be5   Thumb Code     6  stm32f10x_rcc.o(i.RCC_PLLCmd)
    RCC_PLLConfig                            0x08000bf1   Thumb Code    24  stm32f10x_rcc.o(i.RCC_PLLConfig)
    RCC_SYSCLKConfig                         0x08000c0d   Thumb Code    18  stm32f10x_rcc.o(i.RCC_SYSCLKConfig)
    SVC_Handler                              0x08000c25   Thumb Code     2  stm32f10x_it.o(i.SVC_Handler)
    Show_Init                                0x08000d11   Thumb Code    58  main.o(i.Show_Init)
    SysTick_CLKSourceConfig                  0x08000d61   Thumb Code    40  misc.o(i.SysTick_CLKSourceConfig)
    SysTick_Handler                          0x08000d89   Thumb Code     2  stm32f10x_it.o(i.SysTick_Handler)
    SystemInit                               0x08000d8d   Thumb Code    78  system_stm32f10x.o(i.SystemInit)
    TIM2_IRQHandler                          0x08000ded   Thumb Code   246  servo.o(i.TIM2_IRQHandler)
    TIM_ARRPreloadConfig                     0x08000f11   Thumb Code    24  stm32f10x_tim.o(i.TIM_ARRPreloadConfig)
    TIM_ClearITPendingBit                    0x08000f29   Thumb Code     6  stm32f10x_tim.o(i.TIM_ClearITPendingBit)
    TIM_Cmd                                  0x08000f2f   Thumb Code    24  stm32f10x_tim.o(i.TIM_Cmd)
    TIM_GetCapture1                          0x08000f47   Thumb Code     6  stm32f10x_tim.o(i.TIM_GetCapture1)
    TIM_GetCapture2                          0x08000f4d   Thumb Code     6  stm32f10x_tim.o(i.TIM_GetCapture2)
    TIM_GetCapture3                          0x08000f53   Thumb Code     6  stm32f10x_tim.o(i.TIM_GetCapture3)
    TIM_GetCounter                           0x08000f59   Thumb Code     6  stm32f10x_tim.o(i.TIM_GetCounter)
    TIM_GetITStatus                          0x08000f5f   Thumb Code    34  stm32f10x_tim.o(i.TIM_GetITStatus)
    TIM_ITConfig                             0x08000f81   Thumb Code    18  stm32f10x_tim.o(i.TIM_ITConfig)
    TIM_OC1Init                              0x08000f95   Thumb Code   132  stm32f10x_tim.o(i.TIM_OC1Init)
    TIM_OC1PreloadConfig                     0x0800102d   Thumb Code    18  stm32f10x_tim.o(i.TIM_OC1PreloadConfig)
    TIM_OC2Init                              0x08001041   Thumb Code   154  stm32f10x_tim.o(i.TIM_OC2Init)
    TIM_OC2PreloadConfig                     0x080010e5   Thumb Code    26  stm32f10x_tim.o(i.TIM_OC2PreloadConfig)
    TIM_OC3Init                              0x08001101   Thumb Code   150  stm32f10x_tim.o(i.TIM_OC3Init)
    TIM_OC3PreloadConfig                     0x080011a1   Thumb Code    18  stm32f10x_tim.o(i.TIM_OC3PreloadConfig)
    TIM_SetCompare1                          0x080011b3   Thumb Code     4  stm32f10x_tim.o(i.TIM_SetCompare1)
    TIM_SetCompare2                          0x080011b7   Thumb Code     4  stm32f10x_tim.o(i.TIM_SetCompare2)
    TIM_SetCompare3                          0x080011bb   Thumb Code     4  stm32f10x_tim.o(i.TIM_SetCompare3)
    TIM_SetCounter                           0x080011bf   Thumb Code     4  stm32f10x_tim.o(i.TIM_SetCounter)
    TIM_TimeBaseInit                         0x080011c5   Thumb Code   122  stm32f10x_tim.o(i.TIM_TimeBaseInit)
    USART1_IRQHandler                        0x08001269   Thumb Code   448  imu.o(i.USART1_IRQHandler)
    USART3_IRQHandler                        0x08001471   Thumb Code   246  comunicate.o(i.USART3_IRQHandler)
    USART_ClearITPendingBit                  0x080015b5   Thumb Code    30  stm32f10x_usart.o(i.USART_ClearITPendingBit)
    USART_GetITStatus                        0x080015d3   Thumb Code    84  stm32f10x_usart.o(i.USART_GetITStatus)
    UsageFault_Handler                       0x08001627   Thumb Code     4  stm32f10x_it.o(i.UsageFault_Handler)
    __scatterload_copy                       0x0800162b   Thumb Code    14  handlers.o(i.__scatterload_copy)
    __scatterload_null                       0x08001639   Thumb Code     2  handlers.o(i.__scatterload_null)
    __scatterload_zeroinit                   0x0800163b   Thumb Code    14  handlers.o(i.__scatterload_zeroinit)
    audioInit                                0x08001649   Thumb Code    40  audio.o(i.audioInit)
    bluetoothUartSend                        0x08001675   Thumb Code    98  comunicate.o(i.bluetoothUartSend)
    delay_init                               0x080016e5   Thumb Code    50  delay.o(i.delay_init)
    delay_ms                                 0x08001729   Thumb Code    72  delay.o(i.delay_ms)
    headGetRunTime                           0x08001775   Thumb Code    32  servo.o(i.headGetRunTime)
    headGetRunTimeSlowly                     0x08001795   Thumb Code    32  servo.o(i.headGetRunTimeSlowly)
    headServoSpeedGo                         0x080017b5   Thumb Code    50  servo.o(i.headServoSpeedGo)
    headServoSpeedGoSlowly                   0x080017f5   Thumb Code   130  servo.o(i.headServoSpeedGoSlowly)
    headStartTimer                           0x08001889   Thumb Code   142  servo.o(i.headStartTimer)
    headStopTimer                            0x08001925   Thumb Code    20  servo.o(i.headStopTimer)
    main                                     0x0800193d   Thumb Code   104  main.o(i.main)
    middleGetRunTime                         0x080019a9   Thumb Code    60  servo.o(i.middleGetRunTime)
    middleServoSpeedGo                       0x080019e9   Thumb Code    42  servo.o(i.middleServoSpeedGo)
    middleServoSpeedGoSlowly                 0x08001a21   Thumb Code   124  servo.o(i.middleServoSpeedGoSlowly)
    middleStartTimer                         0x08001aad   Thumb Code   136  servo.o(i.middleStartTimer)
    middleStopTimer                          0x08001b3d   Thumb Code    20  servo.o(i.middleStopTimer)
    mypow                                    0x08001b55   Thumb Code    22  lcd5110.o(i.mypow)
    power_led_control                        0x08001b6d   Thumb Code    30  audio.o(i.power_led_control)
    servoInit                                0x08001b91   Thumb Code   540  servo.o(i.servoInit)
    Font6x8                                  0x08001dc0   Data         552  lcd5110.o(.constdata)
    chinese_character                        0x08001fe8   Data         216  lcd5110.o(.constdata)
    Region$$Table$$Base                      0x080020c0   Number         0  anon$$obj.o(Region$$Table)
    Region$$Table$$Limit                     0x080020e0   Number         0  anon$$obj.o(Region$$Table)
    OK_RSP                                   0x20000000   Data           3  main.o(.data)
    headCurPos                               0x20000004   Data           2  main.o(.data)
    middleCurPos                             0x20000006   Data           2  main.o(.data)
    bottomCurPos                             0x20000008   Data           2  main.o(.data)
    needCheckAngle                           0x2000000a   Data           1  main.o(.data)
    checkStableStatus                        0x2000000b   Data           1  main.o(.data)
    keepAngleState                           0x2000000c   Data           1  main.o(.data)
    curCmdType2Value                         0x2000000d   Data           1  main.o(.data)
    curCmdType2CmdIndex                      0x2000000e   Data           1  main.o(.data)
    key                                      0x20000010   Data           2  main.o(.data)
    TITLE                                    0x20000012   Data          18  main.o(.data)
    HEAD_LEFT                                0x20000024   Data          11  main.o(.data)
    HEAD_RIGHT                               0x2000002f   Data          11  main.o(.data)
    MID_LEFT                                 0x2000003a   Data          10  main.o(.data)
    MID_RIGHT                                0x20000044   Data          10  main.o(.data)
    headAngle                                0x2000004e   Data           2  main.o(.data)
    middleAngle                              0x20000050   Data           2  main.o(.data)
    head_left                                0x20000054   Data           4  main.o(.data)
    head_right                               0x20000058   Data           4  main.o(.data)
    middle_left                              0x2000005c   Data           4  main.o(.data)
    middle_right                             0x20000060   Data           4  main.o(.data)
    SystemCoreClock                          0x20000068   Data           4  system_stm32f10x.o(.data)
    AHBPrescTable                            0x2000006c   Data          16  system_stm32f10x.o(.data)
    headReached                              0x2000007c   Data           1  servo.o(.data)
    middleReached                            0x2000007d   Data           1  servo.o(.data)
    bottomReached                            0x2000007e   Data           1  servo.o(.data)
    bottomHold                               0x2000007f   Data           1  servo.o(.data)
    headTimerStart                           0x20000080   Data           1  servo.o(.data)
    middleTimerStart                         0x20000081   Data           1  servo.o(.data)
    bottomTimerStart                         0x20000082   Data           1  servo.o(.data)
    TIM_Channel3_Counter                     0x20000084   Data           2  servo.o(.data)
    PWM_INCRSE                               0x20000086   Data           2  servo.o(.data)
    i                                        0x20000088   Data           2  servo.o(.data)
    j                                        0x2000008a   Data           2  servo.o(.data)
    imuCurBufferIndex                        0x2000008c   Data           1  imu.o(.data)
    newImuData                               0x2000008d   Data           1  imu.o(.data)
    gAcc                                     0x2000008e   Data           6  imu.o(.data)
    angleSpeed                               0x20000094   Data           6  imu.o(.data)
    angle                                    0x2000009a   Data           6  imu.o(.data)
    tempture                                 0x200000a0   Data           2  imu.o(.data)
    imu_package                              0x200000a4   Data           4  imu.o(.data)
    imu_error                                0x200000a8   Data           4  imu.o(.data)
    temp_x_angle                             0x200000ac   Data           4  imu.o(.data)
    temp_y_angle                             0x200000b0   Data           4  imu.o(.data)
    temp_z_angle                             0x200000b4   Data           4  imu.o(.data)
    Loobot_Pet_Mode                          0x200000b8   Data           1  imu.o(.data)
    Loobot_Pet_Mode_Rewards                  0x200000b9   Data           1  imu.o(.data)
    btCurBufferIndex                         0x200000bc   Data           1  comunicate.o(.data)
    btSendStart                              0x200000bd   Data           1  comunicate.o(.data)
    btCurRecvLen                             0x200000be   Data           1  comunicate.o(.data)
    CmdTp                                    0x200000bf   Data           1  comunicate.o(.data)
    newCmdType2Value                         0x200000c0   Data           1  comunicate.o(.data)
    bt_error                                 0x200000c4   Data           4  comunicate.o(.data)
    bt_ok_not_recv                           0x200000c8   Data           4  comunicate.o(.data)
    bt_no_ok_recv                            0x200000cc   Data           4  comunicate.o(.data)
    middleRotateStart                        0x200000d0   Data           1  dance_action_storage.o(.data)
    subSpeedRate                             0x200000d4   Data           4  dance_action_storage.o(.data)
    balanceTimes                             0x200000d8   Data           4  dance_action_storage.o(.data)
    preYAngleNum                             0x200000dc   Data           1  dance_action_storage.o(.data)
    rollStatus                               0x200000dd   Data           1  dance_action_storage.o(.data)
    lastbottomPos                            0x200000de   Data           2  dance_action_storage.o(.data)
    xAngleKeep                               0x200000e0   Data           2  dance_action_storage.o(.data)
    yAngleKeep                               0x200000e2   Data           2  dance_action_storage.o(.data)
    standBalanceState                        0x200000e4   Data           1  dance_action_storage.o(.data)
    standBalanceTimes                        0x200000e5   Data           1  dance_action_storage.o(.data)
    lastAngel                                0x200000e6   Data           2  dance_action_storage.o(.data)
    isIncrease                               0x200000e8   Data           1  dance_action_storage.o(.data)
    tempAngle                                0x200000ea   Data           2  dance_action_storage.o(.data)
    imuRxBuffer0                             0x200000f4   Data          44  imu.o(.bss)
    imuRxBuffer1                             0x20000120   Data          44  imu.o(.bss)
    btRxBuffer0                              0x2000014c   Data          30  comunicate.o(.bss)
    btRxBuffer1                              0x2000016a   Data          30  comunicate.o(.bss)
    __initial_sp                             0x20000588   Data           0  startup_stm32f10x_md.o(STACK)



==============================================================================

Memory Map of the image

  Image Entry point : 0x080000ed

  Load Region LR_IROM1 (Base: 0x08000000, Size: 0x000021d4, Max: 0x00010000, ABSOLUTE)

    Execution Region ER_IROM1 (Base: 0x08000000, Size: 0x000020e0, Max: 0x00010000, ABSOLUTE)

    Base Addr    Size         Type   Attr      Idx    E Section Name        Object

    0x08000000   0x000000ec   Data   RO         1133    RESET               startup_stm32f10x_md.o
    0x080000ec   0x00000000   Code   RO         2244  * .ARM.Collect$$$$00000000  mc_w.l(entry.o)
    0x080000ec   0x00000004   Code   RO         2528    .ARM.Collect$$$$00000001  mc_w.l(entry2.o)
    0x080000f0   0x00000004   Code   RO         2531    .ARM.Collect$$$$00000004  mc_w.l(entry5.o)
    0x080000f4   0x00000000   Code   RO         2533    .ARM.Collect$$$$00000008  mc_w.l(entry7b.o)
    0x080000f4   0x00000000   Code   RO         2535    .ARM.Collect$$$$0000000A  mc_w.l(entry8b.o)
    0x080000f4   0x00000008   Code   RO         2536    .ARM.Collect$$$$0000000B  mc_w.l(entry9a.o)
    0x080000fc   0x00000000   Code   RO         2538    .ARM.Collect$$$$0000000D  mc_w.l(entry10a.o)
    0x080000fc   0x00000000   Code   RO         2540    .ARM.Collect$$$$0000000F  mc_w.l(entry11a.o)
    0x080000fc   0x00000004   Code   RO         2529    .ARM.Collect$$$$00002712  mc_w.l(entry2.o)
    0x08000100   0x00000024   Code   RO         1134    .text               startup_stm32f10x_md.o
    0x08000124   0x00000024   Code   RO         2562    .text               mc_w.l(init.o)
    0x08000148   0x00000004   Code   RO          163    i.BusFault_Handler  stm32f10x_it.o
    0x0800014c   0x0000001c   Code   RO          480    i.DMA1_Channel2_IRQHandler  comunicate.o
    0x08000168   0x0000001c   Code   RO         1045    i.DMA_ClearFlag     stm32f10x_dma.o
    0x08000184   0x0000001c   Code   RO         1046    i.DMA_ClearITPendingBit  stm32f10x_dma.o
    0x080001a0   0x00000018   Code   RO         1047    i.DMA_Cmd           stm32f10x_dma.o
    0x080001b8   0x0000014c   Code   RO         1048    i.DMA_DeInit        stm32f10x_dma.o
    0x08000304   0x00000008   Code   RO         1049    i.DMA_GetCurrDataCounter  stm32f10x_dma.o
    0x0800030c   0x0000002c   Code   RO         1051    i.DMA_GetITStatus   stm32f10x_dma.o
    0x08000338   0x00000012   Code   RO         1052    i.DMA_ITConfig      stm32f10x_dma.o
    0x0800034a   0x0000003c   Code   RO         1053    i.DMA_Init          stm32f10x_dma.o
    0x08000386   0x00000002   Code   RO          164    i.DebugMon_Handler  stm32f10x_it.o
    0x08000388   0x00000116   Code   RO         1144    i.GPIO_Init         stm32f10x_gpio.o
    0x0800049e   0x00000004   Code   RO         1151    i.GPIO_ResetBits    stm32f10x_gpio.o
    0x080004a2   0x00000004   Code   RO         1152    i.GPIO_SetBits      stm32f10x_gpio.o
    0x080004a6   0x00000004   Code   RO          165    i.HardFault_Handler  stm32f10x_it.o
    0x080004aa   0x00000002   PAD
    0x080004ac   0x000000b8   Code   RO            1    i.KEY_Scan          main.o
    0x08000564   0x000001d4   Code   RO            2    i.Key_Action        main.o
    0x08000738   0x0000002a   Code   RO          952    i.LCD5110Clear      lcd5110.o
    0x08000762   0x00000054   Code   RO          953    i.LCD5110ClearPart  lcd5110.o
    0x080007b6   0x00000070   Code   RO          954    i.LCD5110ShowNum    lcd5110.o
    0x08000826   0x00000002   PAD
    0x08000828   0x00000040   Code   RO          956    i.LCD5110WriteChar  lcd5110.o
    0x08000868   0x00000034   Code   RO          957    i.LCD5110WriteEnStr  lcd5110.o
    0x0800089c   0x00000034   Code   RO          958    i.LCD5110_GPIOInit  lcd5110.o
    0x080008d0   0x0000006c   Code   RO          959    i.LCD5110_Init      lcd5110.o
    0x0800093c   0x0000005c   Code   RO          960    i.LCD5110_Send      lcd5110.o
    0x08000998   0x00000020   Code   RO          961    i.LCD5110_SetContrast  lcd5110.o
    0x080009b8   0x00000028   Code   RO          962    i.LCD5110_SetXY     lcd5110.o
    0x080009e0   0x00000004   Code   RO          166    i.MemManage_Handler  stm32f10x_it.o
    0x080009e4   0x00000002   Code   RO          167    i.NMI_Handler       stm32f10x_it.o
    0x080009e6   0x00000002   PAD
    0x080009e8   0x00000070   Code   RO         2180    i.NVIC_Init         misc.o
    0x08000a58   0x00000002   Code   RO          168    i.PendSV_Handler    stm32f10x_it.o
    0x08000a5a   0x00000002   PAD
    0x08000a5c   0x00000020   Code   RO         1802    i.RCC_APB1PeriphClockCmd  stm32f10x_rcc.o
    0x08000a7c   0x00000020   Code   RO         1804    i.RCC_APB2PeriphClockCmd  stm32f10x_rcc.o
    0x08000a9c   0x0000005a   Code   RO            3    i.RCC_Configuration  main.o
    0x08000af6   0x00000002   PAD
    0x08000af8   0x0000004c   Code   RO         1811    i.RCC_DeInit        stm32f10x_rcc.o
    0x08000b44   0x0000003c   Code   RO         1813    i.RCC_GetFlagStatus  stm32f10x_rcc.o
    0x08000b80   0x00000010   Code   RO         1815    i.RCC_GetSYSCLKSource  stm32f10x_rcc.o
    0x08000b90   0x00000018   Code   RO         1816    i.RCC_HCLKConfig    stm32f10x_rcc.o
    0x08000ba8   0x0000000c   Code   RO         1818    i.RCC_HSICmd        stm32f10x_rcc.o
    0x08000bb4   0x00000018   Code   RO         1823    i.RCC_PCLK1Config   stm32f10x_rcc.o
    0x08000bcc   0x00000018   Code   RO         1824    i.RCC_PCLK2Config   stm32f10x_rcc.o
    0x08000be4   0x0000000c   Code   RO         1825    i.RCC_PLLCmd        stm32f10x_rcc.o
    0x08000bf0   0x0000001c   Code   RO         1826    i.RCC_PLLConfig     stm32f10x_rcc.o
    0x08000c0c   0x00000018   Code   RO         1829    i.RCC_SYSCLKConfig  stm32f10x_rcc.o
    0x08000c24   0x00000002   Code   RO          169    i.SVC_Handler       stm32f10x_it.o
    0x08000c26   0x00000008   Code   RO          252    i.SetSysClock       system_stm32f10x.o
    0x08000c2e   0x00000002   PAD
    0x08000c30   0x000000e0   Code   RO          253    i.SetSysClockTo48   system_stm32f10x.o
    0x08000d10   0x00000050   Code   RO            4    i.Show_Init         main.o
    0x08000d60   0x00000028   Code   RO         2184    i.SysTick_CLKSourceConfig  misc.o
    0x08000d88   0x00000002   Code   RO          170    i.SysTick_Handler   stm32f10x_it.o
    0x08000d8a   0x00000002   PAD
    0x08000d8c   0x00000060   Code   RO          255    i.SystemInit        system_stm32f10x.o
    0x08000dec   0x00000124   Code   RO          286    i.TIM2_IRQHandler   servo.o
    0x08000f10   0x00000018   Code   RO         1256    i.TIM_ARRPreloadConfig  stm32f10x_tim.o
    0x08000f28   0x00000006   Code   RO         1263    i.TIM_ClearITPendingBit  stm32f10x_tim.o
    0x08000f2e   0x00000018   Code   RO         1268    i.TIM_Cmd           stm32f10x_tim.o
    0x08000f46   0x00000006   Code   RO         1283    i.TIM_GetCapture1   stm32f10x_tim.o
    0x08000f4c   0x00000006   Code   RO         1284    i.TIM_GetCapture2   stm32f10x_tim.o
    0x08000f52   0x00000006   Code   RO         1285    i.TIM_GetCapture3   stm32f10x_tim.o
    0x08000f58   0x00000006   Code   RO         1287    i.TIM_GetCounter    stm32f10x_tim.o
    0x08000f5e   0x00000022   Code   RO         1289    i.TIM_GetITStatus   stm32f10x_tim.o
    0x08000f80   0x00000012   Code   RO         1293    i.TIM_ITConfig      stm32f10x_tim.o
    0x08000f92   0x00000002   PAD
    0x08000f94   0x00000098   Code   RO         1297    i.TIM_OC1Init       stm32f10x_tim.o
    0x0800102c   0x00000012   Code   RO         1300    i.TIM_OC1PreloadConfig  stm32f10x_tim.o
    0x0800103e   0x00000002   PAD
    0x08001040   0x000000a4   Code   RO         1302    i.TIM_OC2Init       stm32f10x_tim.o
    0x080010e4   0x0000001a   Code   RO         1305    i.TIM_OC2PreloadConfig  stm32f10x_tim.o
    0x080010fe   0x00000002   PAD
    0x08001100   0x000000a0   Code   RO         1307    i.TIM_OC3Init       stm32f10x_tim.o
    0x080011a0   0x00000012   Code   RO         1310    i.TIM_OC3PreloadConfig  stm32f10x_tim.o
    0x080011b2   0x00000004   Code   RO         1329    i.TIM_SetCompare1   stm32f10x_tim.o
    0x080011b6   0x00000004   Code   RO         1330    i.TIM_SetCompare2   stm32f10x_tim.o
    0x080011ba   0x00000004   Code   RO         1331    i.TIM_SetCompare3   stm32f10x_tim.o
    0x080011be   0x00000004   Code   RO         1333    i.TIM_SetCounter    stm32f10x_tim.o
    0x080011c2   0x00000002   PAD
    0x080011c4   0x000000a4   Code   RO         1339    i.TIM_TimeBaseInit  stm32f10x_tim.o
    0x08001268   0x00000208   Code   RO          416    i.USART1_IRQHandler  imu.o
    0x08001470   0x00000144   Code   RO          481    i.USART3_IRQHandler  comunicate.o
    0x080015b4   0x0000001e   Code   RO         2001    i.USART_ClearITPendingBit  stm32f10x_usart.o
    0x080015d2   0x00000054   Code   RO         2008    i.USART_GetITStatus  stm32f10x_usart.o
    0x08001626   0x00000004   Code   RO          171    i.UsageFault_Handler  stm32f10x_it.o
    0x0800162a   0x0000000e   Code   RO         2570    i.__scatterload_copy  mc_w.l(handlers.o)
    0x08001638   0x00000002   Code   RO         2571    i.__scatterload_null  mc_w.l(handlers.o)
    0x0800163a   0x0000000e   Code   RO         2572    i.__scatterload_zeroinit  mc_w.l(handlers.o)
    0x08001648   0x0000002c   Code   RO          456    i.audioInit         audio.o
    0x08001674   0x00000070   Code   RO          485    i.bluetoothUartSend  comunicate.o
    0x080016e4   0x00000044   Code   RO          911    i.delay_init        delay.o
    0x08001728   0x0000004c   Code   RO          912    i.delay_ms          delay.o
    0x08001774   0x00000020   Code   RO          290    i.headGetRunTime    servo.o
    0x08001794   0x00000020   Code   RO          291    i.headGetRunTimeSlowly  servo.o
    0x080017b4   0x00000040   Code   RO          292    i.headServoSpeedGo  servo.o
    0x080017f4   0x00000094   Code   RO          293    i.headServoSpeedGoSlowly  servo.o
    0x08001888   0x0000009c   Code   RO          294    i.headStartTimer    servo.o
    0x08001924   0x00000018   Code   RO          295    i.headStopTimer     servo.o
    0x0800193c   0x0000006c   Code   RO            5    i.main              main.o
    0x080019a8   0x00000040   Code   RO          296    i.middleGetRunTime  servo.o
    0x080019e8   0x00000038   Code   RO          298    i.middleServoSpeedGo  servo.o
    0x08001a20   0x0000008c   Code   RO          299    i.middleServoSpeedGoSlowly  servo.o
    0x08001aac   0x00000090   Code   RO          301    i.middleStartTimer  servo.o
    0x08001b3c   0x00000018   Code   RO          302    i.middleStopTimer   servo.o
    0x08001b54   0x00000016   Code   RO          963    i.mypow             lcd5110.o
    0x08001b6a   0x00000002   PAD
    0x08001b6c   0x00000024   Code   RO          457    i.power_led_control  audio.o
    0x08001b90   0x00000230   Code   RO          305    i.servoInit         servo.o
    0x08001dc0   0x00000300   Data   RO          964    .constdata          lcd5110.o
    0x080020c0   0x00000020   Data   RO         2568    Region$$Table       anon$$obj.o


    Execution Region RW_IRAM1 (Base: 0x20000000, Size: 0x00000588, Max: 0x00005000, ABSOLUTE)

    Base Addr    Size         Type   Attr      Idx    E Section Name        Object

    0x20000000   0x00000065   Data   RW            6    .data               main.o
    0x20000065   0x00000003   PAD
    0x20000068   0x00000014   Data   RW          256    .data               system_stm32f10x.o
    0x2000007c   0x00000010   Data   RW          306    .data               servo.o
    0x2000008c   0x0000002e   Data   RW          422    .data               imu.o
    0x200000ba   0x00000002   PAD
    0x200000bc   0x00000014   Data   RW          487    .data               comunicate.o
    0x200000d0   0x00000020   Data   RW          589    .data               dance_action_storage.o
    0x200000f0   0x00000004   Data   RW          914    .data               delay.o
    0x200000f4   0x00000058   Zero   RW          421    .bss                imu.o
    0x2000014c   0x0000003c   Zero   RW          486    .bss                comunicate.o
    0x20000188   0x00000400   Zero   RW         1131    STACK               startup_stm32f10x_md.o


==============================================================================

Image component sizes


      Code (inc. data)   RO Data    RW Data    ZI Data      Debug   Object Name

        80         10          0          0          0       1016   audio.o
       464         96          0         20         60       3232   comunicate.o
         0          0          0          0          0         32   core_cm3.o
         0          0          0         32          0       2622   dance_action_storage.o
       144         22          0          4          0       1316   delay.o
       520         72          0         46         88       2337   imu.o
       700         24        768          0          0       8033   lcd5110.o
       930         70          0        101          0     258875   main.o
       152         12          0          0          0       1726   misc.o
      1736        162          0         16          0       9830   servo.o
        36          8        236          0       1024        812   startup_stm32f10x_md.o
       542         36          0          0          0      16480   stm32f10x_dma.o
       286          0          0          0          0       3268   stm32f10x_gpio.o
        26          0          0          0          0     206014   stm32f10x_it.o
       364         72          0          0          0       7223   stm32f10x_rcc.o
       848         82          0          0          0      13510   stm32f10x_tim.o
       114          0          0          0          0       2994   stm32f10x_usart.o
       328         28          0         20          0       2397   system_stm32f10x.o

    ----------------------------------------------------------------------
      7294        694       1036        244       1172     541717   Object Totals
         0          0         32          0          0          0   (incl. Generated)
        24          0          0          5          0          0   (incl. Padding)

    ----------------------------------------------------------------------

      Code (inc. data)   RO Data    RW Data    ZI Data      Debug   Library Member Name

         0          0          0          0          0          0   entry.o
         0          0          0          0          0          0   entry10a.o
         0          0          0          0          0          0   entry11a.o
         8          4          0          0          0          0   entry2.o
         4          0          0          0          0          0   entry5.o
         0          0          0          0          0          0   entry7b.o
         0          0          0          0          0          0   entry8b.o
         8          4          0          0          0          0   entry9a.o
        30          0          0          0          0          0   handlers.o
        36          8          0          0          0         68   init.o

    ----------------------------------------------------------------------
        86         16          0          0          0         68   Library Totals
         0          0          0          0          0          0   (incl. Padding)

    ----------------------------------------------------------------------

      Code (inc. data)   RO Data    RW Data    ZI Data      Debug   Library Name

        86         16          0          0          0         68   mc_w.l

    ----------------------------------------------------------------------
        86         16          0          0          0         68   Library Totals

    ----------------------------------------------------------------------

==============================================================================


      Code (inc. data)   RO Data    RW Data    ZI Data      Debug   

      7380        710       1036        244       1172     537205   Grand Totals
      7380        710       1036        244       1172     537205   ELF Image Totals
      7380        710       1036        244          0          0   ROM Totals

==============================================================================

    Total RO  Size (Code + RO Data)                 8416 (   8.22kB)
    Total RW  Size (RW Data + ZI Data)              1416 (   1.38kB)
    Total ROM Size (Code + RO Data + RW Data)       8660 (   8.46kB)

==============================================================================

