Product: MDK-ARM Lite 5.10
Component: ARM Compiler 5.04 update 1 (build 49)
Tool: armlink [5040049]

==============================================================================

Section Cross References

    main.o(i.RCC_Configuration) refers to stm32f10x_rcc.o(i.RCC_DeInit) for RCC_DeInit
    main.o(i.RCC_Configuration) refers to stm32f10x_rcc.o(i.RCC_HSICmd) for RCC_HSICmd
    main.o(i.RCC_Configuration) refers to stm32f10x_rcc.o(i.RCC_GetFlagStatus) for RCC_GetFlagStatus
    main.o(i.RCC_Configuration) refers to stm32f10x_rcc.o(i.RCC_HCLKConfig) for RCC_HCLKConfig
    main.o(i.RCC_Configuration) refers to stm32f10x_rcc.o(i.RCC_PCLK2Config) for RCC_PCLK2Config
    main.o(i.RCC_Configuration) refers to stm32f10x_rcc.o(i.RCC_PCLK1Config) for RCC_PCLK1Config
    main.o(i.RCC_Configuration) refers to stm32f10x_rcc.o(i.RCC_PLLConfig) for RCC_PLLConfig
    main.o(i.RCC_Configuration) refers to stm32f10x_rcc.o(i.RCC_PLLCmd) for RCC_PLLCmd
    main.o(i.RCC_Configuration) refers to stm32f10x_rcc.o(i.RCC_SYSCLKConfig) for RCC_SYSCLKConfig
    main.o(i.RCC_Configuration) refers to stm32f10x_rcc.o(i.RCC_GetSYSCLKSource) for RCC_GetSYSCLKSource
    main.o(i.RCC_Configuration) refers to stm32f10x_rcc.o(i.RCC_APB2PeriphClockCmd) for RCC_APB2PeriphClockCmd
    main.o(i.main) refers to main.o(i.RCC_Configuration) for RCC_Configuration
    main.o(i.main) refers to mpu6050.o(i.GPIO_Configuration) for GPIO_Configuration
    main.o(i.main) refers to mpu6050.o(i.USART1_Configuration) for USART1_Configuration
    main.o(i.main) refers to sys.o(i.NVIC_Configuration) for NVIC_Configuration
    main.o(i.main) refers to mpu6050.o(i.I2C_GPIO_Config) for I2C_GPIO_Config
    main.o(i.main) refers to main.o(i.Delayms) for Delayms
    main.o(i.main) refers to mpu6050.o(i.Init_MPU6050) for Init_MPU6050
    main.o(i.main) refers to moto.o(i.MotoInit) for MotoInit
    main.o(i.main) refers to mpu6050.o(i.READ_MPU6050) for READ_MPU6050
    main.o(i.main) refers to mpu6050.o(i.DATA_printf_X_Y_Z) for DATA_printf_X_Y_Z
    system_stm32f10x.o(i.SetSysClock) refers to system_stm32f10x.o(i.SetSysClockTo48) for SetSysClockTo48
    system_stm32f10x.o(i.SystemCoreClockUpdate) refers to system_stm32f10x.o(.data) for SystemCoreClock
    system_stm32f10x.o(i.SystemInit) refers to system_stm32f10x.o(i.SetSysClock) for SetSysClock
    audio.o(i.audioInit) refers to stm32f10x_rcc.o(i.RCC_APB2PeriphClockCmd) for RCC_APB2PeriphClockCmd
    audio.o(i.audioInit) refers to stm32f10x_gpio.o(i.GPIO_Init) for GPIO_Init
    audio.o(i.power_led_control) refers to stm32f10x_gpio.o(i.GPIO_SetBits) for GPIO_SetBits
    audio.o(i.power_led_control) refers to delay.o(i.delay_ms) for delay_ms
    audio.o(i.power_led_control) refers to stm32f10x_gpio.o(i.GPIO_ResetBits) for GPIO_ResetBits
    audio.o(i.power_off) refers to stm32f10x_gpio.o(i.GPIO_ResetBits) for GPIO_ResetBits
    comunicate.o(i.DMA1_Channel2_IRQHandler) refers to stm32f10x_dma.o(i.DMA_GetITStatus) for DMA_GetITStatus
    comunicate.o(i.DMA1_Channel2_IRQHandler) refers to stm32f10x_dma.o(i.DMA_ClearITPendingBit) for DMA_ClearITPendingBit
    comunicate.o(i.DMA1_Channel2_IRQHandler) refers to comunicate.o(.data) for btSendStart
    comunicate.o(i.USART3_IRQHandler) refers to stm32f10x_usart.o(i.USART_GetITStatus) for USART_GetITStatus
    comunicate.o(i.USART3_IRQHandler) refers to stm32f10x_dma.o(i.DMA_Cmd) for DMA_Cmd
    comunicate.o(i.USART3_IRQHandler) refers to stm32f10x_dma.o(i.DMA_GetCurrDataCounter) for DMA_GetCurrDataCounter
    comunicate.o(i.USART3_IRQHandler) refers to comunicate.o(i.bluetoothUartSend) for bluetoothUartSend
    comunicate.o(i.USART3_IRQHandler) refers to stm32f10x_usart.o(i.USART_ClearITPendingBit) for USART_ClearITPendingBit
    comunicate.o(i.USART3_IRQHandler) refers to comunicate.o(.data) for btCurRecvLen
    comunicate.o(i.USART3_IRQHandler) refers to comunicate.o(.bss) for btRxBuffer0
    comunicate.o(i.bluetoothInit) refers to stm32f10x_rcc.o(i.RCC_APB2PeriphClockCmd) for RCC_APB2PeriphClockCmd
    comunicate.o(i.bluetoothInit) refers to stm32f10x_rcc.o(i.RCC_APB1PeriphClockCmd) for RCC_APB1PeriphClockCmd
    comunicate.o(i.bluetoothInit) refers to stm32f10x_rcc.o(i.RCC_AHBPeriphClockCmd) for RCC_AHBPeriphClockCmd
    comunicate.o(i.bluetoothInit) refers to stm32f10x_gpio.o(i.GPIO_Init) for GPIO_Init
    comunicate.o(i.bluetoothInit) refers to stm32f10x_dma.o(i.DMA_DeInit) for DMA_DeInit
    comunicate.o(i.bluetoothInit) refers to stm32f10x_dma.o(i.DMA_Init) for DMA_Init
    comunicate.o(i.bluetoothInit) refers to stm32f10x_dma.o(i.DMA_ClearFlag) for DMA_ClearFlag
    comunicate.o(i.bluetoothInit) refers to stm32f10x_dma.o(i.DMA_Cmd) for DMA_Cmd
    comunicate.o(i.bluetoothInit) refers to stm32f10x_usart.o(i.USART_Init) for USART_Init
    comunicate.o(i.bluetoothInit) refers to stm32f10x_usart.o(i.USART_ITConfig) for USART_ITConfig
[...]
    mpu6050.o(i.Single_Read) refers to mpu6050.o(.data) for test
    mpu6050.o(i.Single_Write) refers to mpu6050.o(i.I2C_Start) for I2C_Start
    mpu6050.o(i.Single_Write) refers to mpu6050.o(i.I2C_SendByte) for I2C_SendByte
    mpu6050.o(i.Single_Write) refers to mpu6050.o(i.I2C_WaitAck) for I2C_WaitAck
    mpu6050.o(i.Single_Write) refers to mpu6050.o(i.I2C_Stop) for I2C_Stop
    mpu6050.o(i.Single_Write) refers to mpu6050.o(i.delay5ms) for delay5ms
    mpu6050.o(i.USART1_Configuration) refers to stm32f10x_rcc.o(i.RCC_APB2PeriphClockCmd) for RCC_APB2PeriphClockCmd
    mpu6050.o(i.USART1_Configuration) refers to stm32f10x_usart.o(i.USART_ClockInit) for USART_ClockInit
    mpu6050.o(i.USART1_Configuration) refers to stm32f10x_usart.o(i.USART_Init) for USART_Init
    mpu6050.o(i.USART1_Configuration) refers to misc.o(i.NVIC_Init) for NVIC_Init
    mpu6050.o(i.USART1_Configuration) refers to stm32f10x_usart.o(i.USART_ITConfig) for USART_ITConfig
    mpu6050.o(i.USART1_Configuration) refers to stm32f10x_usart.o(i.USART_Cmd) for USART_Cmd
    mpu6050.o(i.USART1_SendData) refers to stm32f10x_usart.o(i.USART_SendData) for USART_SendData
    mpu6050.o(i.USART1_SendData) refers to main.o(i.Delayms) for Delayms
    moto.o(i.MotoAhead) refers to stm32f10x_gpio.o(i.GPIO_SetBits) for GPIO_SetBits
    moto.o(i.MotoAhead) refers to stm32f10x_gpio.o(i.GPIO_ResetBits) for GPIO_ResetBits
    moto.o(i.MotoBack) refers to stm32f10x_gpio.o(i.GPIO_SetBits) for GPIO_SetBits
    moto.o(i.MotoBack) refers to stm32f10x_gpio.o(i.GPIO_ResetBits) for GPIO_ResetBits
    moto.o(i.MotoInit) refers to stm32f10x_rcc.o(i.RCC_APB2PeriphClockCmd) for RCC_APB2PeriphClockCmd
    moto.o(i.MotoInit) refers to stm32f10x_gpio.o(i.GPIO_AFIODeInit) for GPIO_AFIODeInit
    moto.o(i.MotoInit) refers to stm32f10x_gpio.o(i.GPIO_PinRemapConfig) for GPIO_PinRemapConfig
    moto.o(i.MotoInit) refers to stm32f10x_rcc.o(i.RCC_APB1PeriphClockCmd) for RCC_APB1PeriphClockCmd
    moto.o(i.MotoInit) refers to stm32f10x_gpio.o(i.GPIO_Init) for GPIO_Init
    moto.o(i.MotoInit) refers to stm32f10x_gpio.o(i.GPIO_SetBits) for GPIO_SetBits
    moto.o(i.MotoInit) refers to stm32f10x_tim.o(i.TIM_TimeBaseInit) for TIM_TimeBaseInit
    moto.o(i.MotoInit) refers to stm32f10x_tim.o(i.TIM_OC1Init) for TIM_OC1Init
    moto.o(i.MotoInit) refers to stm32f10x_tim.o(i.TIM_OC1PreloadConfig) for TIM_OC1PreloadConfig
    moto.o(i.MotoInit) refers to stm32f10x_tim.o(i.TIM_OC2Init) for TIM_OC2Init
    moto.o(i.MotoInit) refers to stm32f10x_tim.o(i.TIM_OC2PreloadConfig) for TIM_OC2PreloadConfig
    moto.o(i.MotoInit) refers to stm32f10x_tim.o(i.TIM_OC3Init) for TIM_OC3Init
    moto.o(i.MotoInit) refers to stm32f10x_tim.o(i.TIM_OC3PreloadConfig) for TIM_OC3PreloadConfig
    moto.o(i.MotoInit) refers to stm32f10x_tim.o(i.TIM_OC4Init) for TIM_OC4Init
    moto.o(i.MotoInit) refers to stm32f10x_tim.o(i.TIM_OC4PreloadConfig) for TIM_OC4PreloadConfig
    moto.o(i.MotoInit) refers to stm32f10x_tim.o(i.TIM_ARRPreloadConfig) for TIM_ARRPreloadConfig
    moto.o(i.MotoInit) refers to stm32f10x_tim.o(i.TIM_Cmd) for TIM_Cmd
    entry.o(.ARM.Collect$$$$00000000) refers (Special) to entry10a.o(.ARM.Collect$$$$0000000D) for __rt_final_cpp
    entry.o(.ARM.Collect$$$$00000000) refers (Special) to entry11a.o(.ARM.Collect$$$$0000000F) for __rt_final_exit
    entry.o(.ARM.Collect$$$$00000000) refers (Special) to entry7b.o(.ARM.Collect$$$$00000008) for _main_clock
    entry.o(.ARM.Collect$$$$00000000) refers (Special) to entry8b.o(.ARM.Collect$$$$0000000A) for _main_cpp_init
    entry.o(.ARM.Collect$$$$00000000) refers (Special) to entry9a.o(.ARM.Collect$$$$0000000B) for _main_init
    entry.o(.ARM.Collect$$$$00000000) refers (Special) to entry5.o(.ARM.Collect$$$$00000004) for _main_scatterload
    entry.o(.ARM.Collect$$$$00000000) refers (Special) to entry2.o(.ARM.Collect$$$$00000001) for _main_stk
    printfb.o(i.__0fprintf$bare) refers to printfb.o(i._printf_core) for _printf_core
    printfb.o(i.__0fprintf$bare) refers to print_redirect_function.o(i.fputc) for fputc
    printfb.o(i.__0printf$bare) refers to printfb.o(i._printf_core) for _printf_core
    printfb.o(i.__0printf$bare) refers to print_redirect_function.o(i.fputc) for fputc
    printfb.o(i.__0printf$bare) refers to stdout.o(.data) for __stdout
    printfb.o(i.__0snprintf$bare) refers to printfb.o(i._printf_core) for _printf_core
    printfb.o(i.__0snprintf$bare) refers to printfb.o(i._snputc) for _snputc
    printfb.o(i.__0sprintf$bare) refers to printfb.o(i._printf_core) for _printf_core
    printfb.o(i.__0sprintf$bare) refers to printfb.o(i._sputc) for _sputc
    printfb.o(i.__0vfprintf$bare) refers to printfb.o(i._printf_core) for _printf_core
    printfb.o(i.__0vfprintf$bare) refers to print_redirect_function.o(i.fputc) for fputc
    printfb.o(i.__0vprintf$bare) refers to printfb.o(i._printf_core) for _printf_core
    printfb.o(i.__0vprintf$bare) refers to print_redirect_function.o(i.fputc) for fputc
    printfb.o(i.__0vprintf$bare) refers to stdout.o(.data) for __stdout
    printfb.o(i.__0vsnprintf$bare) refers to printfb.o(i._printf_core) for _printf_core
    printfb.o(i.__0vsnprintf$bare) refers to printfb.o(i._snputc) for _snputc
    printfb.o(i.__0vsprintf$bare) refers to printfb.o(i._printf_core) for _printf_core
    printfb.o(i.__0vsprintf$bare) refers to printfb.o(i._sputc) for _sputc
    printf0.o(i.__0fprintf$0) refers to printf0.o(i._printf_core) for _printf_core
    printf0.o(i.__0fprintf$0) refers to print_redirect_function.o(i.fputc) for fputc
    printf0.o(i.__0printf$0) refers to printf0.o(i._printf_core) for _printf_core
    printf0.o(i.__0printf$0) refers to print_redirect_function.o(i.fputc) for fputc
    printf0.o(i.__0printf$0) refers to stdout.o(.data) for __stdout
    printf0.o(i.__0snprintf$0) refers to printf0.o(i._printf_core) for _printf_core
    printf0.o(i.__0snprintf$0) refers to printf0.o(i._snputc) for _snputc
    printf0.o(i.__0sprintf$0) refers to printf0.o(i._printf_core) for _printf_core
    printf0.o(i.__0sprintf$0) refers to printf0.o(i._sputc) for _sputc
    printf0.o(i.__0vfprintf$0) refers to printf0.o(i._printf_core) for _printf_core
    printf0.o(i.__0vfprintf$0) refers to print_redirect_function.o(i.fputc) for fputc
    printf0.o(i.__0vprintf$0) refers to printf0.o(i._printf_core) for _printf_core
    printf0.o(i.__0vprintf$0) refers to print_redirect_function.o(i.fputc) for fputc
    printf0.o(i.__0vprintf$0) refers to stdout.o(.data) for __stdout
    printf0.o(i.__0vsnprintf$0) refers to printf0.o(i._printf_core) for _printf_core
    printf0.o(i.__0vsnprintf$0) refers to printf0.o(i._snputc) for _snputc
    printf0.o(i.__0vsprintf$0) refers to printf0.o(i._printf_core) for _printf_core
    printf0.o(i.__0vsprintf$0) refers to printf0.o(i._sputc) for _sputc
    printf1.o(i.__0fprintf$1) refers to printf1.o(i._printf_core) for _printf_core
    printf1.o(i.__0fprintf$1) refers to print_redirect_function.o(i.fputc) for fputc
    printf1.o(i.__0printf$1) refers to printf1.o(i._printf_core) for _printf_core
    printf1.o(i.__0printf$1) refers to print_redirect_function.o(i.fputc) for fputc
    printf1.o(i.__0printf$1) refers to stdout.o(.data) for __stdout
    printf1.o(i.__0snprintf$1) refers to printf1.o(i._printf_core) for _printf_core
    printf1.o(i.__0snprintf$1) refers to printf1.o(i._snputc) for _snputc
    printf1.o(i.__0sprintf$1) refers to printf1.o(i._printf_core) for _printf_core
    printf1.o(i.__0sprintf$1) refers to printf1.o(i._sputc) for _sputc
    printf1.o(i.__0vfprintf$1) refers to printf1.o(i._printf_core) for _printf_core
    printf1.o(i.__0vfprintf$1) refers to print_redirect_function.o(i.fputc) for fputc
    printf1.o(i.__0vprintf$1) refers to printf1.o(i._printf_core) for _printf_core
    printf1.o(i.__0vprintf$1) refers to print_redirect_function.o(i.fputc) for fputc
    printf1.o(i.__0vprintf$1) refers to stdout.o(.data) for __stdout
    printf1.o(i.__0vsnprintf$1) refers to printf1.o(i._printf_core) for _printf_core
    printf1.o(i.__0vsnprintf$1) refers to printf1.o(i._snputc) for _snputc
    printf1.o(i.__0vsprintf$1) refers to printf1.o(i._printf_core) for _printf_core
    printf1.o(i.__0vsprintf$1) refers to printf1.o(i._sputc) for _sputc
    printf1.o(i._printf_core) refers to uidiv.o(.text) for __aeabi_uidivmod
    printf2.o(i.__0fprintf$2) refers to printf2.o(i._printf_core) for _printf_core
    printf2.o(i.__0fprintf$2) refers to print_redirect_function.o(i.fputc) for fputc
    printf2.o(i.__0printf$2) refers to printf2.o(i._printf_core) for _printf_core
    printf2.o(i.__0printf$2) refers to print_redirect_function.o(i.fputc) for fputc
    printf2.o(i.__0printf$2) refers to stdout.o(.data) for __stdout
    printf2.o(i.__0snprintf$2) refers to printf2.o(i._printf_core) for _printf_core
    printf2.o(i.__0snprintf$2) refers to printf2.o(i._snputc) for _snputc
    printf2.o(i.__0sprintf$2) refers to printf2.o(i._printf_core) for _printf_core
    printf2.o(i.__0sprintf$2) refers to printf2.o(i._sputc) for _sputc
    printf2.o(i.__0vfprintf$2) refers to printf2.o(i._printf_core) for _printf_core
    printf2.o(i.__0vfprintf$2) refers to print_redirect_function.o(i.fputc) for fputc
    printf2.o(i.__0vprintf$2) refers to printf2.o(i._printf_core) for _printf_core
    printf2.o(i.__0vprintf$2) refers to print_redirect_function.o(i.fputc) for fputc
    printf2.o(i.__0vprintf$2) refers to stdout.o(.data) for __stdout
    printf2.o(i.__0vsnprintf$2) refers to printf2.o(i._printf_core) for _printf_core
    printf2.o(i.__0vsnprintf$2) refers to printf2.o(i._snputc) for _snputc
    printf2.o(i.__0vsprintf$2) refers to printf2.o(i._printf_core) for _printf_core
    printf2.o(i.__0vsprintf$2) refers to printf2.o(i._sputc) for _sputc
    printf3.o(i.__0fprintf$3) refers to printf3.o(i._printf_core) for _printf_core
    printf3.o(i.__0fprintf$3) refers to print_redirect_function.o(i.fputc) for fputc
    printf3.o(i.__0printf$3) refers to printf3.o(i._printf_core) for _printf_core
    printf3.o(i.__0printf$3) refers to print_redirect_function.o(i.fputc) for fputc
    printf3.o(i.__0printf$3) refers to stdout.o(.data) for __stdout
    printf3.o(i.__0snprintf$3) refers to printf3.o(i._printf_core) for _printf_core
    printf3.o(i.__0snprintf$3) refers to printf3.o(i._snputc) for _snputc
    printf3.o(i.__0sprintf$3) refers to printf3.o(i._printf_core) for _printf_core
    printf3.o(i.__0sprintf$3) refers to printf3.o(i._sputc) for _sputc
    printf3.o(i.__0vfprintf$3) refers to printf3.o(i._printf_core) for _printf_core
    printf3.o(i.__0vfprintf$3) refers to print_redirect_function.o(i.fputc) for fputc
    printf3.o(i.__0vprintf$3) refers to printf3.o(i._printf_core) for _printf_core
    printf3.o(i.__0vprintf$3) refers to print_redirect_function.o(i.fputc) for fputc
    printf3.o(i.__0vprintf$3) refers to stdout.o(.data) for __stdout
    printf3.o(i.__0vsnprintf$3) refers to printf3.o(i._printf_core) for _printf_core
    printf3.o(i.__0vsnprintf$3) refers to printf3.o(i._snputc) for _snputc
    printf3.o(i.__0vsprintf$3) refers to printf3.o(i._printf_core) for _printf_core
    printf3.o(i.__0vsprintf$3) refers to printf3.o(i._sputc) for _sputc
    printf3.o(i._printf_core) refers to uidiv.o(.text) for __aeabi_uidivmod
    printf4.o(i.__0fprintf$4) refers to printf4.o(i._printf_core) for _printf_core
    printf4.o(i.__0fprintf$4) refers to print_redirect_function.o(i.fputc) for fputc
    printf4.o(i.__0printf$4) refers to printf4.o(i._printf_core) for _printf_core
    printf4.o(i.__0printf$4) refers to print_redirect_function.o(i.fputc) for fputc
    printf4.o(i.__0printf$4) refers to stdout.o(.data) for __stdout
    printf4.o(i.__0snprintf$4) refers to printf4.o(i._printf_core) for _printf_core
    printf4.o(i.__0snprintf$4) refers to printf4.o(i._snputc) for _snputc
    printf4.o(i.__0sprintf$4) refers to printf4.o(i._printf_core) for _printf_core
    printf4.o(i.__0sprintf$4) refers to printf4.o(i._sputc) for _sputc
    printf4.o(i.__0vfprintf$4) refers to printf4.o(i._printf_core) for _printf_core
    printf4.o(i.__0vfprintf$4) refers to print_redirect_function.o(i.fputc) for fputc
    printf4.o(i.__0vprintf$4) refers to printf4.o(i._printf_core) for _printf_core
    printf4.o(i.__0vprintf$4) refers to print_redirect_function.o(i.fputc) for fputc
    printf4.o(i.__0vprintf$4) refers to stdout.o(.data) for __stdout
    printf4.o(i.__0vsnprintf$4) refers to printf4.o(i._printf_core) for _printf_core
    printf4.o(i.__0vsnprintf$4) refers to printf4.o(i._snputc) for _snputc
    printf4.o(i.__0vsprintf$4) refers to printf4.o(i._printf_core) for _printf_core
    printf4.o(i.__0vsprintf$4) refers to printf4.o(i._sputc) for _sputc
    printf4.o(i._printf_core) refers to uldiv.o(.text) for __aeabi_uldivmod
    printf5.o(i.__0fprintf$5) refers to printf5.o(i._printf_core) for _printf_core
    printf5.o(i.__0fprintf$5) refers to print_redirect_function.o(i.fputc) for fputc
    printf5.o(i.__0printf$5) refers to printf5.o(i._printf_core) for _printf_core
    printf5.o(i.__0printf$5) refers to print_redirect_function.o(i.fputc) for fputc
    printf5.o(i.__0printf$5) refers to stdout.o(.data) for __stdout
    printf5.o(i.__0snprintf$5) refers to printf5.o(i._printf_core) for _printf_core
    printf5.o(i.__0snprintf$5) refers to printf5.o(i._snputc) for _snputc
    printf5.o(i.__0sprintf$5) refers to printf5.o(i._printf_core) for _printf_core
    printf5.o(i.__0sprintf$5) refers to printf5.o(i._sputc) for _sputc
    printf5.o(i.__0vfprintf$5) refers to printf5.o(i._printf_core) for _printf_core
    printf5.o(i.__0vfprintf$5) refers to print_redirect_function.o(i.fputc) for fputc
    printf5.o(i.__0vprintf$5) refers to printf5.o(i._printf_core) for _printf_core
    printf5.o(i.__0vprintf$5) refers to print_redirect_function.o(i.fputc) for fputc
    printf5.o(i.__0vprintf$5) refers to stdout.o(.data) for __stdout
    printf5.o(i.__0vsnprintf$5) refers to printf5.o(i._printf_core) for _printf_core
    printf5.o(i.__0vsnprintf$5) refers to printf5.o(i._snputc) for _snputc
    printf5.o(i.__0vsprintf$5) refers to printf5.o(i._printf_core) for _printf_core
    printf5.o(i.__0vsprintf$5) refers to printf5.o(i._sputc) for _sputc
    printf5.o(i._printf_core) refers to uldiv.o(.text) for __aeabi_uldivmod
    printf6.o(i.__0fprintf$6) refers to printf6.o(i._printf_core) for _printf_core
    printf6.o(i.__0fprintf$6) refers to print_redirect_function.o(i.fputc) for fputc
    printf6.o(i.__0printf$6) refers to printf6.o(i._printf_core) for _printf_core
    printf6.o(i.__0printf$6) refers to print_redirect_function.o(i.fputc) for fputc
    printf6.o(i.__0printf$6) refers to stdout.o(.data) for __stdout
    printf6.o(i.__0snprintf$6) refers to printf6.o(i._printf_core) for _printf_core
    printf6.o(i.__0snprintf$6) refers to printf6.o(i._snputc) for _snputc
    printf6.o(i.__0sprintf$6) refers to printf6.o(i._printf_core) for _printf_core
    printf6.o(i.__0sprintf$6) refers to printf6.o(i._sputc) for _sputc
    printf6.o(i.__0vfprintf$6) refers to printf6.o(i._printf_core) for _printf_core
    printf6.o(i.__0vfprintf$6) refers to print_redirect_function.o(i.fputc) for fputc
    printf6.o(i.__0vprintf$6) refers to printf6.o(i._printf_core) for _printf_core
    printf6.o(i.__0vprintf$6) refers to print_redirect_function.o(i.fputc) for fputc
    printf6.o(i.__0vprintf$6) refers to stdout.o(.data) for __stdout
    printf6.o(i.__0vsnprintf$6) refers to printf6.o(i._printf_core) for _printf_core
    printf6.o(i.__0vsnprintf$6) refers to printf6.o(i._snputc) for _snputc
    printf6.o(i.__0vsprintf$6) refers to printf6.o(i._printf_core) for _printf_core
    printf6.o(i.__0vsprintf$6) refers to printf6.o(i._sputc) for _sputc
    printf6.o(i._printf_core) refers to printf6.o(i._printf_pre_padding) for _printf_pre_padding
    printf6.o(i._printf_core) refers to uidiv.o(.text) for __aeabi_uidivmod
    printf6.o(i._printf_core) refers to printf6.o(i._printf_post_padding) for _printf_post_padding
    printf7.o(i.__0fprintf$7) refers to printf7.o(i._printf_core) for _printf_core
    printf7.o(i.__0fprintf$7) refers to print_redirect_function.o(i.fputc) for fputc
    printf7.o(i.__0printf$7) refers to printf7.o(i._printf_core) for _printf_core
    printf7.o(i.__0printf$7) refers to print_redirect_function.o(i.fputc) for fputc
    printf7.o(i.__0printf$7) refers to stdout.o(.data) for __stdout
    printf7.o(i.__0snprintf$7) refers to printf7.o(i._printf_core) for _printf_core
    printf7.o(i.__0snprintf$7) refers to printf7.o(i._snputc) for _snputc
    printf7.o(i.__0sprintf$7) refers to printf7.o(i._printf_core) for _printf_core
    printf7.o(i.__0sprintf$7) refers to printf7.o(i._sputc) for _sputc
    printf7.o(i.__0vfprintf$7) refers to printf7.o(i._printf_core) for _printf_core
    printf7.o(i.__0vfprintf$7) refers to print_redirect_function.o(i.fputc) for fputc
    printf7.o(i.__0vprintf$7) refers to printf7.o(i._printf_core) for _printf_core
    printf7.o(i.__0vprintf$7) refers to print_redirect_function.o(i.fputc) for fputc
    printf7.o(i.__0vprintf$7) refers to stdout.o(.data) for __stdout
    printf7.o(i.__0vsnprintf$7) refers to printf7.o(i._printf_core) for _printf_core
    printf7.o(i.__0vsnprintf$7) refers to printf7.o(i._snputc) for _snputc
    printf7.o(i.__0vsprintf$7) refers to printf7.o(i._printf_core) for _printf_core
    printf7.o(i.__0vsprintf$7) refers to printf7.o(i._sputc) for _sputc
    printf7.o(i._printf_core) refers to printf7.o(i._printf_pre_padding) for _printf_pre_padding
    printf7.o(i._printf_core) refers to uldiv.o(.text) for __aeabi_uldivmod
    printf7.o(i._printf_core) refers to printf7.o(i._printf_post_padding) for _printf_post_padding
    printf8.o(i.__0fprintf$8) refers to printf8.o(i._printf_core) for _printf_core
    printf8.o(i.__0fprintf$8) refers to print_redirect_function.o(i.fputc) for fputc
    printf8.o(i.__0printf$8) refers to printf8.o(i._printf_core) for _printf_core
    printf8.o(i.__0printf$8) refers to print_redirect_function.o(i.fputc) for fputc
    printf8.o(i.__0printf$8) refers to stdout.o(.data) for __stdout
    printf8.o(i.__0snprintf$8) refers to printf8.o(i._printf_core) for _printf_core
    printf8.o(i.__0snprintf$8) refers to printf8.o(i._snputc) for _snputc
    printf8.o(i.__0sprintf$8) refers to printf8.o(i._printf_core) for _printf_core
    printf8.o(i.__0sprintf$8) refers to printf8.o(i._sputc) for _sputc
    printf8.o(i.__0vfprintf$8) refers to printf8.o(i._printf_core) for _printf_core
    printf8.o(i.__0vfprintf$8) refers to print_redirect_function.o(i.fputc) for fputc
    printf8.o(i.__0vprintf$8) refers to printf8.o(i._printf_core) for _printf_core
    printf8.o(i.__0vprintf$8) refers to print_redirect_function.o(i.fputc) for fputc
    printf8.o(i.__0vprintf$8) refers to stdout.o(.data) for __stdout
    printf8.o(i.__0vsnprintf$8) refers to printf8.o(i._printf_core) for _printf_core
    printf8.o(i.__0vsnprintf$8) refers to printf8.o(i._snputc) for _snputc
    printf8.o(i.__0vsprintf$8) refers to printf8.o(i._printf_core) for _printf_core
    printf8.o(i.__0vsprintf$8) refers to printf8.o(i._sputc) for _sputc
    printf8.o(i._printf_core) refers to printf8.o(i._printf_pre_padding) for _printf_pre_padding
    printf8.o(i._printf_core) refers to uldiv.o(.text) for __aeabi_uldivmod
    printf8.o(i._printf_core) refers to printf8.o(i._printf_post_padding) for _printf_post_padding
    printfa.o(i.__0fprintf) refers (Special) to iusefp.o(.text) for __I$use$fp
    printfa.o(i.__0fprintf) refers to printfa.o(i._printf_core) for _printf_core
    printfa.o(i.__0fprintf) refers to print_redirect_function.o(i.fputc) for fputc
    printfa.o(i.__0printf) refers (Special) to iusefp.o(.text) for __I$use$fp
    printfa.o(i.__0printf) refers to printfa.o(i._printf_core) for _printf_core
    printfa.o(i.__0printf) refers to print_redirect_function.o(i.fputc) for fputc
    printfa.o(i.__0printf) refers to stdout.o(.data) for __stdout
    printfa.o(i.__0snprintf) refers (Special) to iusefp.o(.text) for __I$use$fp
    printfa.o(i.__0snprintf) refers to printfa.o(i._printf_core) for _printf_core
    printfa.o(i.__0snprintf) refers to printfa.o(i._snputc) for _snputc
    printfa.o(i.__0sprintf) refers (Special) to iusefp.o(.text) for __I$use$fp
    printfa.o(i.__0sprintf) refers to printfa.o(i._printf_core) for _printf_core
    printfa.o(i.__0sprintf) refers to printfa.o(i._sputc) for _sputc
    printfa.o(i.__0vfprintf) refers (Special) to iusefp.o(.text) for __I$use$fp
    printfa.o(i.__0vfprintf) refers to printfa.o(i._printf_core) for _printf_core
    printfa.o(i.__0vfprintf) refers to print_redirect_function.o(i.fputc) for fputc
    printfa.o(i.__0vprintf) refers (Special) to iusefp.o(.text) for __I$use$fp
    printfa.o(i.__0vprintf) refers to printfa.o(i._printf_core) for _printf_core
    printfa.o(i.__0vprintf) refers to print_redirect_function.o(i.fputc) for fputc
    printfa.o(i.__0vprintf) refers to stdout.o(.data) for __stdout
    printfa.o(i.__0vsnprintf) refers (Special) to iusefp.o(.text) for __I$use$fp
    printfa.o(i.__0vsnprintf) refers to printfa.o(i._printf_core) for _printf_core
    printfa.o(i.__0vsnprintf) refers to printfa.o(i._snputc) for _snputc
    printfa.o(i.__0vsprintf) refers (Special) to iusefp.o(.text) for __I$use$fp
    printfa.o(i.__0vsprintf) refers to printfa.o(i._printf_core) for _printf_core
    printfa.o(i.__0vsprintf) refers to printfa.o(i._sputc) for _sputc
    printfa.o(i._fp_digits) refers (Special) to iusefp.o(.text) for __I$use$fp
    printfa.o(i._fp_digits) refers to dmul.o(.text) for __aeabi_dmul
    printfa.o(i._fp_digits) refers to ddiv.o(.text) for __aeabi_ddiv
    printfa.o(i._fp_digits) refers to cdrcmple.o(.text) for __aeabi_cdrcmple
    printfa.o(i._fp_digits) refers to dadd.o(.text) for __aeabi_dadd
    printfa.o(i._fp_digits) refers to dfixul.o(.text) for __aeabi_d2ulz
    printfa.o(i._fp_digits) refers to uldiv.o(.text) for __aeabi_uldivmod
    printfa.o(i._printf_core) refers (Special) to iusefp.o(.text) for __I$use$fp
    printfa.o(i._printf_core) refers to printfa.o(i._printf_pre_padding) for _printf_pre_padding
    printfa.o(i._printf_core) refers to uldiv.o(.text) for __aeabi_uldivmod
    printfa.o(i._printf_core) refers to printfa.o(i._printf_post_padding) for _printf_post_padding
    printfa.o(i._printf_core) refers to printfa.o(i._fp_digits) for _fp_digits
    printfa.o(i._printf_core) refers to uidiv.o(.text) for __aeabi_uidivmod
    printfa.o(i._printf_post_padding) refers (Special) to iusefp.o(.text) for __I$use$fp
    printfa.o(i._printf_pre_padding) refers (Special) to iusefp.o(.text) for __I$use$fp
    printfa.o(i._snputc) refers (Special) to iusefp.o(.text) for __I$use$fp
    printfa.o(i._sputc) refers (Special) to iusefp.o(.text) for __I$use$fp
    ddiv.o(.text) refers (Special) to iusefp.o(.text) for __I$use$fp
    ddiv.o(.text) refers to depilogue.o(.text) for _double_round
    dflti.o(.text) refers (Special) to iusefp.o(.text) for __I$use$fp
    dflti.o(.text) refers to depilogue.o(.text) for _double_epilogue
    dfixi.o(.text) refers (Special) to iusefp.o(.text) for __I$use$fp
    dfixi.o(.text) refers to llushr.o(.text) for __aeabi_llsr
    entry2.o(.ARM.Collect$$$$00000001) refers to entry2.o(.ARM.Collect$$$$00002712) for __lit__00000000
    entry2.o(.ARM.Collect$$$$00002712) refers to startup_stm32f10x_md.o(STACK) for __initial_sp
    entry2.o(__vectab_stack_and_reset_area) refers to startup_stm32f10x_md.o(STACK) for __initial_sp
    entry2.o(__vectab_stack_and_reset_area) refers to entry.o(.ARM.Collect$$$$00000000) for __main
    entry5.o(.ARM.Collect$$$$00000004) refers to init.o(.text) for __scatterload
    entry9a.o(.ARM.Collect$$$$0000000B) refers to main.o(i.main) for main
    entry9b.o(.ARM.Collect$$$$0000000C) refers to main.o(i.main) for main
    uldiv.o(.text) refers to llushr.o(.text) for __aeabi_llsr
    uldiv.o(.text) refers to llshl.o(.text) for __aeabi_llsl
    depilogue.o(.text) refers to llshl.o(.text) for __aeabi_llsl
    depilogue.o(.text) refers to llushr.o(.text) for __aeabi_llsr
    dadd.o(.text) refers to llshl.o(.text) for __aeabi_llsl
    dadd.o(.text) refers to llsshr.o(.text) for __aeabi_lasr
    dadd.o(.text) refers to depilogue.o(.text) for _double_epilogue
    dmul.o(.text) refers to depilogue.o(.text) for _double_epilogue
    dfixul.o(.text) refers to llushr.o(.text) for __aeabi_llsr
    dfixul.o(.text) refers to llshl.o(.text) for __aeabi_llsl
    init.o(.text) refers to entry5.o(.ARM.Collect$$$$00000004) for __main_after_scatterload


==============================================================================

Removing Unused input sections from the image.

    Removing main.o(i.Delay), (18 bytes).
    Removing main.o(.data), (1 bytes).
    Removing system_stm32f10x.o(i.SystemCoreClockUpdate), (164 bytes).
    Removing system_stm32f10x.o(.data), (20 bytes).
    Removing audio.o(i.audioInit), (44 bytes).
    Removing audio.o(i.power_led_control), (36 bytes).
    Removing audio.o(i.power_off), (20 bytes).
    Removing comunicate.o(i.bluetoothInit), (360 bytes).
    Removing comunicate.o(i.bluetoothUartDisable), (16 bytes).
    Removing comunicate.o(i.bluetoothUartEnable), (16 bytes).
    Removing debug.o(i.debugForCmd), (556 bytes).
    Removing delay.o(i.delay_init), (68 bytes).
    Removing delay.o(i.delay_ms), (76 bytes).
    Removing delay.o(i.delay_us), (76 bytes).
    Removing delay.o(.data), (4 bytes).
    Removing key.o(i.KEY_Init), (40 bytes).
    Removing key.o(i.KEY_Scan), (252 bytes).
    Removing key.o(.data), (1 bytes).
    Removing lcd5110.o(i.LCD5110Clear), (42 bytes).
    Removing lcd5110.o(i.LCD5110ClearPart), (84 bytes).
    Removing lcd5110.o(i.LCD5110ShowNum), (112 bytes).
    Removing lcd5110.o(i.LCD5110WriteChStr), (92 bytes).
    Removing lcd5110.o(i.LCD5110WriteChar), (64 bytes).
    Removing lcd5110.o(i.LCD5110WriteEnStr), (52 bytes).
    Removing lcd5110.o(i.LCD5110_GPIOInit), (52 bytes).
    Removing lcd5110.o(i.LCD5110_Init), (108 bytes).
    Removing lcd5110.o(i.LCD5110_Send), (92 bytes).
    Removing lcd5110.o(i.LCD5110_SetContrast), (32 bytes).
    Removing lcd5110.o(i.LCD5110_SetXY), (40 bytes).
    Removing lcd5110.o(i.mypow), (22 bytes).
    Removing lcd5110.o(.constdata), (768 bytes).
    Removing stm32f10x_dma.o(i.DMA_GetFlagStatus), (44 bytes).
    Removing stm32f10x_dma.o(i.DMA_SetCurrDataCounter), (4 bytes).
    Removing stm32f10x_dma.o(i.DMA_StructInit), (26 bytes).
    Removing core_cm3.o(.emb_text), (32 bytes).
    Removing startup_stm32f10x_md.o(HEAP), (512 bytes).
    Removing stm32f10x_gpio.o(i.GPIO_DeInit), (200 bytes).
    Removing stm32f10x_gpio.o(i.GPIO_ETH_MediaInterfaceConfig), (12 bytes).
    Removing stm32f10x_gpio.o(i.GPIO_EXTILineConfig), (64 bytes).
    Removing stm32f10x_gpio.o(i.GPIO_EventOutputCmd), (12 bytes).
    Removing stm32f10x_gpio.o(i.GPIO_EventOutputConfig), (32 bytes).
    Removing stm32f10x_gpio.o(i.GPIO_PinLockConfig), (18 bytes).
    Removing stm32f10x_gpio.o(i.GPIO_ReadInputData), (8 bytes).
    Removing stm32f10x_gpio.o(i.GPIO_ReadInputDataBit), (18 bytes).
    Removing stm32f10x_gpio.o(i.GPIO_ReadOutputData), (8 bytes).
    Removing stm32f10x_gpio.o(i.GPIO_ReadOutputDataBit), (18 bytes).
    Removing stm32f10x_gpio.o(i.GPIO_ResetBits), (4 bytes).
    Removing stm32f10x_gpio.o(i.GPIO_StructInit), (16 bytes).
    Removing stm32f10x_gpio.o(i.GPIO_Write), (4 bytes).
    Removing stm32f10x_gpio.o(i.GPIO_WriteBit), (10 bytes).
    Removing stm32f10x_tim.o(i.TI1_Config), (128 bytes).
    Removing stm32f10x_tim.o(i.TI2_Config), (152 bytes).
    Removing stm32f10x_tim.o(i.TI3_Config), (144 bytes).
    Removing stm32f10x_tim.o(i.TI4_Config), (152 bytes).
    Removing stm32f10x_tim.o(i.TIM_BDTRConfig), (32 bytes).
    Removing stm32f10x_tim.o(i.TIM_BDTRStructInit), (18 bytes).
    Removing stm32f10x_tim.o(i.TIM_CCPreloadControl), (24 bytes).
    Removing stm32f10x_tim.o(i.TIM_CCxCmd), (30 bytes).
    Removing stm32f10x_tim.o(i.TIM_CCxNCmd), (30 bytes).
    Removing stm32f10x_tim.o(i.TIM_ClearFlag), (6 bytes).
    Removing stm32f10x_tim.o(i.TIM_ClearITPendingBit), (6 bytes).
    Removing stm32f10x_tim.o(i.TIM_ClearOC1Ref), (18 bytes).
    Removing stm32f10x_tim.o(i.TIM_ClearOC2Ref), (24 bytes).
    Removing stm32f10x_tim.o(i.TIM_ClearOC3Ref), (18 bytes).
    Removing stm32f10x_tim.o(i.TIM_ClearOC4Ref), (24 bytes).
    Removing stm32f10x_tim.o(i.TIM_CounterModeConfig), (18 bytes).
    Removing stm32f10x_tim.o(i.TIM_CtrlPWMOutputs), (30 bytes).
    Removing stm32f10x_tim.o(i.TIM_DMACmd), (18 bytes).
    Removing stm32f10x_tim.o(i.TIM_DMAConfig), (10 bytes).
    Removing stm32f10x_tim.o(i.TIM_DeInit), (488 bytes).
    Removing stm32f10x_tim.o(i.TIM_ETRClockMode1Config), (54 bytes).
    Removing stm32f10x_tim.o(i.TIM_ETRClockMode2Config), (32 bytes).
    Removing stm32f10x_tim.o(i.TIM_ETRConfig), (28 bytes).
    Removing stm32f10x_tim.o(i.TIM_EncoderInterfaceConfig), (66 bytes).
    Removing stm32f10x_tim.o(i.TIM_ForcedOC1Config), (18 bytes).
    Removing stm32f10x_tim.o(i.TIM_ForcedOC2Config), (26 bytes).
    Removing stm32f10x_tim.o(i.TIM_ForcedOC3Config), (18 bytes).
    Removing stm32f10x_tim.o(i.TIM_ForcedOC4Config), (26 bytes).
    Removing stm32f10x_tim.o(i.TIM_GenerateEvent), (4 bytes).
    Removing stm32f10x_tim.o(i.TIM_GetCapture1), (6 bytes).
    Removing stm32f10x_tim.o(i.TIM_GetCapture2), (6 bytes).
    Removing stm32f10x_tim.o(i.TIM_GetCapture3), (6 bytes).
    Removing stm32f10x_tim.o(i.TIM_GetCapture4), (8 bytes).
    Removing stm32f10x_tim.o(i.TIM_GetCounter), (6 bytes).
    Removing stm32f10x_tim.o(i.TIM_GetFlagStatus), (18 bytes).
    Removing stm32f10x_tim.o(i.TIM_GetITStatus), (34 bytes).
    Removing stm32f10x_tim.o(i.TIM_GetPrescaler), (6 bytes).
    Removing stm32f10x_tim.o(i.TIM_ICInit), (172 bytes).
    Removing stm32f10x_tim.o(i.TIM_ICStructInit), (18 bytes).
    Removing stm32f10x_tim.o(i.TIM_ITConfig), (18 bytes).
    Removing stm32f10x_tim.o(i.TIM_ITRxExternalClockConfig), (24 bytes).
    Removing stm32f10x_tim.o(i.TIM_InternalClockConfig), (12 bytes).
    Removing stm32f10x_tim.o(i.TIM_OC1FastConfig), (18 bytes).
    Removing stm32f10x_tim.o(i.TIM_OC1NPolarityConfig), (18 bytes).
    Removing stm32f10x_tim.o(i.TIM_OC1PolarityConfig), (18 bytes).
    Removing stm32f10x_tim.o(i.TIM_OC2FastConfig), (26 bytes).
    Removing stm32f10x_tim.o(i.TIM_OC2NPolarityConfig), (26 bytes).
    Removing stm32f10x_tim.o(i.TIM_OC2PolarityConfig), (26 bytes).
    Removing stm32f10x_tim.o(i.TIM_OC3FastConfig), (18 bytes).
    Removing stm32f10x_tim.o(i.TIM_OC3NPolarityConfig), (26 bytes).
    Removing stm32f10x_tim.o(i.TIM_OC3PolarityConfig), (26 bytes).
    Removing stm32f10x_tim.o(i.TIM_OC4FastConfig), (26 bytes).
    Removing stm32f10x_tim.o(i.TIM_OC4PolarityConfig), (26 bytes).
    Removing stm32f10x_tim.o(i.TIM_OCStructInit), (20 bytes).
    Removing stm32f10x_tim.o(i.TIM_PWMIConfig), (124 bytes).
    Removing stm32f10x_tim.o(i.TIM_PrescalerConfig), (6 bytes).
    Removing stm32f10x_tim.o(i.TIM_SelectCCDMA), (24 bytes).
    Removing stm32f10x_tim.o(i.TIM_SelectCOM), (24 bytes).
    Removing stm32f10x_tim.o(i.TIM_SelectHallSensor), (24 bytes).
    Removing stm32f10x_tim.o(i.TIM_SelectInputTrigger), (18 bytes).
    Removing stm32f10x_tim.o(i.TIM_SelectMasterSlaveMode), (18 bytes).
    Removing stm32f10x_tim.o(i.TIM_SelectOCxM), (82 bytes).
    Removing stm32f10x_tim.o(i.TIM_SelectOnePulseMode), (18 bytes).
    Removing stm32f10x_tim.o(i.TIM_SelectOutputTrigger), (18 bytes).
    Removing stm32f10x_tim.o(i.TIM_SelectSlaveMode), (18 bytes).
    Removing stm32f10x_tim.o(i.TIM_SetAutoreload), (4 bytes).
    Removing stm32f10x_tim.o(i.TIM_SetClockDivision), (18 bytes).
    Removing stm32f10x_tim.o(i.TIM_SetCompare1), (4 bytes).
    Removing stm32f10x_tim.o(i.TIM_SetCompare2), (4 bytes).
    Removing stm32f10x_tim.o(i.TIM_SetCompare3), (4 bytes).
    Removing stm32f10x_tim.o(i.TIM_SetCompare4), (6 bytes).
    Removing stm32f10x_tim.o(i.TIM_SetCounter), (4 bytes).
    Removing stm32f10x_tim.o(i.TIM_SetIC1Prescaler), (18 bytes).
    Removing stm32f10x_tim.o(i.TIM_SetIC2Prescaler), (26 bytes).
    Removing stm32f10x_tim.o(i.TIM_SetIC3Prescaler), (18 bytes).
    Removing stm32f10x_tim.o(i.TIM_SetIC4Prescaler), (26 bytes).
    Removing stm32f10x_tim.o(i.TIM_TIxExternalClockConfig), (62 bytes).
    Removing stm32f10x_tim.o(i.TIM_TimeBaseStructInit), (18 bytes).
    Removing stm32f10x_tim.o(i.TIM_UpdateDisableConfig), (24 bytes).
    Removing stm32f10x_tim.o(i.TIM_UpdateRequestConfig), (24 bytes).
    Removing stm32f10x_rcc.o(i.RCC_ADCCLKConfig), (24 bytes).
    Removing stm32f10x_rcc.o(i.RCC_AHBPeriphClockCmd), (32 bytes).
    Removing stm32f10x_rcc.o(i.RCC_APB1PeriphResetCmd), (32 bytes).
    Removing stm32f10x_rcc.o(i.RCC_AdjustHSICalibrationValue), (24 bytes).
    Removing stm32f10x_rcc.o(i.RCC_BackupResetCmd), (12 bytes).
    Removing stm32f10x_rcc.o(i.RCC_ClearFlag), (20 bytes).
    Removing stm32f10x_rcc.o(i.RCC_ClearITPendingBit), (12 bytes).
    Removing stm32f10x_rcc.o(i.RCC_ClockSecuritySystemCmd), (12 bytes).
    Removing stm32f10x_rcc.o(i.RCC_GetITStatus), (24 bytes).
    Removing stm32f10x_rcc.o(i.RCC_HSEConfig), (76 bytes).
    Removing stm32f10x_rcc.o(i.RCC_ITConfig), (32 bytes).
    Removing stm32f10x_rcc.o(i.RCC_LSEConfig), (52 bytes).
    Removing stm32f10x_rcc.o(i.RCC_LSICmd), (12 bytes).
    Removing stm32f10x_rcc.o(i.RCC_MCOConfig), (12 bytes).
    Removing stm32f10x_rcc.o(i.RCC_RTCCLKCmd), (12 bytes).
    Removing stm32f10x_rcc.o(i.RCC_RTCCLKConfig), (16 bytes).
    Removing stm32f10x_rcc.o(i.RCC_USBCLKConfig), (12 bytes).
    Removing stm32f10x_rcc.o(i.RCC_WaitForHSEStartUp), (56 bytes).
    Removing stm32f10x_usart.o(i.USART_ClearFlag), (18 bytes).
    Removing stm32f10x_usart.o(i.USART_ClockStructInit), (12 bytes).
    Removing stm32f10x_usart.o(i.USART_DMACmd), (18 bytes).
    Removing stm32f10x_usart.o(i.USART_DeInit), (156 bytes).
    Removing stm32f10x_usart.o(i.USART_GetFlagStatus), (26 bytes).
    Removing stm32f10x_usart.o(i.USART_HalfDuplexCmd), (24 bytes).
    Removing stm32f10x_usart.o(i.USART_IrDACmd), (24 bytes).
    Removing stm32f10x_usart.o(i.USART_IrDAConfig), (18 bytes).
    Removing stm32f10x_usart.o(i.USART_LINBreakDetectLengthConfig), (18 bytes).
    Removing stm32f10x_usart.o(i.USART_LINCmd), (24 bytes).
    Removing stm32f10x_usart.o(i.USART_OneBitMethodCmd), (24 bytes).
    Removing stm32f10x_usart.o(i.USART_OverSampling8Cmd), (22 bytes).
    Removing stm32f10x_usart.o(i.USART_ReceiveData), (10 bytes).
    Removing stm32f10x_usart.o(i.USART_ReceiverWakeUpCmd), (24 bytes).
    Removing stm32f10x_usart.o(i.USART_SendBreak), (10 bytes).
    Removing stm32f10x_usart.o(i.USART_SetAddress), (18 bytes).
    Removing stm32f10x_usart.o(i.USART_SetGuardTime), (16 bytes).
    Removing stm32f10x_usart.o(i.USART_SetPrescaler), (16 bytes).
    Removing stm32f10x_usart.o(i.USART_SmartCardCmd), (24 bytes).
    Removing stm32f10x_usart.o(i.USART_SmartCardNACKCmd), (24 bytes).
    Removing stm32f10x_usart.o(i.USART_StructInit), (24 bytes).
    Removing stm32f10x_usart.o(i.USART_WakeUpConfig), (18 bytes).
    Removing misc.o(i.NVIC_SetVectorTable), (20 bytes).
    Removing misc.o(i.NVIC_SystemLPConfig), (32 bytes).
    Removing misc.o(i.SysTick_CLKSourceConfig), (40 bytes).
    Removing print_redirect_function.o(i.GetKey), (32 bytes).
    Removing print_redirect_function.o(i.fputc), (36 bytes).
    Removing mpu6050.o(i.I2C_Ack), (52 bytes).
    Removing moto.o(i.MotoAhead), (72 bytes).
    Removing moto.o(i.MotoBack), (72 bytes).
    Removing dadd.o(.text), (334 bytes).
    Removing dmul.o(.text), (228 bytes).
    Removing dfixul.o(.text), (48 bytes).
    Removing cdrcmple.o(.text), (40 bytes).

182 unused section(s) (total 9300 bytes) removed from the image.

==============================================================================

Image Symbol Table

    Local Symbols

    Symbol Name                              Value     Ov Type        Size  Object(Section)

    ../clib/microlib/division.c              0x00000000   Number         0  uldiv.o ABSOLUTE
    ../clib/microlib/division.c              0x00000000   Number         0  uidiv.o ABSOLUTE
    ../clib/microlib/init/entry.s            0x00000000   Number         0  entry2.o ABSOLUTE
    ../clib/microlib/init/entry.s            0x00000000   Number         0  entry8b.o ABSOLUTE
    ../clib/microlib/init/entry.s            0x00000000   Number         0  entry8a.o ABSOLUTE
    ../clib/microlib/init/entry.s            0x00000000   Number         0  entry7b.o ABSOLUTE
    ../clib/microlib/init/entry.s            0x00000000   Number         0  entry.o ABSOLUTE
    ../clib/microlib/init/entry.s            0x00000000   Number         0  entry7a.o ABSOLUTE
    ../clib/microlib/init/entry.s            0x00000000   Number         0  entry5.o ABSOLUTE
    ../clib/microlib/init/entry.s            0x00000000   Number         0  entry9a.o ABSOLUTE
    ../clib/microlib/init/entry.s            0x00000000   Number         0  entry11b.o ABSOLUTE
    ../clib/microlib/init/entry.s            0x00000000   Number         0  entry10b.o ABSOLUTE
    ../clib/microlib/init/entry.s            0x00000000   Number         0  entry11a.o ABSOLUTE
    ../clib/microlib/init/entry.s            0x00000000   Number         0  entry9b.o ABSOLUTE
    ../clib/microlib/init/entry.s            0x00000000   Number         0  entry10a.o ABSOLUTE
    ../clib/microlib/longlong.c              0x00000000   Number         0  llshl.o ABSOLUTE
    ../clib/microlib/longlong.c              0x00000000   Number         0  llsshr.o ABSOLUTE
    ../clib/microlib/longlong.c              0x00000000   Number         0  llushr.o ABSOLUTE
    ../clib/microlib/printf/printf.c         0x00000000   Number         0  printf1.o ABSOLUTE
    ../clib/microlib/printf/printf.c         0x00000000   Number         0  printf0.o ABSOLUTE
    ../clib/microlib/printf/printf.c         0x00000000   Number         0  printf8.o ABSOLUTE
    ../clib/microlib/printf/printf.c         0x00000000   Number         0  printfb.o ABSOLUTE
    ../clib/microlib/printf/printf.c         0x00000000   Number         0  printfa.o ABSOLUTE
    ../clib/microlib/printf/printf.c         0x00000000   Number         0  printf7.o ABSOLUTE
    ../clib/microlib/printf/printf.c         0x00000000   Number         0  printf6.o ABSOLUTE
    ../clib/microlib/printf/printf.c         0x00000000   Number         0  printf5.o ABSOLUTE
    ../clib/microlib/printf/printf.c         0x00000000   Number         0  printf4.o ABSOLUTE
    ../clib/microlib/printf/printf.c         0x00000000   Number         0  printf3.o ABSOLUTE
    ../clib/microlib/printf/printf.c         0x00000000   Number         0  printf2.o ABSOLUTE
    ../clib/microlib/printf/stubs.s          0x00000000   Number         0  stubs.o ABSOLUTE
    ../clib/microlib/stdio/streams.c         0x00000000   Number         0  stdout.o ABSOLUTE
    ../clib/microlib/stubs.s                 0x00000000   Number         0  iusefp.o ABSOLUTE
    ../fplib/microlib/fpadd.c                0x00000000   Number         0  dadd.o ABSOLUTE
    ../fplib/microlib/fpdiv.c                0x00000000   Number         0  ddiv.o ABSOLUTE
    ../fplib/microlib/fpepilogue.c           0x00000000   Number         0  depilogue.o ABSOLUTE
    ../fplib/microlib/fpfix.c                0x00000000   Number         0  dfixul.o ABSOLUTE
    ../fplib/microlib/fpfix.c                0x00000000   Number         0  dfixi.o ABSOLUTE
    ../fplib/microlib/fpflt.c                0x00000000   Number         0  dflti.o ABSOLUTE
    ../fplib/microlib/fpmul.c                0x00000000   Number         0  dmul.o ABSOLUTE
    ..\6050\mpu6050.c                        0x00000000   Number         0  mpu6050.o ABSOLUTE
    ..\CORE\core_cm3.c                       0x00000000   Number         0  core_cm3.o ABSOLUTE
    ..\CORE\startup_stm32f10x_md.s           0x00000000   Number         0  startup_stm32f10x_md.o ABSOLUTE
    ..\STM32F10x_FWLib\src\misc.c            0x00000000   Number         0  misc.o ABSOLUTE
    ..\STM32F10x_FWLib\src\stm32f10x_gpio.c  0x00000000   Number         0  stm32f10x_gpio.o ABSOLUTE
    ..\STM32F10x_FWLib\src\stm32f10x_rcc.c   0x00000000   Number         0  stm32f10x_rcc.o ABSOLUTE
    ..\STM32F10x_FWLib\src\stm32f10x_tim.c   0x00000000   Number         0  stm32f10x_tim.o ABSOLUTE
    ..\STM32F10x_FWLib\src\stm32f10x_usart.c 0x00000000   Number         0  stm32f10x_usart.o ABSOLUTE
    ..\SYSTEM\dma\stm32f10x_dma.c            0x00000000   Number         0  stm32f10x_dma.o ABSOLUTE
    ..\SYSTEM\sys\sys.c                      0x00000000   Number         0  sys.o ABSOLUTE
    ..\\CORE\\core_cm3.c                     0x00000000   Number         0  core_cm3.o ABSOLUTE
    ..\moto\moto.c                           0x00000000   Number         0  moto.o ABSOLUTE
    Delay\delay.c                            0x00000000   Number         0  delay.o ABSOLUTE
    LCD5110.C                                0x00000000   Number         0  lcd5110.o ABSOLUTE
    PrintForDebug\print_redirect_function.c  0x00000000   Number         0  print_redirect_function.o ABSOLUTE
    audio.c                                  0x00000000   Number         0  audio.o ABSOLUTE
    cdrcmple.s                               0x00000000   Number         0  cdrcmple.o ABSOLUTE
    comunicate.c                             0x00000000   Number         0  comunicate.o ABSOLUTE
    dc.s                                     0x00000000   Number         0  dc.o ABSOLUTE
    debug.c                                  0x00000000   Number         0  debug.o ABSOLUTE
    handlers.s                               0x00000000   Number         0  handlers.o ABSOLUTE
    init.s                                   0x00000000   Number         0  init.o ABSOLUTE
    key.c                                    0x00000000   Number         0  key.o ABSOLUTE
    main.c                                   0x00000000   Number         0  main.o ABSOLUTE
    stm32f10x_it.c                           0x00000000   Number         0  stm32f10x_it.o ABSOLUTE
    system_stm32f10x.c                       0x00000000   Number         0  system_stm32f10x.o ABSOLUTE
    RESET                                    0x08000000   Section      236  startup_stm32f10x_md.o(RESET)
    .ARM.Collect$$$$00000000                 0x080000ec   Section        0  entry.o(.ARM.Collect$$$$00000000)
    .ARM.Collect$$$$00000001                 0x080000ec   Section        4  entry2.o(.ARM.Collect$$$$00000001)
    .ARM.Collect$$$$00000004                 0x080000f0   Section        4  entry5.o(.ARM.Collect$$$$00000004)
    .ARM.Collect$$$$00000008                 0x080000f4   Section        0  entry7b.o(.ARM.Collect$$$$00000008)
    .ARM.Collect$$$$0000000A                 0x080000f4   Section        0  entry8b.o(.ARM.Collect$$$$0000000A)
    .ARM.Collect$$$$0000000B                 0x080000f4   Section        8  entry9a.o(.ARM.Collect$$$$0000000B)
    .ARM.Collect$$$$0000000D                 0x080000fc   Section        0  entry10a.o(.ARM.Collect$$$$0000000D)
    .ARM.Collect$$$$0000000F                 0x080000fc   Section        0  entry11a.o(.ARM.Collect$$$$0000000F)
    .ARM.Collect$$$$00002712                 0x080000fc   Section        4  entry2.o(.ARM.Collect$$$$00002712)
    __lit__00000000                          0x080000fc   Data           4  entry2.o(.ARM.Collect$$$$00002712)
    .text                                    0x08000100   Section       36  startup_stm32f10x_md.o(.text)
    .text                                    0x08000124   Section        0  ddiv.o(.text)
    .text                                    0x08000202   Section        0  dflti.o(.text)
    .text                                    0x08000224   Section        0  dfixi.o(.text)
    .text                                    0x08000262   Section        0  llushr.o(.text)
    .text                                    0x08000282   Section        0  iusefp.o(.text)
    .text                                    0x08000282   Section        0  depilogue.o(.text)
    .text                                    0x08000338   Section       36  init.o(.text)
    .text                                    0x0800035c   Section        0  llshl.o(.text)
    i.BusFault_Handler                       0x0800037a   Section        0  stm32f10x_it.o(i.BusFault_Handler)
    i.DATA_printf                            0x0800037e   Section        0  mpu6050.o(i.DATA_printf)
    i.DATA_printf_X_Y_Z                      0x080003d4   Section        0  mpu6050.o(i.DATA_printf_X_Y_Z)
    i.DMA1_Channel2_IRQHandler               0x0800042c   Section        0  comunicate.o(i.DMA1_Channel2_IRQHandler)
    i.DMA_ClearFlag                          0x08000448   Section        0  stm32f10x_dma.o(i.DMA_ClearFlag)
    i.DMA_ClearITPendingBit                  0x08000464   Section        0  stm32f10x_dma.o(i.DMA_ClearITPendingBit)
    i.DMA_Cmd                                0x08000480   Section        0  stm32f10x_dma.o(i.DMA_Cmd)
    i.DMA_DeInit                             0x08000498   Section        0  stm32f10x_dma.o(i.DMA_DeInit)
    i.DMA_GetCurrDataCounter                 0x080005e4   Section        0  stm32f10x_dma.o(i.DMA_GetCurrDataCounter)
    i.DMA_GetITStatus                        0x080005ec   Section        0  stm32f10x_dma.o(i.DMA_GetITStatus)
    i.DMA_ITConfig                           0x08000618   Section        0  stm32f10x_dma.o(i.DMA_ITConfig)
    i.DMA_Init                               0x0800062a   Section        0  stm32f10x_dma.o(i.DMA_Init)
    i.DebugMon_Handler                       0x08000666   Section        0  stm32f10x_it.o(i.DebugMon_Handler)
    i.Delayms                                0x08000668   Section        0  main.o(i.Delayms)
    i.GPIO_AFIODeInit                        0x08000688   Section        0  stm32f10x_gpio.o(i.GPIO_AFIODeInit)
    i.GPIO_Configuration                     0x0800069c   Section        0  mpu6050.o(i.GPIO_Configuration)
    i.GPIO_Init                              0x080006e0   Section        0  stm32f10x_gpio.o(i.GPIO_Init)
    i.GPIO_PinRemapConfig                    0x080007f8   Section        0  stm32f10x_gpio.o(i.GPIO_PinRemapConfig)
    i.GPIO_SetBits                           0x08000888   Section        0  stm32f10x_gpio.o(i.GPIO_SetBits)
    i.HardFault_Handler                      0x0800088c   Section        0  stm32f10x_it.o(i.HardFault_Handler)
    i.I2C_GPIO_Config                        0x08000890   Section        0  mpu6050.o(i.I2C_GPIO_Config)
    i.I2C_NoAck                              0x080008cc   Section        0  mpu6050.o(i.I2C_NoAck)
    i.I2C_RadeByte                           0x08000900   Section        0  mpu6050.o(i.I2C_RadeByte)
    i.I2C_SendByte                           0x08000954   Section        0  mpu6050.o(i.I2C_SendByte)
    i.I2C_Start                              0x080009a8   Section        0  mpu6050.o(i.I2C_Start)
    i.I2C_Stop                               0x08000a00   Section        0  mpu6050.o(i.I2C_Stop)
    i.I2C_WaitAck                            0x08000a34   Section        0  mpu6050.o(i.I2C_WaitAck)
    i.I2C_delay                              0x08000a84   Section        0  mpu6050.o(i.I2C_delay)
    i.Init_MPU6050                           0x08000a92   Section        0  mpu6050.o(i.Init_MPU6050)
    i.MemManage_Handler                      0x08000ac8   Section        0  stm32f10x_it.o(i.MemManage_Handler)
    i.MotoInit                               0x08000acc   Section        0  moto.o(i.MotoInit)
    i.NMI_Handler                            0x08000c38   Section        0  stm32f10x_it.o(i.NMI_Handler)
    i.NVIC_Configuration                     0x08000c3a   Section        0  sys.o(i.NVIC_Configuration)
    i.NVIC_Init                              0x08000c48   Section        0  misc.o(i.NVIC_Init)
    i.NVIC_PriorityGroupConfig               0x08000cb8   Section        0  misc.o(i.NVIC_PriorityGroupConfig)
    i.PendSV_Handler                         0x08000ccc   Section        0  stm32f10x_it.o(i.PendSV_Handler)
    i.RCC_APB1PeriphClockCmd                 0x08000cd0   Section        0  stm32f10x_rcc.o(i.RCC_APB1PeriphClockCmd)
    i.RCC_APB2PeriphClockCmd                 0x08000cf0   Section        0  stm32f10x_rcc.o(i.RCC_APB2PeriphClockCmd)
    i.RCC_APB2PeriphResetCmd                 0x08000d10   Section        0  stm32f10x_rcc.o(i.RCC_APB2PeriphResetCmd)
    i.RCC_Configuration                      0x08000d30   Section        0  main.o(i.RCC_Configuration)
    i.RCC_DeInit                             0x08000da4   Section        0  stm32f10x_rcc.o(i.RCC_DeInit)
    i.RCC_GetClocksFreq                      0x08000df0   Section        0  stm32f10x_rcc.o(i.RCC_GetClocksFreq)
    i.RCC_GetFlagStatus                      0x08000ec4   Section        0  stm32f10x_rcc.o(i.RCC_GetFlagStatus)
    i.RCC_GetSYSCLKSource                    0x08000f00   Section        0  stm32f10x_rcc.o(i.RCC_GetSYSCLKSource)
    i.RCC_HCLKConfig                         0x08000f10   Section        0  stm32f10x_rcc.o(i.RCC_HCLKConfig)
    i.RCC_HSICmd                             0x08000f28   Section        0  stm32f10x_rcc.o(i.RCC_HSICmd)
    i.RCC_PCLK1Config                        0x08000f34   Section        0  stm32f10x_rcc.o(i.RCC_PCLK1Config)
    i.RCC_PCLK2Config                        0x08000f4c   Section        0  stm32f10x_rcc.o(i.RCC_PCLK2Config)
    i.RCC_PLLCmd                             0x08000f64   Section        0  stm32f10x_rcc.o(i.RCC_PLLCmd)
    i.RCC_PLLConfig                          0x08000f70   Section        0  stm32f10x_rcc.o(i.RCC_PLLConfig)
    i.RCC_SYSCLKConfig                       0x08000f8c   Section        0  stm32f10x_rcc.o(i.RCC_SYSCLKConfig)
    i.READ_MPU6050                           0x08000fa4   Section        0  mpu6050.o(i.READ_MPU6050)
    i.SVC_Handler                            0x080010a0   Section        0  stm32f10x_it.o(i.SVC_Handler)
    i.Send_data                              0x080010a4   Section        0  mpu6050.o(i.Send_data)
    i.SetSysClock                            0x080010dc   Section        0  system_stm32f10x.o(i.SetSysClock)
    SetSysClock                              0x080010dd   Thumb Code     8  system_stm32f10x.o(i.SetSysClock)
    i.SetSysClockTo48                        0x080010e4   Section        0  system_stm32f10x.o(i.SetSysClockTo48)
    SetSysClockTo48                          0x080010e5   Thumb Code   214  system_stm32f10x.o(i.SetSysClockTo48)
    i.Single_Read                            0x080011c4   Section        0  mpu6050.o(i.Single_Read)
    i.Single_Write                           0x08001220   Section        0  mpu6050.o(i.Single_Write)
    i.SysTick_Handler                        0x08001266   Section        0  stm32f10x_it.o(i.SysTick_Handler)
    i.SystemInit                             0x08001268   Section        0  system_stm32f10x.o(i.SystemInit)
    i.TIM_ARRPreloadConfig                   0x080012c8   Section        0  stm32f10x_tim.o(i.TIM_ARRPreloadConfig)
    i.TIM_Cmd                                0x080012e0   Section        0  stm32f10x_tim.o(i.TIM_Cmd)
    i.TIM_OC1Init                            0x080012f8   Section        0  stm32f10x_tim.o(i.TIM_OC1Init)
    i.TIM_OC1PreloadConfig                   0x08001390   Section        0  stm32f10x_tim.o(i.TIM_OC1PreloadConfig)
    i.TIM_OC2Init                            0x080013a4   Section        0  stm32f10x_tim.o(i.TIM_OC2Init)
    i.TIM_OC2PreloadConfig                   0x08001448   Section        0  stm32f10x_tim.o(i.TIM_OC2PreloadConfig)
    i.TIM_OC3Init                            0x08001464   Section        0  stm32f10x_tim.o(i.TIM_OC3Init)
    i.TIM_OC3PreloadConfig                   0x08001504   Section        0  stm32f10x_tim.o(i.TIM_OC3PreloadConfig)
    i.TIM_OC4Init                            0x08001518   Section        0  stm32f10x_tim.o(i.TIM_OC4Init)
    i.TIM_OC4PreloadConfig                   0x08001594   Section        0  stm32f10x_tim.o(i.TIM_OC4PreloadConfig)
    i.TIM_TimeBaseInit                       0x080015b0   Section        0  stm32f10x_tim.o(i.TIM_TimeBaseInit)
    i.USART1_Configuration                   0x08001654   Section        0  mpu6050.o(i.USART1_Configuration)
    i.USART1_SendData                        0x080016e0   Section        0  mpu6050.o(i.USART1_SendData)
    i.USART3_IRQHandler                      0x080016f8   Section        0  comunicate.o(i.USART3_IRQHandler)
    i.USART_ClearITPendingBit                0x0800183c   Section        0  stm32f10x_usart.o(i.USART_ClearITPendingBit)
    i.USART_ClockInit                        0x0800185a   Section        0  stm32f10x_usart.o(i.USART_ClockInit)
    i.USART_Cmd                              0x0800187c   Section        0  stm32f10x_usart.o(i.USART_Cmd)
    i.USART_GetITStatus                      0x08001894   Section        0  stm32f10x_usart.o(i.USART_GetITStatus)
    i.USART_ITConfig                         0x080018e8   Section        0  stm32f10x_usart.o(i.USART_ITConfig)
    i.USART_Init                             0x08001934   Section        0  stm32f10x_usart.o(i.USART_Init)
    i.USART_SendData                         0x08001a0c   Section        0  stm32f10x_usart.o(i.USART_SendData)
    i.UsageFault_Handler                     0x08001a14   Section        0  stm32f10x_it.o(i.UsageFault_Handler)
    i.__scatterload_copy                     0x08001a18   Section       14  handlers.o(i.__scatterload_copy)
    i.__scatterload_null                     0x08001a26   Section        2  handlers.o(i.__scatterload_null)
    i.__scatterload_zeroinit                 0x08001a28   Section       14  handlers.o(i.__scatterload_zeroinit)
    i.bluetoothUartSend                      0x08001a38   Section        0  comunicate.o(i.bluetoothUartSend)
    i.delay5ms                               0x08001aa8   Section        0  mpu6050.o(i.delay5ms)
    i.main                                   0x08001ab6   Section        0  main.o(i.main)
    .data                                    0x20000000   Section       20  comunicate.o(.data)
    .data                                    0x20000014   Section       20  stm32f10x_rcc.o(.data)
    APBAHBPrescTable                         0x20000014   Data          16  stm32f10x_rcc.o(.data)
    ADCPrescTable                            0x20000024   Data           4  stm32f10x_rcc.o(.data)
    .data                                    0x20000028   Section       14  mpu6050.o(.data)
    .bss                                     0x20000038   Section       60  comunicate.o(.bss)
    .bss                                     0x20000074   Section       10  mpu6050.o(.bss)
    STACK                                    0x20000080   Section     1024  startup_stm32f10x_md.o(STACK)

    Global Symbols

    Symbol Name                              Value     Ov Type        Size  Object(Section)

    BuildAttributes$$THM_ISAv4$P$D$K$B$S$PE$A:L22UL41UL21$X:L11$S22US41US21$IEEE1$IW$USESV6$~STKCKD$USESV7$~SHL$OSPACE$ROPI$EBA8$MICROLIB$REQ8$PRES8$EABIv2 0x00000000   Number         0  anon$$obj.o ABSOLUTE
    __ARM_use_no_argv                        0x00000000   Number         0  main.o ABSOLUTE
    _printf_a                                0x00000000   Number         0  stubs.o ABSOLUTE
    _printf_c                                0x00000000   Number         0  stubs.o ABSOLUTE
    _printf_charcount                        0x00000000   Number         0  stubs.o ABSOLUTE
    _printf_d                                0x00000000   Number         0  stubs.o ABSOLUTE
    _printf_e                                0x00000000   Number         0  stubs.o ABSOLUTE
    _printf_f                                0x00000000   Number         0  stubs.o ABSOLUTE
    _printf_flags                            0x00000000   Number         0  stubs.o ABSOLUTE
    _printf_fp_dec                           0x00000000   Number         0  stubs.o ABSOLUTE
    _printf_fp_hex                           0x00000000   Number         0  stubs.o ABSOLUTE
    _printf_g                                0x00000000   Number         0  stubs.o ABSOLUTE
    _printf_i                                0x00000000   Number         0  stubs.o ABSOLUTE
    _printf_int_dec                          0x00000000   Number         0  stubs.o ABSOLUTE
    _printf_l                                0x00000000   Number         0  stubs.o ABSOLUTE
    _printf_lc                               0x00000000   Number         0  stubs.o ABSOLUTE
    _printf_ll                               0x00000000   Number         0  stubs.o ABSOLUTE
    _printf_lld                              0x00000000   Number         0  stubs.o ABSOLUTE
    _printf_lli                              0x00000000   Number         0  stubs.o ABSOLUTE
    _printf_llo                              0x00000000   Number         0  stubs.o ABSOLUTE
    _printf_llu                              0x00000000   Number         0  stubs.o ABSOLUTE
    _printf_llx                              0x00000000   Number         0  stubs.o ABSOLUTE
    _printf_longlong_dec                     0x00000000   Number         0  stubs.o ABSOLUTE
    _printf_longlong_hex                     0x00000000   Number         0  stubs.o ABSOLUTE
    _printf_longlong_oct                     0x00000000   Number         0  stubs.o ABSOLUTE
    _printf_ls                               0x00000000   Number         0  stubs.o ABSOLUTE
    _printf_mbtowc                           0x00000000   Number         0  stubs.o ABSOLUTE
    _printf_n                                0x00000000   Number         0  stubs.o ABSOLUTE
    _printf_o                                0x00000000   Number         0  stubs.o ABSOLUTE
    _printf_p                                0x00000000   Number         0  stubs.o ABSOLUTE
    _printf_percent                          0x00000000   Number         0  stubs.o ABSOLUTE
    _printf_pre_padding                      0x00000000   Number         0  stubs.o ABSOLUTE
    _printf_return_value                     0x00000000   Number         0  stubs.o ABSOLUTE
    _printf_s                                0x00000000   Number         0  stubs.o ABSOLUTE
    _printf_sizespec                         0x00000000   Number         0  stubs.o ABSOLUTE
    _printf_str                              0x00000000   Number         0  stubs.o ABSOLUTE
    _printf_truncate_signed                  0x00000000   Number         0  stubs.o ABSOLUTE
    _printf_truncate_unsigned                0x00000000   Number         0  stubs.o ABSOLUTE
    _printf_u                                0x00000000   Number         0  stubs.o ABSOLUTE
    _printf_wc                               0x00000000   Number         0  stubs.o ABSOLUTE
    _printf_wctomb                           0x00000000   Number         0  stubs.o ABSOLUTE
    _printf_widthprec                        0x00000000   Number         0  stubs.o ABSOLUTE
    _printf_x                                0x00000000   Number         0  stubs.o ABSOLUTE
    __cpp_initialize__aeabi_                  - Undefined Weak Reference
    __cxa_finalize                            - Undefined Weak Reference
    __decompress                              - Undefined Weak Reference
    _clock_init                               - Undefined Weak Reference
    _microlib_exit                            - Undefined Weak Reference
    __Vectors_Size                           0x000000ec   Number         0  startup_stm32f10x_md.o ABSOLUTE
    __Vectors                                0x08000000   Data           4  startup_stm32f10x_md.o(RESET)
    __Vectors_End                            0x080000ec   Data           0  startup_stm32f10x_md.o(RESET)
    __main                                   0x080000ed   Thumb Code     0  entry.o(.ARM.Collect$$$$00000000)
    _main_stk                                0x080000ed   Thumb Code     0  entry2.o(.ARM.Collect$$$$00000001)
    _main_scatterload                        0x080000f1   Thumb Code     0  entry5.o(.ARM.Collect$$$$00000004)
    __main_after_scatterload                 0x080000f5   Thumb Code     0  entry5.o(.ARM.Collect$$$$00000004)
    _main_clock                              0x080000f5   Thumb Code     0  entry7b.o(.ARM.Collect$$$$00000008)
    _main_cpp_init                           0x080000f5   Thumb Code     0  entry8b.o(.ARM.Collect$$$$0000000A)
    _main_init                               0x080000f5   Thumb Code     0  entry9a.o(.ARM.Collect$$$$0000000B)
    __rt_final_cpp                           0x080000fd   Thumb Code     0  entry10a.o(.ARM.Collect$$$$0000000D)
    __rt_final_exit                          0x080000fd   Thumb Code     0  entry11a.o(.ARM.Collect$$$$0000000F)
    Reset_Handler                            0x08000101   Thumb Code     8  startup_stm32f10x_md.o(.text)
    ADC1_2_IRQHandler                        0x0800011b   Thumb Code     0  startup_stm32f10x_md.o(.text)
    CAN1_RX1_IRQHandler                      0x0800011b   Thumb Code     0  startup_stm32f10x_md.o(.text)
    CAN1_SCE_IRQHandler                      0x0800011b   Thumb Code     0  startup_stm32f10x_md.o(.text)
    DMA1_Channel1_IRQHandler                 0x0800011b   Thumb Code     0  startup_stm32f10x_md.o(.text)
    DMA1_Channel3_IRQHandler                 0x0800011b   Thumb Code     0  startup_stm32f10x_md.o(.text)
    DMA1_Channel4_IRQHandler                 0x0800011b   Thumb Code     0  startup_stm32f10x_md.o(.text)
    DMA1_Channel5_IRQHandler                 0x0800011b   Thumb Code     0  startup_stm32f10x_md.o(.text)
    DMA1_Channel6_IRQHandler                 0x0800011b   Thumb Code     0  startup_stm32f10x_md.o(.text)
    DMA1_Channel7_IRQHandler                 0x0800011b   Thumb Code     0  startup_stm32f10x_md.o(.text)
    EXTI0_IRQHandler                         0x0800011b   Thumb Code     0  startup_stm32f10x_md.o(.text)
    EXTI15_10_IRQHandler                     0x0800011b   Thumb Code     0  startup_stm32f10x_md.o(.text)
    EXTI1_IRQHandler                         0x0800011b   Thumb Code     0  startup_stm32f10x_md.o(.text)
    EXTI2_IRQHandler                         0x0800011b   Thumb Code     0  startup_stm32f10x_md.o(.text)
    EXTI3_IRQHandler                         0x0800011b   Thumb Code     0  startup_stm32f10x_md.o(.text)
    EXTI4_IRQHandler                         0x0800011b   Thumb Code     0  startup_stm32f10x_md.o(.text)
    EXTI9_5_IRQHandler                       0x0800011b   Thumb Code     0  startup_stm32f10x_md.o(.text)
    FLASH_IRQHandler                         0x0800011b   Thumb Code     0  startup_stm32f10x_md.o(.text)
    I2C1_ER_IRQHandler                       0x0800011b   Thumb Code     0  startup_stm32f10x_md.o(.text)
    I2C1_EV_IRQHandler                       0x0800011b   Thumb Code     0  startup_stm32f10x_md.o(.text)
    I2C2_ER_IRQHandler                       0x0800011b   Thumb Code     0  startup_stm32f10x_md.o(.text)
    I2C2_EV_IRQHandler                       0x0800011b   Thumb Code     0  startup_stm32f10x_md.o(.text)
    PVD_IRQHandler                           0x0800011b   Thumb Code     0  startup_stm32f10x_md.o(.text)
    RCC_IRQHandler                           0x0800011b   Thumb Code     0  startup_stm32f10x_md.o(.text)
    RTCAlarm_IRQHandler                      0x0800011b   Thumb Code     0  startup_stm32f10x_md.o(.text)
    RTC_IRQHandler                           0x0800011b   Thumb Code     0  startup_stm32f10x_md.o(.text)
    SPI1_IRQHandler                          0x0800011b   Thumb Code     0  startup_stm32f10x_md.o(.text)
    SPI2_IRQHandler                          0x0800011b   Thumb Code     0  startup_stm32f10x_md.o(.text)
    TAMPER_IRQHandler                        0x0800011b   Thumb Code     0  startup_stm32f10x_md.o(.text)
    TIM1_BRK_IRQHandler                      0x0800011b   Thumb Code     0  startup_stm32f10x_md.o(.text)
    TIM1_CC_IRQHandler                       0x0800011b   Thumb Code     0  startup_stm32f10x_md.o(.text)
    TIM1_TRG_COM_IRQHandler                  0x0800011b   Thumb Code     0  startup_stm32f10x_md.o(.text)
    TIM1_UP_IRQHandler                       0x0800011b   Thumb Code     0  startup_stm32f10x_md.o(.text)
    TIM2_IRQHandler                          0x0800011b   Thumb Code     0  startup_stm32f10x_md.o(.text)
    TIM3_IRQHandler                          0x0800011b   Thumb Code     0  startup_stm32f10x_md.o(.text)
    TIM4_IRQHandler                          0x0800011b   Thumb Code     0  startup_stm32f10x_md.o(.text)
    USART1_IRQHandler                        0x0800011b   Thumb Code     0  startup_stm32f10x_md.o(.text)
    USART2_IRQHandler                        0x0800011b   Thumb Code     0  startup_stm32f10x_md.o(.text)
    USBWakeUp_IRQHandler                     0x0800011b   Thumb Code     0  startup_stm32f10x_md.o(.text)
    USB_HP_CAN1_TX_IRQHandler                0x0800011b   Thumb Code     0  startup_stm32f10x_md.o(.text)
    USB_LP_CAN1_RX0_IRQHandler               0x0800011b   Thumb Code     0  startup_stm32f10x_md.o(.text)
    WWDG_IRQHandler                          0x0800011b   Thumb Code     0  startup_stm32f10x_md.o(.text)
    __aeabi_ddiv                             0x08000125   Thumb Code   222  ddiv.o(.text)
    __aeabi_i2d                              0x08000203   Thumb Code    34  dflti.o(.text)
    __aeabi_d2iz                             0x08000225   Thumb Code    62  dfixi.o(.text)
    __aeabi_llsr                             0x08000263   Thumb Code    32  llushr.o(.text)
    _ll_ushift_r                             0x08000263   Thumb Code     0  llushr.o(.text)
    __I$use$fp                               0x08000283   Thumb Code     0  iusefp.o(.text)
    _double_round                            0x08000283   Thumb Code    26  depilogue.o(.text)
    _double_epilogue                         0x0800029d   Thumb Code   156  depilogue.o(.text)
    __scatterload                            0x08000339   Thumb Code    28  init.o(.text)
    __scatterload_rt2                        0x08000339   Thumb Code     0  init.o(.text)
    __aeabi_llsl                             0x0800035d   Thumb Code    30  llshl.o(.text)
    _ll_shift_l                              0x0800035d   Thumb Code     0  llshl.o(.text)
    BusFault_Handler                         0x0800037b   Thumb Code     4  stm32f10x_it.o(i.BusFault_Handler)
    DATA_printf                              0x0800037f   Thumb Code    84  mpu6050.o(i.DATA_printf)
    DATA_printf_X_Y_Z                        0x080003d5   Thumb Code    70  mpu6050.o(i.DATA_printf_X_Y_Z)
    DMA1_Channel2_IRQHandler                 0x0800042d   Thumb Code    24  comunicate.o(i.DMA1_Channel2_IRQHandler)
    DMA_ClearFlag                            0x08000449   Thumb Code    18  stm32f10x_dma.o(i.DMA_ClearFlag)
    DMA_ClearITPendingBit                    0x08000465   Thumb Code    18  stm32f10x_dma.o(i.DMA_ClearITPendingBit)
    DMA_Cmd                                  0x08000481   Thumb Code    24  stm32f10x_dma.o(i.DMA_Cmd)
    DMA_DeInit                               0x08000499   Thumb Code   324  stm32f10x_dma.o(i.DMA_DeInit)
    DMA_GetCurrDataCounter                   0x080005e5   Thumb Code     8  stm32f10x_dma.o(i.DMA_GetCurrDataCounter)
    DMA_GetITStatus                          0x080005ed   Thumb Code    36  stm32f10x_dma.o(i.DMA_GetITStatus)
    DMA_ITConfig                             0x08000619   Thumb Code    18  stm32f10x_dma.o(i.DMA_ITConfig)
    DMA_Init                                 0x0800062b   Thumb Code    60  stm32f10x_dma.o(i.DMA_Init)
    DebugMon_Handler                         0x08000667   Thumb Code     2  stm32f10x_it.o(i.DebugMon_Handler)
    Delayms                                  0x08000669   Thumb Code    32  main.o(i.Delayms)
    GPIO_AFIODeInit                          0x08000689   Thumb Code    20  stm32f10x_gpio.o(i.GPIO_AFIODeInit)
    GPIO_Configuration                       0x0800069d   Thumb Code    62  mpu6050.o(i.GPIO_Configuration)
    GPIO_Init                                0x080006e1   Thumb Code   278  stm32f10x_gpio.o(i.GPIO_Init)
    GPIO_PinRemapConfig                      0x080007f9   Thumb Code   138  stm32f10x_gpio.o(i.GPIO_PinRemapConfig)
    GPIO_SetBits                             0x08000889   Thumb Code     4  stm32f10x_gpio.o(i.GPIO_SetBits)
    HardFault_Handler                        0x0800088d   Thumb Code     4  stm32f10x_it.o(i.HardFault_Handler)
    I2C_GPIO_Config                          0x08000891   Thumb Code    56  mpu6050.o(i.I2C_GPIO_Config)
    I2C_NoAck                                0x080008cd   Thumb Code    48  mpu6050.o(i.I2C_NoAck)
    I2C_RadeByte                             0x08000901   Thumb Code    78  mpu6050.o(i.I2C_RadeByte)
    I2C_SendByte                             0x08000955   Thumb Code    78  mpu6050.o(i.I2C_SendByte)
    I2C_Start                                0x080009a9   Thumb Code    84  mpu6050.o(i.I2C_Start)
    I2C_Stop                                 0x08000a01   Thumb Code    48  mpu6050.o(i.I2C_Stop)
    I2C_WaitAck                              0x08000a35   Thumb Code    76  mpu6050.o(i.I2C_WaitAck)
    I2C_delay                                0x08000a85   Thumb Code    14  mpu6050.o(i.I2C_delay)
    Init_MPU6050                             0x08000a93   Thumb Code    54  mpu6050.o(i.Init_MPU6050)
    MemManage_Handler                        0x08000ac9   Thumb Code     4  stm32f10x_it.o(i.MemManage_Handler)
    MotoInit                                 0x08000acd   Thumb Code   338  moto.o(i.MotoInit)
    NMI_Handler                              0x08000c39   Thumb Code     2  stm32f10x_it.o(i.NMI_Handler)
    NVIC_Configuration                       0x08000c3b   Thumb Code    12  sys.o(i.NVIC_Configuration)
    NVIC_Init                                0x08000c49   Thumb Code   100  misc.o(i.NVIC_Init)
    NVIC_PriorityGroupConfig                 0x08000cb9   Thumb Code    10  misc.o(i.NVIC_PriorityGroupConfig)
    PendSV_Handler                           0x08000ccd   Thumb Code     2  stm32f10x_it.o(i.PendSV_Handler)
    RCC_APB1PeriphClockCmd                   0x08000cd1   Thumb Code    26  stm32f10x_rcc.o(i.RCC_APB1PeriphClockCmd)
    RCC_APB2PeriphClockCmd                   0x08000cf1   Thumb Code    26  stm32f10x_rcc.o(i.RCC_APB2PeriphClockCmd)
    RCC_APB2PeriphResetCmd                   0x08000d11   Thumb Code    26  stm32f10x_rcc.o(i.RCC_APB2PeriphResetCmd)
    RCC_Configuration                        0x08000d31   Thumb Code   114  main.o(i.RCC_Configuration)
    RCC_DeInit                               0x08000da5   Thumb Code    64  stm32f10x_rcc.o(i.RCC_DeInit)
    RCC_GetClocksFreq                        0x08000df1   Thumb Code   192  stm32f10x_rcc.o(i.RCC_GetClocksFreq)
    RCC_GetFlagStatus                        0x08000ec5   Thumb Code    56  stm32f10x_rcc.o(i.RCC_GetFlagStatus)
    RCC_GetSYSCLKSource                      0x08000f01   Thumb Code    10  stm32f10x_rcc.o(i.RCC_GetSYSCLKSource)
    RCC_HCLKConfig                           0x08000f11   Thumb Code    18  stm32f10x_rcc.o(i.RCC_HCLKConfig)
    RCC_HSICmd                               0x08000f29   Thumb Code     6  stm32f10x_rcc.o(i.RCC_HSICmd)
    RCC_PCLK1Config                          0x08000f35   Thumb Code    18  stm32f10x_rcc.o(i.RCC_PCLK1Config)
    RCC_PCLK2Config                          0x08000f4d   Thumb Code    20  stm32f10x_rcc.o(i.RCC_PCLK2Config)
    RCC_PLLCmd                               0x08000f65   Thumb Code     6  stm32f10x_rcc.o(i.RCC_PLLCmd)
    RCC_PLLConfig                            0x08000f71   Thumb Code    24  stm32f10x_rcc.o(i.RCC_PLLConfig)
    RCC_SYSCLKConfig                         0x08000f8d   Thumb Code    18  stm32f10x_rcc.o(i.RCC_SYSCLKConfig)
    READ_MPU6050                             0x08000fa5   Thumb Code   230  mpu6050.o(i.READ_MPU6050)
    SVC_Handler                              0x080010a1   Thumb Code     2  stm32f10x_it.o(i.SVC_Handler)
    Send_data                                0x080010a5   Thumb Code    50  mpu6050.o(i.Send_data)
    Single_Read                              0x080011c5   Thumb Code    86  mpu6050.o(i.Single_Read)
    Single_Write                             0x08001221   Thumb Code    70  mpu6050.o(i.Single_Write)
    SysTick_Handler                          0x08001267   Thumb Code     2  stm32f10x_it.o(i.SysTick_Handler)
    SystemInit                               0x08001269   Thumb Code    78  system_stm32f10x.o(i.SystemInit)
    TIM_ARRPreloadConfig                     0x080012c9   Thumb Code    24  stm32f10x_tim.o(i.TIM_ARRPreloadConfig)
    TIM_Cmd                                  0x080012e1   Thumb Code    24  stm32f10x_tim.o(i.TIM_Cmd)
    TIM_OC1Init                              0x080012f9   Thumb Code   132  stm32f10x_tim.o(i.TIM_OC1Init)
    TIM_OC1PreloadConfig                     0x08001391   Thumb Code    18  stm32f10x_tim.o(i.TIM_OC1PreloadConfig)
    TIM_OC2Init                              0x080013a5   Thumb Code   154  stm32f10x_tim.o(i.TIM_OC2Init)
    TIM_OC2PreloadConfig                     0x08001449   Thumb Code    26  stm32f10x_tim.o(i.TIM_OC2PreloadConfig)
    TIM_OC3Init                              0x08001465   Thumb Code   150  stm32f10x_tim.o(i.TIM_OC3Init)
    TIM_OC3PreloadConfig                     0x08001505   Thumb Code    18  stm32f10x_tim.o(i.TIM_OC3PreloadConfig)
    TIM_OC4Init                              0x08001519   Thumb Code   114  stm32f10x_tim.o(i.TIM_OC4Init)
    TIM_OC4PreloadConfig                     0x08001595   Thumb Code    26  stm32f10x_tim.o(i.TIM_OC4PreloadConfig)
    TIM_TimeBaseInit                         0x080015b1   Thumb Code   122  stm32f10x_tim.o(i.TIM_TimeBaseInit)
    USART1_Configuration                     0x08001655   Thumb Code   136  mpu6050.o(i.USART1_Configuration)
    USART1_SendData                          0x080016e1   Thumb Code    20  mpu6050.o(i.USART1_SendData)
    USART3_IRQHandler                        0x080016f9   Thumb Code   246  comunicate.o(i.USART3_IRQHandler)
    USART_ClearITPendingBit                  0x0800183d   Thumb Code    30  stm32f10x_usart.o(i.USART_ClearITPendingBit)
    USART_ClockInit                          0x0800185b   Thumb Code    34  stm32f10x_usart.o(i.USART_ClockInit)
    USART_Cmd                                0x0800187d   Thumb Code    24  stm32f10x_usart.o(i.USART_Cmd)
    USART_GetITStatus                        0x08001895   Thumb Code    84  stm32f10x_usart.o(i.USART_GetITStatus)
    USART_ITConfig                           0x080018e9   Thumb Code    74  stm32f10x_usart.o(i.USART_ITConfig)
    USART_Init                               0x08001935   Thumb Code   210  stm32f10x_usart.o(i.USART_Init)
    USART_SendData                           0x08001a0d   Thumb Code     8  stm32f10x_usart.o(i.USART_SendData)
    UsageFault_Handler                       0x08001a15   Thumb Code     4  stm32f10x_it.o(i.UsageFault_Handler)
    __scatterload_copy                       0x08001a19   Thumb Code    14  handlers.o(i.__scatterload_copy)
    __scatterload_null                       0x08001a27   Thumb Code     2  handlers.o(i.__scatterload_null)
    __scatterload_zeroinit                   0x08001a29   Thumb Code    14  handlers.o(i.__scatterload_zeroinit)
    bluetoothUartSend                        0x08001a39   Thumb Code    98  comunicate.o(i.bluetoothUartSend)
    delay5ms                                 0x08001aa9   Thumb Code    14  mpu6050.o(i.delay5ms)
    main                                     0x08001ab7   Thumb Code    56  main.o(i.main)
    Region$$Table$$Base                      0x08001af0   Number         0  anon$$obj.o(Region$$Table)
    Region$$Table$$Limit                     0x08001b10   Number         0  anon$$obj.o(Region$$Table)
    btCurBufferIndex                         0x20000000   Data           1  comunicate.o(.data)
    btSendStart                              0x20000001   Data           1  comunicate.o(.data)
    btCurRecvLen                             0x20000002   Data           1  comunicate.o(.data)
    CmdTp                                    0x20000003   Data           1  comunicate.o(.data)
    newCmdType2Value                         0x20000004   Data           1  comunicate.o(.data)
    bt_error                                 0x20000008   Data           4  comunicate.o(.data)
    bt_ok_not_recv                           0x2000000c   Data           4  comunicate.o(.data)
    bt_no_ok_recv                            0x20000010   Data           4  comunicate.o(.data)
    TX_DATA                                  0x20000028   Data           4  mpu6050.o(.data)
    test                                     0x2000002c   Data           1  mpu6050.o(.data)
    T_X                                      0x2000002e   Data           2  mpu6050.o(.data)
    T_Y                                      0x20000030   Data           2  mpu6050.o(.data)
    T_Z                                      0x20000032   Data           2  mpu6050.o(.data)
    T_T                                      0x20000034   Data           2  mpu6050.o(.data)
    btRxBuffer0                              0x20000038   Data          30  comunicate.o(.bss)
    btRxBuffer1                              0x20000056   Data          30  comunicate.o(.bss)
    BUF                                      0x20000074   Data          10  mpu6050.o(.bss)
    __initial_sp                             0x20000480   Data           0  startup_stm32f10x_md.o(STACK)



==============================================================================

Memory Map of the image

  Image Entry point : 0x080000ed

  Load Region LR_IROM1 (Base: 0x08000000, Size: 0x00001b48, Max: 0x00010000, ABSOLUTE)

    Execution Region ER_IROM1 (Base: 0x08000000, Size: 0x00001b10, Max: 0x00010000, ABSOLUTE)

    Base Addr    Size         Type   Attr      Idx    E Section Name        Object

    0x08000000   0x000000ec   Data   RO          605    RESET               startup_stm32f10x_md.o
    0x080000ec   0x00000000   Code   RO         1860  * .ARM.Collect$$$$00000000  mc_w.l(entry.o)
    0x080000ec   0x00000004   Code   RO         2130    .ARM.Collect$$$$00000001  mc_w.l(entry2.o)
    0x080000f0   0x00000004   Code   RO         2133    .ARM.Collect$$$$00000004  mc_w.l(entry5.o)
    0x080000f4   0x00000000   Code   RO         2135    .ARM.Collect$$$$00000008  mc_w.l(entry7b.o)
    0x080000f4   0x00000000   Code   RO         2137    .ARM.Collect$$$$0000000A  mc_w.l(entry8b.o)
    0x080000f4   0x00000008   Code   RO         2138    .ARM.Collect$$$$0000000B  mc_w.l(entry9a.o)
    0x080000fc   0x00000000   Code   RO         2140    .ARM.Collect$$$$0000000D  mc_w.l(entry10a.o)
    0x080000fc   0x00000000   Code   RO         2142    .ARM.Collect$$$$0000000F  mc_w.l(entry11a.o)
    0x080000fc   0x00000004   Code   RO         2131    .ARM.Collect$$$$00002712  mc_w.l(entry2.o)
    0x08000100   0x00000024   Code   RO          606    .text               startup_stm32f10x_md.o
    0x08000124   0x000000de   Code   RO         2124    .text               mf_w.l(ddiv.o)
    0x08000202   0x00000022   Code   RO         2126    .text               mf_w.l(dflti.o)
    0x08000224   0x0000003e   Code   RO         2128    .text               mf_w.l(dfixi.o)
    0x08000262   0x00000020   Code   RO         2149    .text               mc_w.l(llushr.o)
    0x08000282   0x00000000   Code   RO         2151    .text               mc_w.l(iusefp.o)
    0x08000282   0x000000b6   Code   RO         2152    .text               mf_w.l(depilogue.o)
    0x08000338   0x00000024   Code   RO         2162    .text               mc_w.l(init.o)
    0x0800035c   0x0000001e   Code   RO         2164    .text               mc_w.l(llshl.o)
    0x0800037a   0x00000004   Code   RO          161    i.BusFault_Handler  stm32f10x_it.o
    0x0800037e   0x00000054   Code   RO         1706    i.DATA_printf       mpu6050.o
    0x080003d2   0x00000002   PAD
    0x080003d4   0x00000058   Code   RO         1707    i.DATA_printf_X_Y_Z  mpu6050.o
    0x0800042c   0x0000001c   Code   RO          308    i.DMA1_Channel2_IRQHandler  comunicate.o
    0x08000448   0x0000001c   Code   RO          517    i.DMA_ClearFlag     stm32f10x_dma.o
    0x08000464   0x0000001c   Code   RO          518    i.DMA_ClearITPendingBit  stm32f10x_dma.o
    0x08000480   0x00000018   Code   RO          519    i.DMA_Cmd           stm32f10x_dma.o
    0x08000498   0x0000014c   Code   RO          520    i.DMA_DeInit        stm32f10x_dma.o
    0x080005e4   0x00000008   Code   RO          521    i.DMA_GetCurrDataCounter  stm32f10x_dma.o
    0x080005ec   0x0000002c   Code   RO          523    i.DMA_GetITStatus   stm32f10x_dma.o
    0x08000618   0x00000012   Code   RO          524    i.DMA_ITConfig      stm32f10x_dma.o
    0x0800062a   0x0000003c   Code   RO          525    i.DMA_Init          stm32f10x_dma.o
    0x08000666   0x00000002   Code   RO          162    i.DebugMon_Handler  stm32f10x_it.o
    0x08000668   0x00000020   Code   RO            2    i.Delayms           main.o
    0x08000688   0x00000014   Code   RO          610    i.GPIO_AFIODeInit   stm32f10x_gpio.o
    0x0800069c   0x00000044   Code   RO         1708    i.GPIO_Configuration  mpu6050.o
    0x080006e0   0x00000116   Code   RO          616    i.GPIO_Init         stm32f10x_gpio.o
    0x080007f6   0x00000002   PAD
    0x080007f8   0x00000090   Code   RO          618    i.GPIO_PinRemapConfig  stm32f10x_gpio.o
    0x08000888   0x00000004   Code   RO          624    i.GPIO_SetBits      stm32f10x_gpio.o
    0x0800088c   0x00000004   Code   RO          163    i.HardFault_Handler  stm32f10x_it.o
    0x08000890   0x0000003c   Code   RO         1710    i.I2C_GPIO_Config   mpu6050.o
    0x080008cc   0x00000034   Code   RO         1711    i.I2C_NoAck         mpu6050.o
    0x08000900   0x00000054   Code   RO         1712    i.I2C_RadeByte      mpu6050.o
    0x08000954   0x00000054   Code   RO         1713    i.I2C_SendByte      mpu6050.o
    0x080009a8   0x00000058   Code   RO         1714    i.I2C_Start         mpu6050.o
    0x08000a00   0x00000034   Code   RO         1715    i.I2C_Stop          mpu6050.o
    0x08000a34   0x00000050   Code   RO         1716    i.I2C_WaitAck       mpu6050.o
    0x08000a84   0x0000000e   Code   RO         1717    i.I2C_delay         mpu6050.o
    0x08000a92   0x00000036   Code   RO         1718    i.Init_MPU6050      mpu6050.o
    0x08000ac8   0x00000004   Code   RO          164    i.MemManage_Handler  stm32f10x_it.o
    0x08000acc   0x0000016c   Code   RO         1838    i.MotoInit          moto.o
    0x08000c38   0x00000002   Code   RO          165    i.NMI_Handler       stm32f10x_it.o
    0x08000c3a   0x0000000c   Code   RO          505    i.NVIC_Configuration  sys.o
    0x08000c46   0x00000002   PAD
    0x08000c48   0x00000070   Code   RO         1652    i.NVIC_Init         misc.o
    0x08000cb8   0x00000014   Code   RO         1653    i.NVIC_PriorityGroupConfig  misc.o
    0x08000ccc   0x00000002   Code   RO          166    i.PendSV_Handler    stm32f10x_it.o
    0x08000cce   0x00000002   PAD
    0x08000cd0   0x00000020   Code   RO         1274    i.RCC_APB1PeriphClockCmd  stm32f10x_rcc.o
    0x08000cf0   0x00000020   Code   RO         1276    i.RCC_APB2PeriphClockCmd  stm32f10x_rcc.o
    0x08000d10   0x00000020   Code   RO         1277    i.RCC_APB2PeriphResetCmd  stm32f10x_rcc.o
    0x08000d30   0x00000072   Code   RO            3    i.RCC_Configuration  main.o
    0x08000da2   0x00000002   PAD
    0x08000da4   0x0000004c   Code   RO         1283    i.RCC_DeInit        stm32f10x_rcc.o
    0x08000df0   0x000000d4   Code   RO         1284    i.RCC_GetClocksFreq  stm32f10x_rcc.o
    0x08000ec4   0x0000003c   Code   RO         1285    i.RCC_GetFlagStatus  stm32f10x_rcc.o
    0x08000f00   0x00000010   Code   RO         1287    i.RCC_GetSYSCLKSource  stm32f10x_rcc.o
    0x08000f10   0x00000018   Code   RO         1288    i.RCC_HCLKConfig    stm32f10x_rcc.o
    0x08000f28   0x0000000c   Code   RO         1290    i.RCC_HSICmd        stm32f10x_rcc.o
    0x08000f34   0x00000018   Code   RO         1295    i.RCC_PCLK1Config   stm32f10x_rcc.o
    0x08000f4c   0x00000018   Code   RO         1296    i.RCC_PCLK2Config   stm32f10x_rcc.o
    0x08000f64   0x0000000c   Code   RO         1297    i.RCC_PLLCmd        stm32f10x_rcc.o
    0x08000f70   0x0000001c   Code   RO         1298    i.RCC_PLLConfig     stm32f10x_rcc.o
    0x08000f8c   0x00000018   Code   RO         1301    i.RCC_SYSCLKConfig  stm32f10x_rcc.o
    0x08000fa4   0x000000fc   Code   RO         1719    i.READ_MPU6050      mpu6050.o
    0x080010a0   0x00000002   Code   RO          167    i.SVC_Handler       stm32f10x_it.o
    0x080010a2   0x00000002   PAD
    0x080010a4   0x00000038   Code   RO         1720    i.Send_data         mpu6050.o
    0x080010dc   0x00000008   Code   RO          250    i.SetSysClock       system_stm32f10x.o
    0x080010e4   0x000000e0   Code   RO          251    i.SetSysClockTo48   system_stm32f10x.o
    0x080011c4   0x0000005c   Code   RO         1721    i.Single_Read       mpu6050.o
    0x08001220   0x00000046   Code   RO         1722    i.Single_Write      mpu6050.o
    0x08001266   0x00000002   Code   RO          168    i.SysTick_Handler   stm32f10x_it.o
    0x08001268   0x00000060   Code   RO          253    i.SystemInit        system_stm32f10x.o
    0x080012c8   0x00000018   Code   RO          728    i.TIM_ARRPreloadConfig  stm32f10x_tim.o
    0x080012e0   0x00000018   Code   RO          740    i.TIM_Cmd           stm32f10x_tim.o
    0x080012f8   0x00000098   Code   RO          769    i.TIM_OC1Init       stm32f10x_tim.o
    0x08001390   0x00000012   Code   RO          772    i.TIM_OC1PreloadConfig  stm32f10x_tim.o
    0x080013a2   0x00000002   PAD
    0x080013a4   0x000000a4   Code   RO          774    i.TIM_OC2Init       stm32f10x_tim.o
    0x08001448   0x0000001a   Code   RO          777    i.TIM_OC2PreloadConfig  stm32f10x_tim.o
    0x08001462   0x00000002   PAD
    0x08001464   0x000000a0   Code   RO          779    i.TIM_OC3Init       stm32f10x_tim.o
    0x08001504   0x00000012   Code   RO          782    i.TIM_OC3PreloadConfig  stm32f10x_tim.o
    0x08001516   0x00000002   PAD
    0x08001518   0x0000007c   Code   RO          784    i.TIM_OC4Init       stm32f10x_tim.o
    0x08001594   0x0000001a   Code   RO          786    i.TIM_OC4PreloadConfig  stm32f10x_tim.o
    0x080015ae   0x00000002   PAD
    0x080015b0   0x000000a4   Code   RO          811    i.TIM_TimeBaseInit  stm32f10x_tim.o
    0x08001654   0x0000008c   Code   RO         1723    i.USART1_Configuration  mpu6050.o
    0x080016e0   0x00000018   Code   RO         1724    i.USART1_SendData   mpu6050.o
    0x080016f8   0x00000144   Code   RO          309    i.USART3_IRQHandler  comunicate.o
    0x0800183c   0x0000001e   Code   RO         1473    i.USART_ClearITPendingBit  stm32f10x_usart.o
    0x0800185a   0x00000022   Code   RO         1474    i.USART_ClockInit   stm32f10x_usart.o
    0x0800187c   0x00000018   Code   RO         1476    i.USART_Cmd         stm32f10x_usart.o
    0x08001894   0x00000054   Code   RO         1480    i.USART_GetITStatus  stm32f10x_usart.o
    0x080018e8   0x0000004a   Code   RO         1482    i.USART_ITConfig    stm32f10x_usart.o
    0x08001932   0x00000002   PAD
    0x08001934   0x000000d8   Code   RO         1483    i.USART_Init        stm32f10x_usart.o
    0x08001a0c   0x00000008   Code   RO         1493    i.USART_SendData    stm32f10x_usart.o
    0x08001a14   0x00000004   Code   RO          169    i.UsageFault_Handler  stm32f10x_it.o
    0x08001a18   0x0000000e   Code   RO         2170    i.__scatterload_copy  mc_w.l(handlers.o)
    0x08001a26   0x00000002   Code   RO         2171    i.__scatterload_null  mc_w.l(handlers.o)
    0x08001a28   0x0000000e   Code   RO         2172    i.__scatterload_zeroinit  mc_w.l(handlers.o)
    0x08001a36   0x00000002   PAD
    0x08001a38   0x00000070   Code   RO          313    i.bluetoothUartSend  comunicate.o
    0x08001aa8   0x0000000e   Code   RO         1725    i.delay5ms          mpu6050.o
    0x08001ab6   0x00000038   Code   RO            4    i.main              main.o
    0x08001aee   0x00000002   PAD
    0x08001af0   0x00000020   Data   RO         2168    Region$$Table       anon$$obj.o


    Execution Region RW_IRAM1 (Base: 0x20000000, Size: 0x00000480, Max: 0x00005000, ABSOLUTE)

    Base Addr    Size         Type   Attr      Idx    E Section Name        Object

    0x20000000   0x00000014   Data   RW          315    .data               comunicate.o
    0x20000014   0x00000014   Data   RW         1304    .data               stm32f10x_rcc.o
    0x20000028   0x0000000e   Data   RW         1727    .data               mpu6050.o
    0x20000036   0x00000002   PAD
    0x20000038   0x0000003c   Zero   RW          314    .bss                comunicate.o
    0x20000074   0x0000000a   Zero   RW         1726    .bss                mpu6050.o
    0x2000007e   0x00000002   PAD
    0x20000080   0x00000400   Zero   RW          603    STACK               startup_stm32f10x_md.o


==============================================================================

Image component sizes


      Code (inc. data)   RO Data    RW Data    ZI Data      Debug   Object Name

       464         96          0         20         60       2840   comunicate.o
         0          0          0          0          0         32   core_cm3.o
       202          0          0          0          0     263421   main.o
       132         22          0          0          0       1479   misc.o
       364         26          0          0          0        747   moto.o
      1456         98          0         14         10      10518   mpu6050.o
        36          8        236          0       1024        780   startup_stm32f10x_md.o
       542         36          0          0          0      15708   stm32f10x_dma.o
       446          6          0          0          0       3723   stm32f10x_gpio.o
        26          0          0          0          0       3562   stm32f10x_it.o
       608         98          0         20          0      10068   stm32f10x_rcc.o
       900         92          0          0          0       7272   stm32f10x_tim.o
       470          6          0          0          0       6071   stm32f10x_usart.o
        12          0          0          0          0        437   sys.o
       328         28          0          0          0       1729   system_stm32f10x.o

    ----------------------------------------------------------------------
      6010        516        268         56       1096     328387   Object Totals
         0          0         32          0          0          0   (incl. Generated)
        24          0          0          2          2          0   (incl. Padding)

    ----------------------------------------------------------------------

      Code (inc. data)   RO Data    RW Data    ZI Data      Debug   Library Member Name

         0          0          0          0          0          0   entry.o
         0          0          0          0          0          0   entry10a.o
         0          0          0          0          0          0   entry11a.o
         8          4          0          0          0          0   entry2.o
         4          0          0          0          0          0   entry5.o
         0          0          0          0          0          0   entry7b.o
         0          0          0          0          0          0   entry8b.o
         8          4          0          0          0          0   entry9a.o
        30          0          0          0          0          0   handlers.o
        36          8          0          0          0         68   init.o
         0          0          0          0          0          0   iusefp.o
        30          0          0          0          0         68   llshl.o
        32          0          0          0          0         68   llushr.o
       222          0          0          0          0        100   ddiv.o
       182          0          0          0          0        176   depilogue.o
        62          0          0          0          0         80   dfixi.o
        34          0          0          0          0         76   dflti.o

    ----------------------------------------------------------------------
       650         16          0          0          0        636   Library Totals
         2          0          0          0          0          0   (incl. Padding)

    ----------------------------------------------------------------------

      Code (inc. data)   RO Data    RW Data    ZI Data      Debug   Library Name

       148         16          0          0          0        204   mc_w.l
       500          0          0          0          0        432   mf_w.l

    ----------------------------------------------------------------------
       650         16          0          0          0        636   Library Totals

    ----------------------------------------------------------------------

==============================================================================


      Code (inc. data)   RO Data    RW Data    ZI Data      Debug   

      6660        532        268         56       1096     324755   Grand Totals
      6660        532        268         56       1096     324755   ELF Image Totals
      6660        532        268         56          0          0   ROM Totals

==============================================================================

    Total RO  Size (Code + RO Data)                 6928 (   6.77kB)
    Total RW  Size (RW Data + ZI Data)              1152 (   1.13kB)
    Total ROM Size (Code + RO Data + RW Data)       6984 (   6.82kB)

==============================================================================

